Component: ARM Compiler 5.06 update 1 (build 61) Tool: armlink [4d35a8]

==============================================================================

Section Cross References

    advertiser_beacon.o(i.app_beacon_init) refers to rt_memcpy.o(.text) for __aeabi_memcpy
    advertiser_beacon.o(i.app_beacon_init) refers to advertiser_beacon.o(.bss) for .bss
    advertiser_beacon.o(i.app_beacon_start) refers to advertiser_beacon.o(i.encode_adv_packet) for encode_adv_packet
    advertiser_beacon.o(i.app_beacon_start) refers to advertiser_beacon.o(.bss) for .bss
    advertiser_beacon.o(i.app_beacon_stop) refers to advertiser_beacon.o(.bss) for .bss
    advertiser_beacon.o(i.encode_adv_packet) refers to rt_memcpy.o(.text) for __aeabi_memcpy
    advertiser_beacon.o(i.encode_adv_packet) refers to advertiser_beacon.o(.bss) for .bss
    main.o(i.advertising_init) refers to rt_memclr.o(.text) for __aeabi_memclr4
    main.o(i.advertising_init) refers to ble_advertising.o(i.ble_advertising_init) for ble_advertising_init
    main.o(i.advertising_init) refers to app_error.o(i.app_error_handler_bare) for app_error_handler_bare
    main.o(i.advertising_init) refers to main.o(.data) for .data
    main.o(i.advertising_init) refers to main.o(i.on_adv_evt) for on_adv_evt
    main.o(i.application_timers_start) refers to app_timer.o(i.app_timer_start) for app_timer_start
    main.o(i.application_timers_start) refers to app_error.o(i.app_error_handler_bare) for app_error_handler_bare
    main.o(i.application_timers_start) refers to main.o(.constdata) for .constdata
    main.o(i.assert_nrf_callback) refers to app_error.o(i.app_error_handler) for app_error_handler
    main.o(i.battery_level_meas_timeout_handler) refers to sensorsim.o(i.sensorsim_measure) for sensorsim_measure
    main.o(i.battery_level_meas_timeout_handler) refers to ble_bas.o(i.ble_bas_battery_level_update) for ble_bas_battery_level_update
    main.o(i.battery_level_meas_timeout_handler) refers to app_error.o(i.app_error_handler_bare) for app_error_handler_bare
    main.o(i.battery_level_meas_timeout_handler) refers to main.o(.bss) for .bss
    main.o(i.battery_level_meas_timeout_handler) refers to main.o(.data) for .data
    main.o(i.beacon_adv_init) refers to app_error.o(i.app_error_handler_bare) for app_error_handler_bare
    main.o(i.beacon_adv_init) refers to advertiser_beacon.o(i.app_beacon_init) for app_beacon_init
    main.o(i.beacon_adv_init) refers to main.o(.bss) for .bss
    main.o(i.beacon_adv_init) refers to main.o(.data) for .data
    main.o(i.beacon_adv_init) refers to main.o(i.beacon_advertiser_error_handler) for beacon_advertiser_error_handler
    main.o(i.beacon_advertiser_error_handler) refers to app_error.o(i.app_error_handler_bare) for app_error_handler_bare
    main.o(i.ble_evt_dispatch) refers to segger_rtt.o(i.SEGGER_RTT_WriteString) for SEGGER_RTT_WriteString
    main.o(i.ble_evt_dispatch) refers to device_manager_peripheral.o(i.dm_ble_evt_handler) for dm_ble_evt_handler
    main.o(i.ble_evt_dispatch) refers to ble_bas.o(i.ble_bas_on_ble_evt) for ble_bas_on_ble_evt
    main.o(i.ble_evt_dispatch) refers to ble_slope.o(i.ble_slope_on_ble_evt) for ble_slope_on_ble_evt
    main.o(i.ble_evt_dispatch) refers to ble_conn_params.o(i.ble_conn_params_on_ble_evt) for ble_conn_params_on_ble_evt
    main.o(i.ble_evt_dispatch) refers to main.o(i.on_ble_evt) for on_ble_evt
    main.o(i.ble_evt_dispatch) refers to ble_advertising.o(i.ble_advertising_on_ble_evt) for ble_advertising_on_ble_evt
    main.o(i.ble_evt_dispatch) refers to main.o(.bss) for .bss
    main.o(i.ble_stack_init) refers to softdevice_handler.o(i.softdevice_handler_init) for softdevice_handler_init
    main.o(i.ble_stack_init) refers to app_error.o(i.app_error_handler_bare) for app_error_handler_bare
    main.o(i.ble_stack_init) refers to softdevice_handler.o(i.softdevice_enable_get_default_config) for softdevice_enable_get_default_config
    main.o(i.ble_stack_init) refers to softdevice_handler.o(i.sd_check_ram_start) for sd_check_ram_start
    main.o(i.ble_stack_init) refers to softdevice_handler.o(i.softdevice_enable) for softdevice_enable
    main.o(i.ble_stack_init) refers to softdevice_handler.o(i.softdevice_ble_evt_handler_set) for softdevice_ble_evt_handler_set
    main.o(i.ble_stack_init) refers to softdevice_handler.o(i.softdevice_sys_evt_handler_set) for softdevice_sys_evt_handler_set
    main.o(i.ble_stack_init) refers to main.o(.constdata) for .constdata
    main.o(i.ble_stack_init) refers to main.o(.bss) for .bss
    main.o(i.ble_stack_init) refers to main.o(i.ble_evt_dispatch) for ble_evt_dispatch
    main.o(i.ble_stack_init) refers to main.o(i.sys_evt_dispatch) for sys_evt_dispatch
    main.o(i.bsp_event_handler) refers to main.o(i.sleep_mode_enter) for sleep_mode_enter
    main.o(i.bsp_event_handler) refers to app_error.o(i.app_error_handler_bare) for app_error_handler_bare
[...]
    i.pstorage_store                         0x0001efb0   Section        0  pstorage.o(i.pstorage_store)
    i.pstorage_sys_event_handler             0x0001f040   Section        0  pstorage.o(i.pstorage_sys_event_handler)
    i.pstorage_update                        0x0001f08c   Section        0  pstorage.o(i.pstorage_update)
    i.rr_interval_timeout_handler            0x0001f11c   Section        0  main.o(i.rr_interval_timeout_handler)
    rr_interval_timeout_handler              0x0001f11d   Thumb Code    32  main.o(i.rr_interval_timeout_handler)
    i.rtc1_stop                              0x0001f144   Section        0  app_timer.o(i.rtc1_stop)
    rtc1_stop                                0x0001f145   Thumb Code    50  app_timer.o(i.rtc1_stop)
    i.rx_byte                                0x0001f188   Section        0  nrf_drv_uart.o(i.rx_byte)
    rx_byte                                  0x0001f189   Thumb Code    42  nrf_drv_uart.o(i.rx_byte)
    i.rx_done_event                          0x0001f1c0   Section        0  nrf_drv_uart.o(i.rx_done_event)
    rx_done_event                            0x0001f1c1   Thumb Code    22  nrf_drv_uart.o(i.rx_done_event)
    i.sd_check_ram_start                     0x0001f1dc   Section        0  softdevice_handler.o(i.sd_check_ram_start)
    i.sd_nvic_EnableIRQ                      0x0001f1ec   Section        0  softdevice_handler.o(i.sd_nvic_EnableIRQ)
    sd_nvic_EnableIRQ                        0x0001f1ed   Thumb Code   116  softdevice_handler.o(i.sd_nvic_EnableIRQ)
    i.sensor_contact_detected_timeout_handler 0x0001f278   Section        0  main.o(i.sensor_contact_detected_timeout_handler)
    sensor_contact_detected_timeout_handler  0x0001f279   Thumb Code    20  main.o(i.sensor_contact_detected_timeout_handler)
    i.sensor_simulator_init                  0x0001f294   Section        0  main.o(i.sensor_simulator_init)
    sensor_simulator_init                    0x0001f295   Thumb Code   108  main.o(i.sensor_simulator_init)
    i.sensorsim_decrement                    0x0001f308   Section        0  sensorsim.o(i.sensorsim_decrement)
    i.sensorsim_increment                    0x0001f324   Section        0  sensorsim.o(i.sensorsim_increment)
    i.sensorsim_init                         0x0001f340   Section        0  sensorsim.o(i.sensorsim_init)
    i.sensorsim_measure                      0x0001f358   Section        0  sensorsim.o(i.sensorsim_measure)
    i.service_data_encode                    0x0001f372   Section        0  ble_advdata.o(i.service_data_encode)
    service_data_encode                      0x0001f373   Thumb Code   142  ble_advdata.o(i.service_data_encode)
    i.services_init                          0x0001f400   Section        0  main.o(i.services_init)
    services_init                            0x0001f401   Thumb Code   248  main.o(i.services_init)
    i.sleep_mode_enter                       0x0001f544   Section        0  main.o(i.sleep_mode_enter)
    sleep_mode_enter                         0x0001f545   Thumb Code    40  main.o(i.sleep_mode_enter)
    i.slope_level_char_add                   0x0001f56c   Section        0  ble_slope.o(i.slope_level_char_add)
    slope_level_char_add                     0x0001f56d   Thumb Code   302  ble_slope.o(i.slope_level_char_add)
    i.slope_level_meas_timeout_handler       0x0001f6a4   Section        0  main.o(i.slope_level_meas_timeout_handler)
    slope_level_meas_timeout_handler         0x0001f6a5   Thumb Code    46  main.o(i.slope_level_meas_timeout_handler)
    i.sm_state_change                        0x0001f6e4   Section        0  pstorage.o(i.sm_state_change)
    sm_state_change                          0x0001f6e5   Thumb Code    62  pstorage.o(i.sm_state_change)
    i.softdevice_ble_evt_handler_set         0x0001f72c   Section        0  softdevice_handler.o(i.softdevice_ble_evt_handler_set)
    i.softdevice_enable                      0x0001f740   Section        0  softdevice_handler.o(i.softdevice_enable)
    i.softdevice_enable_get_default_config   0x0001f754   Section        0  softdevice_handler.o(i.softdevice_enable_get_default_config)
    i.softdevice_fault_handler               0x0001f77e   Section        0  softdevice_handler.o(i.softdevice_fault_handler)
    i.softdevice_handler_init                0x0001f788   Section        0  softdevice_handler.o(i.softdevice_handler_init)
    i.softdevice_sys_evt_handler_set         0x0001f7bc   Section        0  softdevice_handler.o(i.softdevice_sys_evt_handler_set)
    i.state_data_erase_swap_entry_run        0x0001f7d0   Section        0  pstorage.o(i.state_data_erase_swap_entry_run)
    state_data_erase_swap_entry_run          0x0001f7d1   Thumb Code    92  pstorage.o(i.state_data_erase_swap_entry_run)
    i.state_erase_data_page_entry_run        0x0001f834   Section        0  pstorage.o(i.state_erase_data_page_entry_run)
    state_erase_data_page_entry_run          0x0001f835   Thumb Code    12  pstorage.o(i.state_erase_data_page_entry_run)
    i.state_restore_head_entry_run           0x0001f844   Section        0  pstorage.o(i.state_restore_head_entry_run)
    state_restore_head_entry_run             0x0001f845   Thumb Code    36  pstorage.o(i.state_restore_head_entry_run)
    i.state_restore_tail_entry_run           0x0001f86c   Section        0  pstorage.o(i.state_restore_tail_entry_run)
    state_restore_tail_entry_run             0x0001f86d   Thumb Code    66  pstorage.o(i.state_restore_tail_entry_run)
    i.state_swap_erase_entry_run             0x0001f8b8   Section        0  pstorage.o(i.state_swap_erase_entry_run)
    state_swap_erase_entry_run               0x0001f8b9   Thumb Code    32  pstorage.o(i.state_swap_erase_entry_run)
    i.state_write_data_swap_entry_run        0x0001f8d8   Section        0  pstorage.o(i.state_write_data_swap_entry_run)
    state_write_data_swap_entry_run          0x0001f8d9   Thumb Code    42  pstorage.o(i.state_write_data_swap_entry_run)
    i.storage_operation_dummy_handler        0x0001f908   Section        0  device_manager_peripheral.o(i.storage_operation_dummy_handler)
    storage_operation_dummy_handler          0x0001f909   Thumb Code     4  device_manager_peripheral.o(i.storage_operation_dummy_handler)
    i.store_cmd_flash_write_execute          0x0001f90c   Section        0  pstorage.o(i.store_cmd_flash_write_execute)
    store_cmd_flash_write_execute            0x0001f90d   Thumb Code    82  pstorage.o(i.store_cmd_flash_write_execute)
    i.swap_erase_state_run                   0x0001f968   Section        0  pstorage.o(i.swap_erase_state_run)
    swap_erase_state_run                     0x0001f969   Thumb Code    24  pstorage.o(i.swap_erase_state_run)
    i.swap_sub_state_err_busy_process        0x0001f984   Section        0  pstorage.o(i.swap_sub_state_err_busy_process)
    swap_sub_state_err_busy_process          0x0001f985   Thumb Code    20  pstorage.o(i.swap_sub_state_err_busy_process)
    i.swap_sub_state_state_change            0x0001f99c   Section        0  pstorage.o(i.swap_sub_state_state_change)
    swap_sub_state_state_change              0x0001f99d   Thumb Code    12  pstorage.o(i.swap_sub_state_state_change)
    i.sys_evt_dispatch                       0x0001f9b0   Section        0  main.o(i.sys_evt_dispatch)
    sys_evt_dispatch                         0x0001f9b1   Thumb Code    22  main.o(i.sys_evt_dispatch)
    i.tail_restore_state_run                 0x0001f9c8   Section        0  pstorage.o(i.tail_restore_state_run)
    tail_restore_state_run                   0x0001f9c9   Thumb Code    22  pstorage.o(i.tail_restore_state_run)
    i.timer_list_handler                     0x0001f9e4   Section        0  app_timer.o(i.timer_list_handler)
    timer_list_handler                       0x0001f9e5   Thumb Code   128  app_timer.o(i.timer_list_handler)
    i.timer_list_handler_sched               0x0001fa68   Section        0  app_timer.o(i.timer_list_handler_sched)
    timer_list_handler_sched                 0x0001fa69   Thumb Code    10  app_timer.o(i.timer_list_handler_sched)
    i.timer_list_insert                      0x0001fa78   Section        0  app_timer.o(i.timer_list_insert)
    timer_list_insert                        0x0001fa79   Thumb Code    60  app_timer.o(i.timer_list_insert)
    i.timer_timeouts_check                   0x0001fab8   Section        0  app_timer.o(i.timer_timeouts_check)
    timer_timeouts_check                     0x0001fab9   Thumb Code   118  app_timer.o(i.timer_timeouts_check)
    i.timers_init                            0x0001fb38   Section        0  main.o(i.timers_init)
    timers_init                              0x0001fb39   Thumb Code    94  main.o(i.timers_init)
    i.tx_byte                                0x0001fbb0   Section        0  nrf_drv_uart.o(i.tx_byte)
    tx_byte                                  0x0001fbb1   Thumb Code    30  nrf_drv_uart.o(i.tx_byte)
    i.tx_done_event                          0x0001fbdc   Section        0  nrf_drv_uart.o(i.tx_done_event)
    tx_done_event                            0x0001fbdd   Thumb Code    26  nrf_drv_uart.o(i.tx_done_event)
    i.uart_irq_handler                       0x0001fbfc   Section        0  nrf_drv_uart.o(i.uart_irq_handler)
    uart_irq_handler                         0x0001fbfd   Thumb Code   278  nrf_drv_uart.o(i.uart_irq_handler)
    i.uint16_encode                          0x0001fd24   Section        0  ble_advdata.o(i.uint16_encode)
    uint16_encode                            0x0001fd25   Thumb Code    10  ble_advdata.o(i.uint16_encode)
    i.update_status_bit_reset                0x0001fd30   Section        0  device_manager_peripheral.o(i.update_status_bit_reset)
    update_status_bit_reset                  0x0001fd31   Thumb Code    14  device_manager_peripheral.o(i.update_status_bit_reset)
    i.update_timeout_handler                 0x0001fd44   Section        0  ble_conn_params.o(i.update_timeout_handler)
    update_timeout_handler                   0x0001fd45   Thumb Code    86  ble_conn_params.o(i.update_timeout_handler)
    i.user_id_get                            0x0001fda8   Section        0  app_timer.o(i.user_id_get)
    user_id_get                              0x0001fda9   Thumb Code    76  app_timer.o(i.user_id_get)
    i.user_op_alloc                          0x0001fdfc   Section        0  app_timer.o(i.user_op_alloc)
    user_op_alloc                            0x0001fdfd   Thumb Code    38  app_timer.o(i.user_op_alloc)
    i.uuid_list_encode                       0x0001fe22   Section        0  ble_advdata.o(i.uuid_list_encode)
    uuid_list_encode                         0x0001fe23   Thumb Code    48  ble_advdata.o(i.uuid_list_encode)
    i.uuid_list_sized_encode                 0x0001fe52   Section        0  ble_advdata.o(i.uuid_list_sized_encode)
    uuid_list_sized_encode                   0x0001fe53   Thumb Code   174  ble_advdata.o(i.uuid_list_sized_encode)
    i.whitelist_has_entries                  0x0001ff00   Section        0  ble_advertising.o(i.whitelist_has_entries)
    whitelist_has_entries                    0x0001ff01   Thumb Code    16  ble_advertising.o(i.whitelist_has_entries)
    .constdata                               0x0001ff10   Section       20  main.o(.constdata)
    m_battery_timer_id                       0x0001ff10   Data           4  main.o(.constdata)
    m_slope_timer_id                         0x0001ff14   Data           4  main.o(.constdata)
    m_rr_interval_timer_id                   0x0001ff18   Data           4  main.o(.constdata)
    m_sensor_contact_timer_id                0x0001ff1c   Data           4  main.o(.constdata)
    .constdata                               0x0001ff24   Section       60  bsp.o(.constdata)
    m_leds_timer_id                          0x0001ff24   Data           4  bsp.o(.constdata)
    m_alert_timer_id                         0x0001ff28   Data           4  bsp.o(.constdata)
    m_button_timer_id                        0x0001ff2c   Data           4  bsp.o(.constdata)
    m_buttons_list                           0x0001ff30   Data          16  bsp.o(.constdata)
    app_buttons                              0x0001ff40   Data          32  bsp.o(.constdata)
    .constdata                               0x0001ff60   Section        4  ble_conn_params.o(.constdata)
    m_conn_params_timer_id                   0x0001ff60   Data           4  ble_conn_params.o(.constdata)
    .constdata                               0x0001ff64   Section       48  device_manager_peripheral.o(.constdata)
    .constdata                               0x0001ff94   Section       40  pstorage.o(.constdata)
    swap_sub_state_sm_lut                    0x0001ff94   Data          20  pstorage.o(.constdata)
    swap_sub_state_sm_lut                    0x0001ffa8   Data          20  pstorage.o(.constdata)
    .constdata                               0x0001ffbc   Section        8  app_button.o(.constdata)
    m_detection_delay_timer_id               0x0001ffbc   Data           4  app_button.o(.constdata)
    .conststring                             0x0001ffc4   Section        9  segger_rtt.o(.conststring)
    .data                                    0x20002080   Section       72  main.o(.data)
    m_rr_interval_enabled                    0x20002080   Data           1  main.o(.data)
    sensor_contact_detected                  0x20002081   Data           1  main.o(.data)
    m_app_handle                             0x20002082   Data           1  main.o(.data)
    m_conn_handle                            0x20002084   Data           2  main.o(.data)
    m_battery_sim_state                      0x20002088   Data           8  main.o(.data)
    m_slope_sim_state                        0x20002090   Data           8  main.o(.data)
    m_heart_rate_sim_state                   0x20002098   Data           8  main.o(.data)
    m_rr_interval_sim_state                  0x200020a0   Data           8  main.o(.data)
    m_adv_uuids                              0x200020a8   Data          16  main.o(.data)
    beacon_uuid                              0x200020b8   Data          16  main.o(.data)
    .data                                    0x200020c8   Section       24  bsp.o(.data)
    m_stable_state                           0x200020c8   Data           1  bsp.o(.data)
    current_long_push_pin_no                 0x200020c9   Data           1  bsp.o(.data)
    m_app_ticks_per_100ms                    0x200020cc   Data           4  bsp.o(.data)
    m_indication_type                        0x200020d0   Data           4  bsp.o(.data)
    m_alert_mask                             0x200020d4   Data           4  bsp.o(.data)
    m_registered_callback                    0x200020d8   Data           4  bsp.o(.data)
    release_event_at_push                    0x200020dc   Data           4  bsp.o(.data)
    .data                                    0x200020e0   Section        8  bsp_btn_ble.o(.data)
    m_error_handler                          0x200020e0   Data           4  bsp_btn_ble.o(.data)
    m_num_connections                        0x200020e4   Data           4  bsp_btn_ble.o(.data)
    .data                                    0x200020e8   Section       31  ble_advertising.o(.data)
    m_advertising_start_pending              0x200020e8   Data           1  ble_advertising.o(.data)
    m_whitelist_temporarily_disabled         0x200020e9   Data           1  ble_advertising.o(.data)
    m_whitelist_reply_expected               0x200020ea   Data           1  ble_advertising.o(.data)
    m_peer_addr_reply_expected               0x200020eb   Data           1  ble_advertising.o(.data)
    m_adv_evt                                0x200020ec   Data           1  ble_advertising.o(.data)
    m_adv_mode_current                       0x200020ed   Data           1  ble_advertising.o(.data)
    m_tx_power_level                         0x200020ee   Data           1  ble_advertising.o(.data)
    current_slave_link_conn_handle           0x200020f0   Data           2  ble_advertising.o(.data)
    m_evt_handler                            0x200020f4   Data           4  ble_advertising.o(.data)
    m_error_handler                          0x200020f8   Data           4  ble_advertising.o(.data)
    m_slave_conn_int                         0x200020fc   Data           4  ble_advertising.o(.data)
    m_peer_address                           0x20002100   Data           7  ble_advertising.o(.data)
    .data                                    0x20002108   Section       20  ble_conn_params.o(.data)
    m_change_param                           0x20002108   Data           1  ble_conn_params.o(.data)
    m_update_count                           0x20002109   Data           1  ble_conn_params.o(.data)
    m_conn_handle                            0x2000210a   Data           2  ble_conn_params.o(.data)
    m_preferred_conn_params                  0x2000210c   Data           8  ble_conn_params.o(.data)
    m_current_conn_params                    0x20002114   Data           8  ble_conn_params.o(.data)
    .data                                    0x2000211c   Section       74  ble_dis.o(.data)
    service_handle                           0x2000211c   Data           2  ble_dis.o(.data)
    manufact_name_handles                    0x2000211e   Data           8  ble_dis.o(.data)
    model_num_handles                        0x20002126   Data           8  ble_dis.o(.data)
    serial_num_handles                       0x2000212e   Data           8  ble_dis.o(.data)
    hw_rev_handles                           0x20002136   Data           8  ble_dis.o(.data)
    fw_rev_handles                           0x2000213e   Data           8  ble_dis.o(.data)
    sw_rev_handles                           0x20002146   Data           8  ble_dis.o(.data)
    sys_id_handles                           0x2000214e   Data           8  ble_dis.o(.data)
    reg_cert_data_list_handles               0x20002156   Data           8  ble_dis.o(.data)
    pnp_id_handles                           0x2000215e   Data           8  ble_dis.o(.data)
    .data                                    0x20002168   Section       24  device_manager_peripheral.o(.data)
    m_module_initialized                     0x20002168   Data           1  device_manager_peripheral.o(.data)
    m_peer_addr_update                       0x2000216c   Data           4  device_manager_peripheral.o(.data)
    m_irk_index_table                        0x20002170   Data           7  device_manager_peripheral.o(.data)
    m_storage_handle                         0x20002178   Data           8  device_manager_peripheral.o(.data)
    .data                                    0x20002180   Section       36  pstorage.o(.data)
    m_state                                  0x20002180   Data           1  pstorage.o(.data)
    m_swap_sub_state                         0x20002181   Data           1  pstorage.o(.data)
    m_next_app_instance                      0x20002182   Data           2  pstorage.o(.data)
    m_flags                                  0x20002184   Data           4  pstorage.o(.data)
    m_next_page_addr                         0x20002188   Data           4  pstorage.o(.data)
    m_head_word_size                         0x2000218c   Data           4  pstorage.o(.data)
    m_tail_word_size                         0x20002190   Data           4  pstorage.o(.data)
    m_current_page_id                        0x20002194   Data           4  pstorage.o(.data)
    m_num_of_command_retries                 0x20002198   Data           4  pstorage.o(.data)
    m_num_of_bytes_written                   0x2000219c   Data           4  pstorage.o(.data)
    m_app_data_size                          0x200021a0   Data           4  pstorage.o(.data)
    .data                                    0x200021a4   Section       20  app_button.o(.data)
    m_button_count                           0x200021a4   Data           1  app_button.o(.data)
    mp_buttons                               0x200021a8   Data           4  app_button.o(.data)
    m_detection_delay                        0x200021ac   Data           4  app_button.o(.data)
    m_pin_state                              0x200021b0   Data           4  app_button.o(.data)
    m_pin_transition                         0x200021b4   Data           4  app_button.o(.data)
    .data                                    0x200021b8   Section       32  app_timer.o(.data)
    m_user_array_size                        0x200021b8   Data           1  app_timer.o(.data)
    m_ticks_elapsed_q_read_ind               0x200021b9   Data           1  app_timer.o(.data)
    m_ticks_elapsed_q_write_ind              0x200021ba   Data           1  app_timer.o(.data)
    m_rtc1_running                           0x200021bb   Data           1  app_timer.o(.data)
    m_rtc1_reset                             0x200021bc   Data           1  app_timer.o(.data)
    mp_users                                 0x200021c0   Data           4  app_timer.o(.data)
    mp_timer_id_head                         0x200021c4   Data           4  app_timer.o(.data)
    m_ticks_latest                           0x200021c8   Data           4  app_timer.o(.data)
    m_evt_schedule_func                      0x200021cc   Data           4  app_timer.o(.data)
    m_ticks_elapsed                          0x200021d0   Data           8  app_timer.o(.data)
    .data                                    0x200021d8   Section       28  softdevice_handler.o(.data)
    m_softdevice_enabled                     0x200021d8   Data           1  softdevice_handler.o(.data)
    m_ble_evt_buffer_size                    0x200021da   Data           2  softdevice_handler.o(.data)
    m_evt_schedule_func                      0x200021dc   Data           4  softdevice_handler.o(.data)
    mp_ble_evt_buffer                        0x200021e0   Data           4  softdevice_handler.o(.data)
    m_ble_evt_handler                        0x200021e4   Data           4  softdevice_handler.o(.data)
    m_sys_evt_handler                        0x200021e8   Data           4  softdevice_handler.o(.data)
    .data                                    0x200021f4   Section      124  segger_rtt.o(.data)
    _ActiveTerminal                          0x200021f4   Data           1  segger_rtt.o(.data)
    _SEGGER_RTT                              0x200021f8   Data         120  segger_rtt.o(.data)
    .data                                    0x20002270   Section        4  system_nrf51.o(.data)
    __tagsym$$used                           0x20002270   Number         0  system_nrf51.o(.data)
    .bss                                     0x20002274   Section       60  advertiser_beacon.o(.bss)
    m_beacon                                 0x20002274   Data          60  advertiser_beacon.o(.bss)
    .bss                                     0x200022b0   Section       32  main.o(.bss)
    m_battery_timer_id_data                  0x200022b0   Data          32  main.o(.bss)
    .bss                                     0x200022d0   Section       32  main.o(.bss)
    m_slope_timer_id_data                    0x200022d0   Data          32  main.o(.bss)
    .bss                                     0x200022f0   Section       32  main.o(.bss)
    m_rr_interval_timer_id_data              0x200022f0   Data          32  main.o(.bss)
    .bss                                     0x20002310   Section       32  main.o(.bss)
    m_sensor_contact_timer_id_data           0x20002310   Data          32  main.o(.bss)
    .bss                                     0x20002330   Section      760  main.o(.bss)
    APP_TIMER_BUF                            0x20002330   Data         456  main.o(.bss)
    BLE_EVT_BUFFER                           0x200024f8   Data          72  main.o(.bss)
    beacon_init                              0x20002540   Data          40  main.o(.bss)
    m_bas                                    0x20002568   Data          24  main.o(.bss)
    m_hrs                                    0x20002580   Data          80  main.o(.bss)
    m_slope                                  0x200025d0   Data          24  main.o(.bss)
    m_battery_sim_cfg                        0x200025e8   Data          16  main.o(.bss)
    m_slope_sim_cfg                          0x200025f8   Data          16  main.o(.bss)
    m_heart_rate_sim_cfg                     0x20002608   Data          16  main.o(.bss)
    m_rr_interval_sim_cfg                    0x20002618   Data          16  main.o(.bss)
    .bss                                     0x20002628   Section       32  bsp.o(.bss)
    m_leds_timer_id_data                     0x20002628   Data          32  bsp.o(.bss)
    .bss                                     0x20002648   Section       32  bsp.o(.bss)
    m_alert_timer_id_data                    0x20002648   Data          32  bsp.o(.bss)
    .bss                                     0x20002668   Section       12  bsp.o(.bss)
    m_events_list                            0x20002668   Data          12  bsp.o(.bss)
    .bss                                     0x20002674   Section       32  bsp.o(.bss)
    m_button_timer_id_data                   0x20002674   Data          32  bsp.o(.bss)
    .bss                                     0x20002694   Section      259  ble_advertising.o(.bss)
    m_advdata                                0x20002694   Data          56  ble_advertising.o(.bss)
    m_adv_modes_config                       0x200026cc   Data          36  ble_advertising.o(.bss)
    m_whitelist                              0x200026f0   Data          16  ble_advertising.o(.bss)
    mp_whitelist_addr                        0x20002700   Data          32  ble_advertising.o(.bss)
    mp_whitelist_irk                         0x20002720   Data          32  ble_advertising.o(.bss)
    m_manuf_specific_data                    0x20002740   Data          12  ble_advertising.o(.bss)
    m_manuf_data_array                       0x2000274c   Data          31  ble_advertising.o(.bss)
    m_service_data                           0x2000276c   Data          12  ble_advertising.o(.bss)
    m_service_data_array                     0x20002778   Data          31  ble_advertising.o(.bss)
    .bss                                     0x20002798   Section       32  ble_conn_params.o(.bss)
    m_conn_params_timer_id_data              0x20002798   Data          32  ble_conn_params.o(.bss)
    .bss                                     0x200027b8   Section       28  ble_conn_params.o(.bss)
    m_conn_params_config                     0x200027b8   Data          28  ble_conn_params.o(.bss)
    .bss                                     0x200027d4   Section      295  device_manager_peripheral.o(.bss)
    m_peer_table                             0x200027d4   Data         196  device_manager_peripheral.o(.bss)
    m_bond_table                             0x20002898   Data          28  device_manager_peripheral.o(.bss)
    m_gatts_table                            0x200028b4   Data          24  device_manager_peripheral.o(.bss)
    m_connection_table                       0x200028cc   Data          12  device_manager_peripheral.o(.bss)
    m_application_table                      0x200028d8   Data          12  device_manager_peripheral.o(.bss)
    m_local_id_info                          0x200028e4   Data          23  device_manager_peripheral.o(.bss)
    .bss                                     0x200028fc   Section       72  nrf_drv_gpiote.o(.bss)
    m_cb                                     0x200028fc   Data          72  nrf_drv_gpiote.o(.bss)
    .bss                                     0x20002944   Section       28  nrf_drv_uart.o(.bss)
    m_cb                                     0x20002944   Data          28  nrf_drv_uart.o(.bss)
    .bss                                     0x20002960   Section      216  pstorage.o(.bss)
    m_cmd_queue                              0x20002960   Data         204  pstorage.o(.bss)
    m_app_table                              0x20002a2c   Data          12  pstorage.o(.bss)
    .bss                                     0x20002a38   Section       32  app_button.o(.bss)
    m_detection_delay_timer_id_data          0x20002a38   Data          32  app_button.o(.bss)
    .bss                                     0x20002a58   Section       88  fstorage.o(.bss)
    m_queue                                  0x20002a58   Data          88  fstorage.o(.bss)
    .bss                                     0x20002ab0   Section     1024  segger_rtt.o(.bss)
    _acUpBuffer                              0x20002ab0   Data        1024  segger_rtt.o(.bss)
    .bss                                     0x20002eb0   Section       16  segger_rtt.o(.bss)
    _acDownBuffer                            0x20002eb0   Data          16  segger_rtt.o(.bss)
    .bss                                     0x20002ec0   Section       96  libspace.o(.bss)
    HEAP                                     0x20002f20   Section     2048  arm_startup_nrf51.o(HEAP)
    Heap_Mem                                 0x20002f20   Data        2048  arm_startup_nrf51.o(HEAP)
    STACK                                    0x20003720   Section     2048  arm_startup_nrf51.o(STACK)
    Stack_Mem                                0x20003720   Data        2048  arm_startup_nrf51.o(STACK)
    __initial_sp                             0x20003f20   Data           0  arm_startup_nrf51.o(STACK)

    Global Symbols

    Symbol Name                              Value     Ov Type        Size  Object(Section)

    BuildAttributes$$THM_ISAv3M$S$PE$A:L22$X:L11$S22$IEEE1$IW$USESV6$~STKCKD$USESV7$~SHL$OTIME$ROPI$IEEEJ$EBA8$UX$STANDARDLIB$REQ8$PRES8$EABIv2 0x00000000   Number         0  anon$$obj.o ABSOLUTE
    __ARM_use_no_argv                        0x00000000   Number         0  main.o ABSOLUTE
    _printf_flags                            0x00000000   Number         0  printf_stubs.o ABSOLUTE
    _printf_return_value                     0x00000000   Number         0  printf_stubs.o ABSOLUTE
    _printf_sizespec                         0x00000000   Number         0  printf_stubs.o ABSOLUTE
    _printf_widthprec                        0x00000000   Number         0  printf_stubs.o ABSOLUTE
    __ARM_exceptions_init                     - Undefined Weak Reference
    __alloca_initialize                       - Undefined Weak Reference
    __arm_preinit_                            - Undefined Weak Reference
    __cpp_initialize__aeabi_                  - Undefined Weak Reference
    __cxa_finalize                            - Undefined Weak Reference
    __sigvec_lookup                           - Undefined Weak Reference
    __user_heap_extent                        - Undefined Weak Reference
    _atexit_init                              - Undefined Weak Reference
    _call_atexit_fns                          - Undefined Weak Reference
    _clock_init                               - Undefined Weak Reference
    _fp_trap_init                             - Undefined Weak Reference
    _fp_trap_shutdown                         - Undefined Weak Reference
    _get_lc_collate                           - Undefined Weak Reference
    _get_lc_monetary                          - Undefined Weak Reference
    _get_lc_time                              - Undefined Weak Reference
    _getenv_init                              - Undefined Weak Reference
    _handle_redirection                       - Undefined Weak Reference
    _mutex_acquire                            - Undefined Weak Reference
    _mutex_free                               - Undefined Weak Reference
    _mutex_release                            - Undefined Weak Reference
    _printf_mbtowc                            - Undefined Weak Reference
    _printf_wc                                - Undefined Weak Reference
    _rand_init                                - Undefined Weak Reference
    _signal_finish                            - Undefined Weak Reference
    _signal_init                              - Undefined Weak Reference
    fs_data$$Base                             - Undefined Reference
    fs_data$$Limit                            - Undefined Reference
    __Vectors_Size                           0x000000c0   Number         0  arm_startup_nrf51.o ABSOLUTE
    __Vectors                                0x0001b000   Data           4  arm_startup_nrf51.o(RESET)
    __Vectors_End                            0x0001b0c0   Data           0  arm_startup_nrf51.o(RESET)
    __main                                   0x0001b0c1   Thumb Code     8  __main.o(!!!main)
    __scatterload                            0x0001b0c9   Thumb Code     0  __scatter.o(!!!scatter)
    __scatterload_rt2                        0x0001b0c9   Thumb Code    52  __scatter.o(!!!scatter)
    __scatterload_rt2_thumb_only             0x0001b0c9   Thumb Code     0  __scatter.o(!!!scatter)
    __scatterload_null                       0x0001b0d9   Thumb Code     0  __scatter.o(!!!scatter)
    __scatterload_zeroinit                   0x0001b105   Thumb Code    28  __scatter_zi.o(!!handler_zi)
    __rt_lib_init                            0x0001b121   Thumb Code     0  libinit.o(.ARM.Collect$$libinit$$00000000)
    __rt_lib_init_alloca_1                   0x0001b123   Thumb Code     0  libinit2.o(.ARM.Collect$$libinit$$0000002E)
    __rt_lib_init_argv_1                     0x0001b123   Thumb Code     0  libinit2.o(.ARM.Collect$$libinit$$0000002C)
    __rt_lib_init_atexit_1                   0x0001b123   Thumb Code     0  libinit2.o(.ARM.Collect$$libinit$$0000001B)
    __rt_lib_init_clock_1                    0x0001b123   Thumb Code     0  libinit2.o(.ARM.Collect$$libinit$$00000021)
    __rt_lib_init_cpp_1                      0x0001b123   Thumb Code     0  libinit2.o(.ARM.Collect$$libinit$$00000032)
    __rt_lib_init_exceptions_1               0x0001b123   Thumb Code     0  libinit2.o(.ARM.Collect$$libinit$$00000030)
    __rt_lib_init_fp_1                       0x0001b123   Thumb Code     0  libinit2.o(.ARM.Collect$$libinit$$00000002)
    __rt_lib_init_fp_trap_1                  0x0001b123   Thumb Code     0  libinit2.o(.ARM.Collect$$libinit$$0000001F)
    __rt_lib_init_getenv_1                   0x0001b123   Thumb Code     0  libinit2.o(.ARM.Collect$$libinit$$00000023)
    __rt_lib_init_heap_1                     0x0001b123   Thumb Code     0  libinit2.o(.ARM.Collect$$libinit$$0000000A)
    __rt_lib_init_lc_collate_1               0x0001b123   Thumb Code     0  libinit2.o(.ARM.Collect$$libinit$$00000011)
    __rt_lib_init_lc_ctype_1                 0x0001b123   Thumb Code     0  libinit2.o(.ARM.Collect$$libinit$$00000013)
    __rt_lib_init_lc_monetary_1              0x0001b123   Thumb Code     0  libinit2.o(.ARM.Collect$$libinit$$00000015)
    __rt_lib_init_lc_numeric_1               0x0001b123   Thumb Code     0  libinit2.o(.ARM.Collect$$libinit$$00000017)
    __rt_lib_init_lc_time_1                  0x0001b123   Thumb Code     0  libinit2.o(.ARM.Collect$$libinit$$00000019)
    __rt_lib_init_preinit_1                  0x0001b123   Thumb Code     0  libinit2.o(.ARM.Collect$$libinit$$00000004)
    __rt_lib_init_rand_1                     0x0001b123   Thumb Code     0  libinit2.o(.ARM.Collect$$libinit$$0000000E)
    __rt_lib_init_return                     0x0001b123   Thumb Code     0  libinit2.o(.ARM.Collect$$libinit$$00000033)
    __rt_lib_init_signal_1                   0x0001b123   Thumb Code     0  libinit2.o(.ARM.Collect$$libinit$$0000001D)
    __rt_lib_init_stdio_1                    0x0001b123   Thumb Code     0  libinit2.o(.ARM.Collect$$libinit$$00000025)
    __rt_lib_init_user_alloc_1               0x0001b123   Thumb Code     0  libinit2.o(.ARM.Collect$$libinit$$0000000C)
    __rt_lib_shutdown                        0x0001b125   Thumb Code     0  libshutdown.o(.ARM.Collect$$libshutdown$$00000000)
    __rt_lib_shutdown_cpp_1                  0x0001b127   Thumb Code     0  libshutdown2.o(.ARM.Collect$$libshutdown$$00000002)
    __rt_lib_shutdown_fp_trap_1              0x0001b127   Thumb Code     0  libshutdown2.o(.ARM.Collect$$libshutdown$$00000007)
    __rt_lib_shutdown_heap_1                 0x0001b127   Thumb Code     0  libshutdown2.o(.ARM.Collect$$libshutdown$$0000000F)
    __rt_lib_shutdown_return                 0x0001b127   Thumb Code     0  libshutdown2.o(.ARM.Collect$$libshutdown$$00000010)
    __rt_lib_shutdown_signal_1               0x0001b127   Thumb Code     0  libshutdown2.o(.ARM.Collect$$libshutdown$$0000000A)
    __rt_lib_shutdown_stdio_1                0x0001b127   Thumb Code     0  libshutdown2.o(.ARM.Collect$$libshutdown$$00000004)
    __rt_lib_shutdown_user_alloc_1           0x0001b127   Thumb Code     0  libshutdown2.o(.ARM.Collect$$libshutdown$$0000000C)
    __rt_entry                               0x0001b129   Thumb Code     0  __rtentry.o(.ARM.Collect$$rtentry$$00000000)
    __rt_entry_presh_1                       0x0001b129   Thumb Code     0  __rtentry2.o(.ARM.Collect$$rtentry$$00000002)
    __rt_entry_sh                            0x0001b129   Thumb Code     0  __rtentry4.o(.ARM.Collect$$rtentry$$00000004)
    __rt_entry_li                            0x0001b12f   Thumb Code     0  __rtentry2.o(.ARM.Collect$$rtentry$$0000000A)
    __rt_entry_postsh_1                      0x0001b12f   Thumb Code     0  __rtentry2.o(.ARM.Collect$$rtentry$$00000009)
    __rt_entry_main                          0x0001b133   Thumb Code     0  __rtentry2.o(.ARM.Collect$$rtentry$$0000000D)
    __rt_entry_postli_1                      0x0001b133   Thumb Code     0  __rtentry2.o(.ARM.Collect$$rtentry$$0000000C)
    __rt_exit                                0x0001b13b   Thumb Code     0  rtexit.o(.ARM.Collect$$rtexit$$00000000)
    __rt_exit_ls                             0x0001b13d   Thumb Code     0  rtexit2.o(.ARM.Collect$$rtexit$$00000003)
    __rt_exit_prels_1                        0x0001b13d   Thumb Code     0  rtexit2.o(.ARM.Collect$$rtexit$$00000002)
    __rt_exit_exit                           0x0001b141   Thumb Code     0  rtexit2.o(.ARM.Collect$$rtexit$$00000004)
    __asm___11_app_timer_c_cd27f9c3__nrf_delay_us 0x0001b149   Thumb Code    30  app_timer.o(.emb_text)
    __aeabi_memcpy4                          0x0001b169   Thumb Code    56  rt_memcpy.o(.emb_text)
    __aeabi_memcpy8                          0x0001b169   Thumb Code     0  rt_memcpy.o(.emb_text)
    Reset_Handler                            0x0001b1a1   Thumb Code    26  arm_startup_nrf51.o(.text)
    NMI_Handler                              0x0001b1bb   Thumb Code     2  arm_startup_nrf51.o(.text)
    HardFault_Handler                        0x0001b1bd   Thumb Code     2  arm_startup_nrf51.o(.text)
    SVC_Handler                              0x0001b1bf   Thumb Code     2  arm_startup_nrf51.o(.text)
    PendSV_Handler                           0x0001b1c1   Thumb Code     2  arm_startup_nrf51.o(.text)
    SysTick_Handler                          0x0001b1c3   Thumb Code     2  arm_startup_nrf51.o(.text)
    ADC_IRQHandler                           0x0001b1c5   Thumb Code     0  arm_startup_nrf51.o(.text)
    CCM_AAR_IRQHandler                       0x0001b1c5   Thumb Code     0  arm_startup_nrf51.o(.text)
    ECB_IRQHandler                           0x0001b1c5   Thumb Code     0  arm_startup_nrf51.o(.text)
    LPCOMP_IRQHandler                        0x0001b1c5   Thumb Code     0  arm_startup_nrf51.o(.text)
    POWER_CLOCK_IRQHandler                   0x0001b1c5   Thumb Code     0  arm_startup_nrf51.o(.text)
    QDEC_IRQHandler                          0x0001b1c5   Thumb Code     0  arm_startup_nrf51.o(.text)
    RADIO_IRQHandler                         0x0001b1c5   Thumb Code     0  arm_startup_nrf51.o(.text)
    RNG_IRQHandler                           0x0001b1c5   Thumb Code     0  arm_startup_nrf51.o(.text)
    RTC0_IRQHandler                          0x0001b1c5   Thumb Code     0  arm_startup_nrf51.o(.text)
    SPI0_TWI0_IRQHandler                     0x0001b1c5   Thumb Code     0  arm_startup_nrf51.o(.text)
    SPI1_TWI1_IRQHandler                     0x0001b1c5   Thumb Code     0  arm_startup_nrf51.o(.text)
    SWI1_IRQHandler                          0x0001b1c5   Thumb Code     0  arm_startup_nrf51.o(.text)
    SWI3_IRQHandler                          0x0001b1c5   Thumb Code     0  arm_startup_nrf51.o(.text)
    SWI4_IRQHandler                          0x0001b1c5   Thumb Code     0  arm_startup_nrf51.o(.text)
    SWI5_IRQHandler                          0x0001b1c5   Thumb Code     0  arm_startup_nrf51.o(.text)
    TEMP_IRQHandler                          0x0001b1c5   Thumb Code     0  arm_startup_nrf51.o(.text)
    TIMER0_IRQHandler                        0x0001b1c5   Thumb Code     0  arm_startup_nrf51.o(.text)
    TIMER1_IRQHandler                        0x0001b1c5   Thumb Code     0  arm_startup_nrf51.o(.text)
    TIMER2_IRQHandler                        0x0001b1c5   Thumb Code     0  arm_startup_nrf51.o(.text)
    WDT_IRQHandler                           0x0001b1c5   Thumb Code     0  arm_startup_nrf51.o(.text)
    __user_initial_stackheap                 0x0001b1c9   Thumb Code    10  arm_startup_nrf51.o(.text)
    __use_no_semihosting                     0x0001b1f5   Thumb Code     2  use_no_semi_2.o(.text)
    memcmp                                   0x0001b1f7   Thumb Code    90  memcmp.o(.text)
    strlen                                   0x0001b251   Thumb Code    62  strlen.o(.text)
    __aeabi_memcpy                           0x0001b295   Thumb Code   130  rt_memcpy.o(.text)
    __rt_memcpy                              0x0001b295   Thumb Code     0  rt_memcpy.o(.text)
    __aeabi_memmove4                         0x0001b317   Thumb Code    70  rt_memmove.o(.text)
    __aeabi_memmove8                         0x0001b317   Thumb Code     0  rt_memmove.o(.text)
    __aeabi_memmove                          0x0001b35d   Thumb Code    80  rt_memmove.o(.text)
    __rt_memmove                             0x0001b35d   Thumb Code     0  rt_memmove.o(.text)
    _memset_w                                0x0001b3ad   Thumb Code    26  rt_memclr.o(.text)
    _memset                                  0x0001b3c7   Thumb Code    30  rt_memclr.o(.text)
    __aeabi_memclr                           0x0001b3e5   Thumb Code     4  rt_memclr.o(.text)
    __rt_memclr                              0x0001b3e5   Thumb Code     0  rt_memclr.o(.text)
    __aeabi_memclr4                          0x0001b3e9   Thumb Code     0  rt_memclr.o(.text)
    __aeabi_memclr8                          0x0001b3e9   Thumb Code     0  rt_memclr.o(.text)
    __rt_memclr_w                            0x0001b3e9   Thumb Code     4  rt_memclr.o(.text)
    __aeabi_uidiv                            0x0001b3ed   Thumb Code     0  aeabi_sdiv.o(.text)
    __aeabi_uidivmod                         0x0001b3ed   Thumb Code    20  aeabi_sdiv.o(.text)
    __aeabi_idiv                             0x0001b401   Thumb Code     0  aeabi_sdiv.o(.text)
    __aeabi_idivmod                          0x0001b401   Thumb Code   326  aeabi_sdiv.o(.text)
    __use_two_region_memory                  0x0001b547   Thumb Code     2  heapauxi.o(.text)
    __rt_heap_escrow                         0x0001b549   Thumb Code     2  heapauxi.o(.text)
    __rt_heap_expand                         0x0001b54b   Thumb Code     2  heapauxi.o(.text)
    __semihosting$guard                      0x0001b54d   Thumb Code     0  use_no_semi.o(.text)
    __use_no_semihosting_swi                 0x0001b54d   Thumb Code     2  use_no_semi.o(.text)
    __user_setup_stackheap                   0x0001b54f   Thumb Code    62  sys_stackheap_outer.o(.text)
    exit                                     0x0001b58d   Thumb Code    16  exit.o(.text)
    __user_libspace                          0x0001b59d   Thumb Code     8  libspace.o(.text)
    __user_perproc_libspace                  0x0001b59d   Thumb Code     0  libspace.o(.text)
    __user_perthread_libspace                0x0001b59d   Thumb Code     0  libspace.o(.text)
    __decompress                             0x0001b5a5   Thumb Code     0  __dczerorl2.o(.text)
    __decompress1                            0x0001b5a5   Thumb Code    86  __dczerorl2.o(.text)
    GPIOTE_IRQHandler                        0x0001b5fd   Thumb Code   312  nrf_drv_gpiote.o(i.GPIOTE_IRQHandler)
    RTC1_IRQHandler                          0x0001b795   Thumb Code    28  app_timer.o(i.RTC1_IRQHandler)
    SEGGER_RTT_Write                         0x0001b7b5   Thumb Code   140  segger_rtt.o(i.SEGGER_RTT_Write)
    SEGGER_RTT_WriteString                   0x0001b845   Thumb Code    30  segger_rtt.o(i.SEGGER_RTT_WriteString)
    SWI0_IRQHandler                          0x0001b863   Thumb Code     8  app_timer.o(i.SWI0_IRQHandler)
    SWI2_IRQHandler                          0x0001b86d   Thumb Code    28  softdevice_handler.o(i.SWI2_IRQHandler)
    SystemInit                               0x0001b88d   Thumb Code   130  system_nrf51.o(i.SystemInit)
    UART0_IRQHandler                         0x0001b92d   Thumb Code     8  nrf_drv_uart.o(i.UART0_IRQHandler)
    __ARM_common_switch8                     0x0001b935   Thumb Code    26  bsp.o(i.__ARM_common_switch8)
    _sys_exit                                0x0001b94f   Thumb Code     2  rtt_syscalls_keil.o(i._sys_exit)
    adv_data_encode                          0x0001b951   Thumb Code   534  ble_advdata.o(i.adv_data_encode)
    app_beacon_init                          0x0001bc19   Thumb Code    76  advertiser_beacon.o(i.app_beacon_init)
    app_beacon_on_sys_evt                    0x0001bc69   Thumb Code     2  advertiser_beacon.o(i.app_beacon_on_sys_evt)
    app_beacon_start                         0x0001bc6d   Thumb Code    56  advertiser_beacon.o(i.app_beacon_start)
    app_beacon_stop                          0x0001bca9   Thumb Code    18  advertiser_beacon.o(i.app_beacon_stop)
    app_button_enable                        0x0001bcc1   Thumb Code    32  app_button.o(i.app_button_enable)
    app_button_init                          0x0001bce5   Thumb Code   100  app_button.o(i.app_button_init)
    app_error_fault_handler                  0x0001bd59   Thumb Code    18  app_error_weak.o(i.app_error_fault_handler)
    app_error_handler_bare                   0x0001bd75   Thumb Code    20  app_error.o(i.app_error_handler_bare)
    app_timer_create                         0x0001bde5   Thumb Code    40  app_timer.o(i.app_timer_create)
    app_timer_init                           0x0001be11   Thumb Code   126  app_timer.o(i.app_timer_init)
    app_timer_start                          0x0001bea1   Thumb Code   114  app_timer.o(i.app_timer_start)
    app_timer_stop                           0x0001bf1d   Thumb Code    78  app_timer.o(i.app_timer_stop)
    ble_advdata_set                          0x0001c19d   Thumb Code   104  ble_advdata.o(i.ble_advdata_set)
    ble_advertising_init                     0x0001c205   Thumb Code   284  ble_advertising.o(i.ble_advertising_init)
    ble_advertising_on_ble_evt               0x0001c329   Thumb Code   118  ble_advertising.o(i.ble_advertising_on_ble_evt)
    ble_advertising_on_sys_evt               0x0001c3a5   Thumb Code    42  ble_advertising.o(i.ble_advertising_on_sys_evt)
    ble_advertising_restart_without_whitelist 0x0001c3e5   Thumb Code    78  ble_advertising.o(i.ble_advertising_restart_without_whitelist)
    ble_advertising_start                    0x0001c43d   Thumb Code   482  ble_advertising.o(i.ble_advertising_start)
    ble_bas_battery_level_update             0x0001c629   Thumb Code   112  ble_bas.o(i.ble_bas_battery_level_update)
    ble_bas_init                             0x0001c69d   Thumb Code    66  ble_bas.o(i.ble_bas_init)
    ble_bas_on_ble_evt                       0x0001c6e5   Thumb Code    94  ble_bas.o(i.ble_bas_on_ble_evt)
    ble_conn_params_init                     0x0001c745   Thumb Code    68  ble_conn_params.o(i.ble_conn_params_init)
    ble_conn_params_on_ble_evt               0x0001c799   Thumb Code   132  ble_conn_params.o(i.ble_conn_params_on_ble_evt)
    ble_dis_init                             0x0001c889   Thumb Code   300  ble_dis.o(i.ble_dis_init)
    ble_hrs_rr_interval_add                  0x0001ca0d   Thumb Code    46  ble_hrs.o(i.ble_hrs_rr_interval_add)
    ble_hrs_sensor_contact_detected_update   0x0001ca3b   Thumb Code     6  ble_hrs.o(i.ble_hrs_sensor_contact_detected_update)
    ble_slope_init                           0x0001ca41   Thumb Code    66  ble_slope.o(i.ble_slope_init)
    ble_slope_on_ble_evt                     0x0001ca89   Thumb Code    94  ble_slope.o(i.ble_slope_on_ble_evt)
    ble_slope_slope_level_update             0x0001cae9   Thumb Code   112  ble_slope.o(i.ble_slope_slope_level_update)
    ble_srv_ascii_to_utf8                    0x0001cb5d   Thumb Code    18  ble_srv_common.o(i.ble_srv_ascii_to_utf8)
    ble_srv_report_ref_encode                0x0001cb6f   Thumb Code    12  ble_srv_common.o(i.ble_srv_report_ref_encode)
    bond_data_load                           0x0001cbfd   Thumb Code    58  device_manager_peripheral.o(i.bond_data_load)
    bsp_btn_ble_init                         0x0001cc45   Thumb Code    80  bsp_btn_ble.o(i.bsp_btn_ble_init)
    bsp_btn_ble_sleep_mode_prepare           0x0001cc99   Thumb Code    20  bsp_btn_ble.o(i.bsp_btn_ble_sleep_mode_prepare)
    bsp_button_is_pressed                    0x0001cd4d   Thumb Code    34  bsp.o(i.bsp_button_is_pressed)
    bsp_event_to_button_action_assign        0x0001cdb1   Thumb Code    66  bsp.o(i.bsp_event_to_button_action_assign)
    bsp_indication_set                       0x0001cdf9   Thumb Code    22  bsp.o(i.bsp_indication_set)
    bsp_init                                 0x0001ce15   Thumb Code   134  bsp.o(i.bsp_init)
    bsp_wakeup_buttons_set                   0x0001d0ad   Thumb Code    50  bsp.o(i.bsp_wakeup_buttons_set)
    dm_ble_evt_handler                       0x0001d8c9   Thumb Code   946  device_manager_peripheral.o(i.dm_ble_evt_handler)
    dm_handle_initialize                     0x0001dc91   Thumb Code    22  device_manager_peripheral.o(i.dm_handle_initialize)
    dm_init                                  0x0001dcad   Thumb Code   174  device_manager_peripheral.o(i.dm_init)
    dm_register                              0x0001ded5   Thumb Code   104  device_manager_peripheral.o(i.dm_register)
    fs_queued_op_count_get                   0x0001e08d   Thumb Code    18  fstorage.o(i.fs_queued_op_count_get)
    intern_softdevice_events_execute         0x0001e379   Thumb Code   116  softdevice_handler.o(i.intern_softdevice_events_execute)
    main                                     0x0001e6a1   Thumb Code   190  main.o(i.main)
    nrf_drv_common_irq_enable                0x0001e8b1   Thumb Code    78  nrf_drv_common.o(i.nrf_drv_common_irq_enable)
    nrf_drv_gpiote_in_event_enable           0x0001e911   Thumb Code   138  nrf_drv_gpiote.o(i.nrf_drv_gpiote_in_event_enable)
    nrf_drv_gpiote_in_init                   0x0001e9b1   Thumb Code   146  nrf_drv_gpiote.o(i.nrf_drv_gpiote_in_init)
    nrf_drv_gpiote_in_is_set                 0x0001ea55   Thumb Code    16  nrf_drv_gpiote.o(i.nrf_drv_gpiote_in_is_set)
    nrf_drv_gpiote_init                      0x0001ea69   Thumb Code    76  nrf_drv_gpiote.o(i.nrf_drv_gpiote_init)
    nrf_drv_gpiote_is_init                   0x0001eabd   Thumb Code    12  nrf_drv_gpiote.o(i.nrf_drv_gpiote_is_init)
    pstorage_access_status_get               0x0001ecb1   Thumb Code    30  pstorage.o(i.pstorage_access_status_get)
    pstorage_block_identifier_get            0x0001ecd9   Thumb Code    74  pstorage.o(i.pstorage_block_identifier_get)
    pstorage_clear                           0x0001ed2d   Thumb Code   156  pstorage.o(i.pstorage_clear)
    pstorage_init                            0x0001ee01   Thumb Code    68  pstorage.o(i.pstorage_init)
    pstorage_load                            0x0001ee4d   Thumb Code   158  pstorage.o(i.pstorage_load)
    pstorage_register                        0x0001eef5   Thumb Code   180  pstorage.o(i.pstorage_register)
    pstorage_store                           0x0001efb1   Thumb Code   134  pstorage.o(i.pstorage_store)
    pstorage_sys_event_handler               0x0001f041   Thumb Code    72  pstorage.o(i.pstorage_sys_event_handler)
    pstorage_update                          0x0001f08d   Thumb Code   134  pstorage.o(i.pstorage_update)
    sd_check_ram_start                       0x0001f1dd   Thumb Code    10  softdevice_handler.o(i.sd_check_ram_start)
    sensorsim_decrement                      0x0001f309   Thumb Code    28  sensorsim.o(i.sensorsim_decrement)
    sensorsim_increment                      0x0001f325   Thumb Code    28  sensorsim.o(i.sensorsim_increment)
    sensorsim_init                           0x0001f341   Thumb Code    24  sensorsim.o(i.sensorsim_init)
    sensorsim_measure                        0x0001f359   Thumb Code    26  sensorsim.o(i.sensorsim_measure)
    softdevice_ble_evt_handler_set           0x0001f72d   Thumb Code    16  softdevice_handler.o(i.softdevice_ble_evt_handler_set)
    softdevice_enable                        0x0001f741   Thumb Code    14  softdevice_handler.o(i.softdevice_enable)
    softdevice_enable_get_default_config     0x0001f755   Thumb Code    42  softdevice_handler.o(i.softdevice_enable_get_default_config)
    softdevice_fault_handler                 0x0001f77f   Thumb Code     8  softdevice_handler.o(i.softdevice_fault_handler)
    softdevice_handler_init                  0x0001f789   Thumb Code    42  softdevice_handler.o(i.softdevice_handler_init)
    softdevice_sys_evt_handler_set           0x0001f7bd   Thumb Code    16  softdevice_handler.o(i.softdevice_sys_evt_handler_set)
    m_service_context_store                  0x0001ff64   Data          16  device_manager_peripheral.o(.constdata)
    m_service_context_load                   0x0001ff74   Data          16  device_manager_peripheral.o(.constdata)
    m_service_context_apply                  0x0001ff84   Data          16  device_manager_peripheral.o(.constdata)
    Region$$Table$$Base                      0x0001ffd0   Number         0  anon$$obj.o(Region$$Table)
    Region$$Table$$Limit                     0x0001fff0   Number         0  anon$$obj.o(Region$$Table)
    Image$$RW_IRAM1$$Base                    0x20002080   Number         0  anon$$obj.o ABSOLUTE
    nrf_nvic_state                           0x200021ec   Data           8  softdevice_handler.o(.data)
    SystemCoreClock                          0x20002270   Data           4  system_nrf51.o(.data)
    __libspace_start                         0x20002ec0   Data          96  libspace.o(.bss)
    __temporary_stack_top$libspace           0x20002f20   Data           0  libspace.o(.bss)



==============================================================================

Memory Map of the image

  Image Entry point : 0x0001b0c1

  Load Region LR_IROM1 (Base: 0x0001b000, Size: 0x000051e4, Max: 0x00025000, ABSOLUTE, COMPRESSED[0x00005044])

    Execution Region ER_IROM1 (Base: 0x0001b000, Size: 0x00004ff0, Max: 0x00025000, ABSOLUTE)

    Base Addr    Size         Type   Attr      Idx    E Section Name        Object

    0x0001b000   0x000000c0   Data   RO         3042    RESET               arm_startup_nrf51.o
    0x0001b0c0   0x00000008   Code   RO         3126  * !!!main             c_p.l(__main.o)
    0x0001b0c8   0x0000003c   Code   RO         3592    !!!scatter          c_p.l(__scatter.o)
    0x0001b104   0x0000001c   Code   RO         3594    !!handler_zi        c_p.l(__scatter_zi.o)
    0x0001b120   0x00000002   Code   RO         3514    .ARM.Collect$$libinit$$00000000  c_p.l(libinit.o)
    0x0001b122   0x00000000   Code   RO         3375    .ARM.Collect$$libinit$$00000002  c_p.l(libinit2.o)
    0x0001b122   0x00000000   Code   RO         3377    .ARM.Collect$$libinit$$00000004  c_p.l(libinit2.o)
    0x0001b122   0x00000000   Code   RO         3380    .ARM.Collect$$libinit$$0000000A  c_p.l(libinit2.o)
    0x0001b122   0x00000000   Code   RO         3382    .ARM.Collect$$libinit$$0000000C  c_p.l(libinit2.o)
    0x0001b122   0x00000000   Code   RO         3384    .ARM.Collect$$libinit$$0000000E  c_p.l(libinit2.o)
    0x0001b122   0x00000000   Code   RO         3387    .ARM.Collect$$libinit$$00000011  c_p.l(libinit2.o)
    0x0001b122   0x00000000   Code   RO         3389    .ARM.Collect$$libinit$$00000013  c_p.l(libinit2.o)
    0x0001b122   0x00000000   Code   RO         3391    .ARM.Collect$$libinit$$00000015  c_p.l(libinit2.o)
    0x0001b122   0x00000000   Code   RO         3393    .ARM.Collect$$libinit$$00000017  c_p.l(libinit2.o)
    0x0001b122   0x00000000   Code   RO         3395    .ARM.Collect$$libinit$$00000019  c_p.l(libinit2.o)
    0x0001b122   0x00000000   Code   RO         3397    .ARM.Collect$$libinit$$0000001B  c_p.l(libinit2.o)
    0x0001b122   0x00000000   Code   RO         3399    .ARM.Collect$$libinit$$0000001D  c_p.l(libinit2.o)
    0x0001b122   0x00000000   Code   RO         3401    .ARM.Collect$$libinit$$0000001F  c_p.l(libinit2.o)
    0x0001b122   0x00000000   Code   RO         3403    .ARM.Collect$$libinit$$00000021  c_p.l(libinit2.o)
    0x0001b122   0x00000000   Code   RO         3405    .ARM.Collect$$libinit$$00000023  c_p.l(libinit2.o)
    0x0001b122   0x00000000   Code   RO         3407    .ARM.Collect$$libinit$$00000025  c_p.l(libinit2.o)
    0x0001b122   0x00000000   Code   RO         3411    .ARM.Collect$$libinit$$0000002C  c_p.l(libinit2.o)
    0x0001b122   0x00000000   Code   RO         3413    .ARM.Collect$$libinit$$0000002E  c_p.l(libinit2.o)
    0x0001b122   0x00000000   Code   RO         3415    .ARM.Collect$$libinit$$00000030  c_p.l(libinit2.o)
    0x0001b122   0x00000000   Code   RO         3417    .ARM.Collect$$libinit$$00000032  c_p.l(libinit2.o)
    0x0001b122   0x00000002   Code   RO         3418    .ARM.Collect$$libinit$$00000033  c_p.l(libinit2.o)
    0x0001b124   0x00000002   Code   RO         3587    .ARM.Collect$$libshutdown$$00000000  c_p.l(libshutdown.o)
    0x0001b126   0x00000000   Code   RO         3420    .ARM.Collect$$libshutdown$$00000002  c_p.l(libshutdown2.o)
    0x0001b126   0x00000000   Code   RO         3422    .ARM.Collect$$libshutdown$$00000004  c_p.l(libshutdown2.o)
    0x0001b126   0x00000000   Code   RO         3425    .ARM.Collect$$libshutdown$$00000007  c_p.l(libshutdown2.o)
    0x0001b126   0x00000000   Code   RO         3428    .ARM.Collect$$libshutdown$$0000000A  c_p.l(libshutdown2.o)
    0x0001b126   0x00000000   Code   RO         3430    .ARM.Collect$$libshutdown$$0000000C  c_p.l(libshutdown2.o)
    0x0001b126   0x00000000   Code   RO         3433    .ARM.Collect$$libshutdown$$0000000F  c_p.l(libshutdown2.o)
    0x0001b126   0x00000002   Code   RO         3434    .ARM.Collect$$libshutdown$$00000010  c_p.l(libshutdown2.o)
    0x0001b128   0x00000000   Code   RO         3130    .ARM.Collect$$rtentry$$00000000  c_p.l(__rtentry.o)
    0x0001b128   0x00000000   Code   RO         3248    .ARM.Collect$$rtentry$$00000002  c_p.l(__rtentry2.o)
    0x0001b128   0x00000006   Code   RO         3260    .ARM.Collect$$rtentry$$00000004  c_p.l(__rtentry4.o)
    0x0001b12e   0x00000000   Code   RO         3250    .ARM.Collect$$rtentry$$00000009  c_p.l(__rtentry2.o)
    0x0001b12e   0x00000004   Code   RO         3251    .ARM.Collect$$rtentry$$0000000A  c_p.l(__rtentry2.o)
    0x0001b132   0x00000000   Code   RO         3253    .ARM.Collect$$rtentry$$0000000C  c_p.l(__rtentry2.o)
    0x0001b132   0x00000008   Code   RO         3254    .ARM.Collect$$rtentry$$0000000D  c_p.l(__rtentry2.o)
    0x0001b13a   0x00000002   Code   RO         3526    .ARM.Collect$$rtexit$$00000000  c_p.l(rtexit.o)
    0x0001b13c   0x00000000   Code   RO         3557    .ARM.Collect$$rtexit$$00000002  c_p.l(rtexit2.o)
    0x0001b13c   0x00000004   Code   RO         3558    .ARM.Collect$$rtexit$$00000003  c_p.l(rtexit2.o)
    0x0001b140   0x00000006   Code   RO         3559    .ARM.Collect$$rtexit$$00000004  c_p.l(rtexit2.o)
    0x0001b146   0x00000002   PAD
    0x0001b148   0x0000001e   Code   RO         2303    .emb_text           app_timer.o
    0x0001b166   0x00000002   PAD
    0x0001b168   0x00000038   Code   RO         3110    .emb_text           c_p.l(rt_memcpy.o)
    0x0001b1a0   0x00000054   Code   RO         3043    .text               arm_startup_nrf51.o
    0x0001b1f4   0x00000002   Code   RO         3086    .text               c_p.l(use_no_semi_2.o)
    0x0001b1f6   0x0000005a   Code   RO         3106    .text               c_p.l(memcmp.o)
    0x0001b250   0x00000044   Code   RO         3108    .text               c_p.l(strlen.o)
    0x0001b294   0x00000082   Code   RO         3111    .text               c_p.l(rt_memcpy.o)
    0x0001b316   0x00000096   Code   RO         3114    .text               c_p.l(rt_memmove.o)
    0x0001b3ac   0x00000040   Code   RO         3116    .text               c_p.l(rt_memclr.o)
    0x0001b3ec   0x0000015a   Code   RO         3120    .text               c_p.l(aeabi_sdiv.o)
    0x0001b546   0x00000006   Code   RO         3124    .text               c_p.l(heapauxi.o)
    0x0001b54c   0x00000002   Code   RO         3128    .text               c_p.l(use_no_semi.o)
    0x0001b54e   0x0000003e   Code   RO         3435    .text               c_p.l(sys_stackheap_outer.o)
    0x0001b58c   0x00000010   Code   RO         3495    .text               c_p.l(exit.o)
    0x0001b59c   0x00000008   Code   RO         3522    .text               c_p.l(libspace.o)
    0x0001b5a4   0x00000056   Code   RO         3590    .text               c_p.l(__dczerorl2.o)
    0x0001b5fa   0x00000002   PAD
    0x0001b5fc   0x00000154   Code   RO         1520    i.GPIOTE_IRQHandler  nrf_drv_gpiote.o
    0x0001b750   0x00000044   Code   RO         2304    i.NVIC_SetPriority  app_timer.o
    0x0001b794   0x00000020   Code   RO         2305    i.RTC1_IRQHandler   app_timer.o
    0x0001b7b4   0x00000090   Code   RO         2841    i.SEGGER_RTT_Write  segger_rtt.o
    0x0001b844   0x0000001e   Code   RO         2842    i.SEGGER_RTT_WriteString  segger_rtt.o
    0x0001b862   0x00000008   Code   RO         2306    i.SWI0_IRQHandler   app_timer.o
    0x0001b86a   0x00000002   PAD
    0x0001b86c   0x00000020   Code   RO         2730    i.SWI2_IRQHandler   softdevice_handler.o
    0x0001b88c   0x000000a0   Code   RO         3050    i.SystemInit        system_nrf51.o
    0x0001b92c   0x00000008   Code   RO         1710    i.UART0_IRQHandler  nrf_drv_uart.o
    0x0001b934   0x0000001a   Code   RO          549    i.__ARM_common_switch8  bsp.o
    0x0001b94e   0x00000002   Code   RO         2951    i._sys_exit         rtt_syscalls_keil.o
    0x0001b950   0x00000216   Code   RO          618    i.adv_data_encode   ble_advdata.o
    0x0001bb66   0x0000003c   Code   RO          576    i.advertising_buttons_configure  bsp_btn_ble.o
    0x0001bba2   0x00000002   PAD
    0x0001bba4   0x0000005c   Code   RO          156    i.advertising_init  main.o
    0x0001bc00   0x00000018   Code   RO          455    i.alert_timer_handler  bsp.o
    0x0001bc18   0x00000050   Code   RO            3    i.app_beacon_init   advertiser_beacon.o
    0x0001bc68   0x00000002   Code   RO            4    i.app_beacon_on_sys_evt  advertiser_beacon.o
    0x0001bc6a   0x00000002   PAD
    0x0001bc6c   0x0000003c   Code   RO            5    i.app_beacon_start  advertiser_beacon.o
    0x0001bca8   0x00000018   Code   RO            6    i.app_beacon_stop   advertiser_beacon.o
    0x0001bcc0   0x00000024   Code   RO         2121    i.app_button_enable  app_button.o
    0x0001bce4   0x00000074   Code   RO         2122    i.app_button_init   app_button.o
    0x0001bd58   0x0000001c   Code   RO         2214    i.app_error_fault_handler  app_error_weak.o
    0x0001bd74   0x00000018   Code   RO         2179    i.app_error_handler_bare  app_error.o
    0x0001bd8c   0x0000000c   Code   RO         1059    i.app_evt_notify    device_manager_peripheral.o
    0x0001bd98   0x0000002c   Code   RO         1878    i.app_notify        pstorage.o
    0x0001bdc4   0x00000020   Code   RO         1879    i.app_notify_error_state_transit  pstorage.o
    0x0001bde4   0x0000002c   Code   RO         2309    i.app_timer_create  app_timer.o
    0x0001be10   0x00000090   Code   RO         2310    i.app_timer_init    app_timer.o
    0x0001bea0   0x0000007c   Code   RO         2311    i.app_timer_start   app_timer.o
    0x0001bf1c   0x00000054   Code   RO         2312    i.app_timer_stop    app_timer.o
    0x0001bf70   0x0000005c   Code   RO          157    i.application_timers_start  main.o
    0x0001bfcc   0x00000138   Code   RO          787    i.battery_level_char_add  ble_bas.o
    0x0001c104   0x00000040   Code   RO          159    i.battery_level_meas_timeout_handler  main.o
    0x0001c144   0x00000050   Code   RO          160    i.beacon_adv_init   main.o
    0x0001c194   0x00000008   Code   RO          161    i.beacon_advertiser_error_handler  main.o
    0x0001c19c   0x00000068   Code   RO          619    i.ble_advdata_set   ble_advdata.o
    0x0001c204   0x00000124   Code   RO          692    i.ble_advertising_init  ble_advertising.o
    0x0001c328   0x0000007c   Code   RO          693    i.ble_advertising_on_ble_evt  ble_advertising.o
    0x0001c3a4   0x00000030   Code   RO          694    i.ble_advertising_on_sys_evt  ble_advertising.o
    0x0001c3d4   0x00000010   Code   RO          696    i.ble_advertising_peer_address_clear  ble_advertising.o
    0x0001c3e4   0x00000058   Code   RO          697    i.ble_advertising_restart_without_whitelist  ble_advertising.o
    0x0001c43c   0x000001ec   Code   RO          698    i.ble_advertising_start  ble_advertising.o
    0x0001c628   0x00000074   Code   RO          788    i.ble_bas_battery_level_update  ble_bas.o
    0x0001c69c   0x00000048   Code   RO          789    i.ble_bas_init      ble_bas.o
    0x0001c6e4   0x0000005e   Code   RO          790    i.ble_bas_on_ble_evt  ble_bas.o
    0x0001c742   0x00000002   PAD
    0x0001c744   0x00000054   Code   RO          831    i.ble_conn_params_init  ble_conn_params.o
    0x0001c798   0x00000090   Code   RO          832    i.ble_conn_params_on_ble_evt  ble_conn_params.o
    0x0001c828   0x0000005e   Code   RO          620    i.ble_device_addr_encode  ble_advdata.o
    0x0001c886   0x00000002   PAD
    0x0001c888   0x00000138   Code   RO          898    i.ble_dis_init      ble_dis.o
    0x0001c9c0   0x0000004c   Code   RO          162    i.ble_evt_dispatch  main.o
    0x0001ca0c   0x0000002e   Code   RO          940    i.ble_hrs_rr_interval_add  ble_hrs.o
    0x0001ca3a   0x00000006   Code   RO          942    i.ble_hrs_sensor_contact_detected_update  ble_hrs.o
    0x0001ca40   0x00000048   Code   RO         1329    i.ble_slope_init    ble_slope.o
    0x0001ca88   0x0000005e   Code   RO         1330    i.ble_slope_on_ble_evt  ble_slope.o
    0x0001cae6   0x00000002   PAD
    0x0001cae8   0x00000074   Code   RO         1331    i.ble_slope_slope_level_update  ble_slope.o
    0x0001cb5c   0x00000012   Code   RO         1016    i.ble_srv_ascii_to_utf8  ble_srv_common.o
    0x0001cb6e   0x0000000c   Code   RO         1017    i.ble_srv_report_ref_encode  ble_srv_common.o
    0x0001cb7a   0x00000002   PAD
    0x0001cb7c   0x00000080   Code   RO          163    i.ble_stack_init    main.o
    0x0001cbfc   0x00000048   Code   RO         1060    i.bond_data_load    device_manager_peripheral.o
    0x0001cc44   0x00000054   Code   RO          577    i.bsp_btn_ble_init  bsp_btn_ble.o
    0x0001cc98   0x00000014   Code   RO          579    i.bsp_btn_ble_sleep_mode_prepare  bsp_btn_ble.o
    0x0001ccac   0x000000a0   Code   RO          456    i.bsp_button_event_handler  bsp.o
    0x0001cd4c   0x0000002c   Code   RO          457    i.bsp_button_is_pressed  bsp.o
    0x0001cd78   0x00000038   Code   RO          164    i.bsp_event_handler  main.o
    0x0001cdb0   0x00000048   Code   RO          461    i.bsp_event_to_button_action_assign  bsp.o
    0x0001cdf8   0x0000001c   Code   RO          462    i.bsp_indication_set  bsp.o
    0x0001ce14   0x000000a0   Code   RO          464    i.bsp_init          bsp.o
    0x0001ceb4   0x000001f8   Code   RO          465    i.bsp_led_indication  bsp.o
    0x0001d0ac   0x0000003c   Code   RO          466    i.bsp_wakeup_buttons_set  bsp.o
    0x0001d0e8   0x0000000c   Code   RO          467    i.button_timer_handler  bsp.o
    0x0001d0f4   0x0000001c   Code   RO         1521    i.channel_free      nrf_drv_gpiote.o
    0x0001d110   0x00000048   Code   RO         1522    i.channel_port_alloc  nrf_drv_gpiote.o
    0x0001d158   0x00000010   Code   RO         1523    i.channel_port_get  nrf_drv_gpiote.o
    0x0001d168   0x00000098   Code   RO          899    i.char_add          ble_dis.o
    0x0001d200   0x00000104   Code   RO         1880    i.clear_operation_execute  pstorage.o
    0x0001d304   0x00000024   Code   RO         1881    i.clear_post_processing_run  pstorage.o
    0x0001d328   0x00000038   Code   RO         1882    i.cmd_process       pstorage.o
    0x0001d360   0x00000020   Code   RO         1883    i.cmd_queue_element_init  pstorage.o
    0x0001d380   0x0000004c   Code   RO         1884    i.cmd_queue_enqueue  pstorage.o
    0x0001d3cc   0x0000003c   Code   RO         1885    i.command_end_procedure_run  pstorage.o
    0x0001d408   0x000000a8   Code   RO         2314    i.compare_reg_update  app_timer.o
    0x0001d4b0   0x00000088   Code   RO          621    i.conn_int_encode   ble_advdata.o
    0x0001d538   0x00000008   Code   RO          165    i.conn_params_error_handler  main.o
    0x0001d540   0x00000068   Code   RO          834    i.conn_params_negotiation  ble_conn_params.o
    0x0001d5a8   0x00000030   Code   RO         1061    i.connection_instance_find  device_manager_peripheral.o
    0x0001d5d8   0x00000024   Code   RO         1062    i.connection_instance_init  device_manager_peripheral.o
    0x0001d5fc   0x00000054   Code   RO         1886    i.data_page_erase_state_run  pstorage.o
    0x0001d650   0x00000028   Code   RO         1887    i.data_to_swap_write_state_run  pstorage.o
    0x0001d678   0x00000060   Code   RO         2124    i.detection_delay_timeout_handler  app_button.o
    0x0001d6d8   0x000000b0   Code   RO         1063    i.device_context_store  device_manager_peripheral.o
    0x0001d788   0x00000054   Code   RO         1064    i.device_instance_allocate  device_manager_peripheral.o
    0x0001d7dc   0x00000048   Code   RO         1065    i.device_instance_find  device_manager_peripheral.o
    0x0001d824   0x0000002c   Code   RO         1066    i.device_instance_free  device_manager_peripheral.o
    0x0001d850   0x0000000e   Code   RO          166    i.device_manager_evt_handler  main.o
    0x0001d85e   0x00000002   PAD
    0x0001d860   0x00000068   Code   RO          167    i.device_manager_init  main.o
    0x0001d8c8   0x000003c8   Code   RO         1071    i.dm_ble_evt_handler  device_manager_peripheral.o
    0x0001dc90   0x0000001c   Code   RO         1077    i.dm_handle_initialize  device_manager_peripheral.o
    0x0001dcac   0x000000c4   Code   RO         1078    i.dm_init           device_manager_peripheral.o
    0x0001dd70   0x00000164   Code   RO         1081    i.dm_pstorage_cb_handler  device_manager_peripheral.o
    0x0001ded4   0x00000074   Code   RO         1082    i.dm_register       device_manager_peripheral.o
    0x0001df48   0x00000040   Code   RO         2315    i.elapsed_ticks_acquire  app_timer.o
    0x0001df88   0x00000050   Code   RO            7    i.encode_adv_packet  advertiser_beacon.o
    0x0001dfd8   0x00000020   Code   RO         1888    i.flash_api_err_code_process  pstorage.o
    0x0001dff8   0x00000080   Code   RO         1889    i.flash_operation_success_run  pstorage.o
    0x0001e078   0x0000000a   Code   RO         1890    i.flash_page_erase  pstorage.o
    0x0001e082   0x0000000a   Code   RO         1891    i.flash_write       pstorage.o
    0x0001e08c   0x00000018   Code   RO         2505    i.fs_queued_op_count_get  fstorage.o
    0x0001e0a4   0x0000005c   Code   RO          168    i.gap_params_init   main.o
    0x0001e100   0x00000004   Code   RO         1089    i.gattc_context_apply  device_manager_peripheral.o
    0x0001e104   0x00000004   Code   RO         1090    i.gattc_context_load  device_manager_peripheral.o
    0x0001e108   0x00000004   Code   RO         1091    i.gattc_context_store  device_manager_peripheral.o
    0x0001e10c   0x000000b0   Code   RO         1092    i.gatts_context_apply  device_manager_peripheral.o
    0x0001e1bc   0x00000030   Code   RO         1093    i.gatts_context_load  device_manager_peripheral.o
    0x0001e1ec   0x000000ac   Code   RO         1094    i.gatts_context_store  device_manager_peripheral.o
    0x0001e298   0x00000008   Code   RO         1095    i.gattsc_context_apply  device_manager_peripheral.o
    0x0001e2a0   0x00000008   Code   RO         1096    i.gattsc_context_load  device_manager_peripheral.o
    0x0001e2a8   0x00000008   Code   RO         1097    i.gattsc_context_store  device_manager_peripheral.o
    0x0001e2b0   0x00000050   Code   RO         2125    i.gpiote_event_handler  app_button.o
    0x0001e300   0x00000078   Code   RO         1892    i.head_restore_state_run  pstorage.o
    0x0001e378   0x00000078   Code   RO         2731    i.intern_softdevice_events_execute  softdevice_handler.o
    0x0001e3f0   0x0000001c   Code   RO          835    i.is_conn_params_ok  ble_conn_params.o
    0x0001e40c   0x00000048   Code   RO         3051    i.is_manual_peripheral_setup_needed  system_nrf51.o
    0x0001e454   0x00000044   Code   RO         1893    i.is_page_erase_required  pstorage.o
    0x0001e498   0x0000000c   Code   RO         1894    i.is_word_aligned   pstorage.o
    0x0001e4a4   0x00000054   Code   RO          622    i.le_role_encode    ble_advdata.o
    0x0001e4f8   0x00000018   Code   RO          468    i.leds_timer_handler  bsp.o
    0x0001e510   0x000000bc   Code   RO         2316    i.list_deletions_handler  app_timer.o
    0x0001e5cc   0x000000d4   Code   RO         2317    i.list_insertions_handler  app_timer.o
    0x0001e6a0   0x000000e4   Code   RO          169    i.main              main.o
    0x0001e784   0x00000018   Code   RO         1895    i.main_state_err_busy_process  pstorage.o
    0x0001e79c   0x00000068   Code   RO          623    i.manuf_specific_data_encode  ble_advdata.o
    0x0001e804   0x0000009e   Code   RO          624    i.name_encode       ble_advdata.o
    0x0001e8a2   0x00000004   Code   RO         1098    i.no_service_context_apply  device_manager_peripheral.o
    0x0001e8a6   0x00000004   Code   RO         1099    i.no_service_context_load  device_manager_peripheral.o
    0x0001e8aa   0x00000004   Code   RO         1100    i.no_service_context_store  device_manager_peripheral.o
    0x0001e8ae   0x00000002   PAD
    0x0001e8b0   0x00000060   Code   RO         1487    i.nrf_drv_common_irq_enable  nrf_drv_common.o
    0x0001e910   0x000000a0   Code   RO         1526    i.nrf_drv_gpiote_in_event_enable  nrf_drv_gpiote.o
    0x0001e9b0   0x000000a4   Code   RO         1527    i.nrf_drv_gpiote_in_init  nrf_drv_gpiote.o
    0x0001ea54   0x00000014   Code   RO         1528    i.nrf_drv_gpiote_in_is_set  nrf_drv_gpiote.o
    0x0001ea68   0x00000054   Code   RO         1530    i.nrf_drv_gpiote_init  nrf_drv_gpiote.o
    0x0001eabc   0x00000010   Code   RO         1531    i.nrf_drv_gpiote_is_init  nrf_drv_gpiote.o
    0x0001eacc   0x00000024   Code   RO         1543    i.nrf_gpio_cfg      nrf_drv_gpiote.o
    0x0001eaf0   0x00000020   Code   RO         1545    i.nrf_gpio_cfg_sense_set  nrf_drv_gpiote.o
    0x0001eb10   0x00000014   Code   RO         1546    i.nrf_gpiote_event_is_set  nrf_drv_gpiote.o
    0x0001eb24   0x0000000a   Code   RO         1727    i.nrf_uart_event_check  nrf_drv_uart.o
    0x0001eb2e   0x00000010   Code   RO         1728    i.nrf_uart_int_enable_check  nrf_drv_uart.o
    0x0001eb3e   0x00000020   Code   RO          170    i.on_adv_evt        main.o
    0x0001eb5e   0x00000002   PAD
    0x0001eb60   0x00000078   Code   RO          171    i.on_ble_evt        main.o
    0x0001ebd8   0x00000020   Code   RO          172    i.on_conn_params_evt  main.o
    0x0001ebf8   0x00000016   Code   RO          700    i.peer_address_exists  ble_advertising.o
    0x0001ec0e   0x00000002   PAD
    0x0001ec10   0x00000038   Code   RO         1101    i.peer_instance_init  device_manager_peripheral.o
    0x0001ec48   0x00000018   Code   RO         1547    i.pin_in_use_by_port  nrf_drv_gpiote.o
    0x0001ec60   0x00000018   Code   RO         1548    i.pin_in_use_by_te  nrf_drv_gpiote.o
    0x0001ec78   0x00000036   Code   RO          900    i.pnp_id_encode     ble_dis.o
    0x0001ecae   0x00000002   PAD
    0x0001ecb0   0x00000028   Code   RO         1896    i.pstorage_access_status_get  pstorage.o
    0x0001ecd8   0x00000054   Code   RO         1897    i.pstorage_block_identifier_get  pstorage.o
    0x0001ed2c   0x000000a4   Code   RO         1898    i.pstorage_clear    pstorage.o
    0x0001edd0   0x00000024   Code   RO         1899    i.pstorage_flash_page_end  pstorage.o
    0x0001edf4   0x0000000a   Code   RO         1900    i.pstorage_flash_page_size  pstorage.o
    0x0001edfe   0x00000002   PAD
    0x0001ee00   0x0000004c   Code   RO         1901    i.pstorage_init     pstorage.o
    0x0001ee4c   0x000000a8   Code   RO         1902    i.pstorage_load     pstorage.o
    0x0001eef4   0x000000bc   Code   RO         1903    i.pstorage_register  pstorage.o
    0x0001efb0   0x00000090   Code   RO         1904    i.pstorage_store    pstorage.o
    0x0001f040   0x0000004c   Code   RO         1905    i.pstorage_sys_event_handler  pstorage.o
    0x0001f08c   0x00000090   Code   RO         1906    i.pstorage_update   pstorage.o
    0x0001f11c   0x00000028   Code   RO          173    i.rr_interval_timeout_handler  main.o
    0x0001f144   0x00000044   Code   RO         2318    i.rtc1_stop         app_timer.o
    0x0001f188   0x00000038   Code   RO         1729    i.rx_byte           nrf_drv_uart.o
    0x0001f1c0   0x0000001c   Code   RO         1730    i.rx_done_event     nrf_drv_uart.o
    0x0001f1dc   0x00000010   Code   RO         2732    i.sd_check_ram_start  softdevice_handler.o
    0x0001f1ec   0x0000008c   Code   RO         2733    i.sd_nvic_EnableIRQ  softdevice_handler.o
    0x0001f278   0x0000001c   Code   RO          174    i.sensor_contact_detected_timeout_handler  main.o
    0x0001f294   0x00000074   Code   RO          175    i.sensor_simulator_init  main.o
    0x0001f308   0x0000001c   Code   RO         2696    i.sensorsim_decrement  sensorsim.o
    0x0001f324   0x0000001c   Code   RO         2697    i.sensorsim_increment  sensorsim.o
    0x0001f340   0x00000018   Code   RO         2698    i.sensorsim_init    sensorsim.o
    0x0001f358   0x0000001a   Code   RO         2699    i.sensorsim_measure  sensorsim.o
    0x0001f372   0x0000008e   Code   RO          625    i.service_data_encode  ble_advdata.o
    0x0001f400   0x00000144   Code   RO          176    i.services_init     main.o
    0x0001f544   0x00000028   Code   RO          177    i.sleep_mode_enter  main.o
    0x0001f56c   0x00000138   Code   RO         1332    i.slope_level_char_add  ble_slope.o
    0x0001f6a4   0x00000040   Code   RO          178    i.slope_level_meas_timeout_handler  main.o
    0x0001f6e4   0x00000048   Code   RO         1907    i.sm_state_change   pstorage.o
    0x0001f72c   0x00000014   Code   RO         2734    i.softdevice_ble_evt_handler_set  softdevice_handler.o
    0x0001f740   0x00000014   Code   RO         2735    i.softdevice_enable  softdevice_handler.o
    0x0001f754   0x0000002a   Code   RO         2736    i.softdevice_enable_get_default_config  softdevice_handler.o
    0x0001f77e   0x00000008   Code   RO         2737    i.softdevice_fault_handler  softdevice_handler.o
    0x0001f786   0x00000002   PAD
    0x0001f788   0x00000034   Code   RO         2738    i.softdevice_handler_init  softdevice_handler.o
    0x0001f7bc   0x00000014   Code   RO         2741    i.softdevice_sys_evt_handler_set  softdevice_handler.o
    0x0001f7d0   0x00000064   Code   RO         1908    i.state_data_erase_swap_entry_run  pstorage.o
    0x0001f834   0x00000010   Code   RO         1909    i.state_erase_data_page_entry_run  pstorage.o
    0x0001f844   0x00000028   Code   RO         1910    i.state_restore_head_entry_run  pstorage.o
    0x0001f86c   0x0000004c   Code   RO         1911    i.state_restore_tail_entry_run  pstorage.o
    0x0001f8b8   0x00000020   Code   RO         1912    i.state_swap_erase_entry_run  pstorage.o
    0x0001f8d8   0x00000030   Code   RO         1913    i.state_write_data_swap_entry_run  pstorage.o
    0x0001f908   0x00000004   Code   RO         1102    i.storage_operation_dummy_handler  device_manager_peripheral.o
    0x0001f90c   0x0000005c   Code   RO         1914    i.store_cmd_flash_write_execute  pstorage.o
    0x0001f968   0x0000001c   Code   RO         1915    i.swap_erase_state_run  pstorage.o
    0x0001f984   0x00000018   Code   RO         1916    i.swap_sub_state_err_busy_process  pstorage.o
    0x0001f99c   0x00000014   Code   RO         1917    i.swap_sub_state_state_change  pstorage.o
    0x0001f9b0   0x00000016   Code   RO          179    i.sys_evt_dispatch  main.o
    0x0001f9c6   0x00000002   PAD
    0x0001f9c8   0x0000001c   Code   RO         1918    i.tail_restore_state_run  pstorage.o
    0x0001f9e4   0x00000084   Code   RO         2319    i.timer_list_handler  app_timer.o
    0x0001fa68   0x00000010   Code   RO         2320    i.timer_list_handler_sched  app_timer.o
    0x0001fa78   0x00000040   Code   RO         2321    i.timer_list_insert  app_timer.o
    0x0001fab8   0x00000080   Code   RO         2322    i.timer_timeouts_check  app_timer.o
    0x0001fb38   0x00000078   Code   RO          180    i.timers_init       main.o
    0x0001fbb0   0x0000002c   Code   RO         1732    i.tx_byte           nrf_drv_uart.o
    0x0001fbdc   0x00000020   Code   RO         1733    i.tx_done_event     nrf_drv_uart.o
    0x0001fbfc   0x00000128   Code   RO         1734    i.uart_irq_handler  nrf_drv_uart.o
    0x0001fd24   0x0000000a   Code   RO          626    i.uint16_encode     ble_advdata.o
    0x0001fd2e   0x00000002   PAD
    0x0001fd30   0x00000014   Code   RO         1103    i.update_status_bit_reset  device_manager_peripheral.o
    0x0001fd44   0x00000064   Code   RO          836    i.update_timeout_handler  ble_conn_params.o
    0x0001fda8   0x00000054   Code   RO         2323    i.user_id_get       app_timer.o
    0x0001fdfc   0x00000026   Code   RO         2324    i.user_op_alloc     app_timer.o
    0x0001fe22   0x00000030   Code   RO          627    i.uuid_list_encode  ble_advdata.o
    0x0001fe52   0x000000ae   Code   RO          628    i.uuid_list_sized_encode  ble_advdata.o
    0x0001ff00   0x00000010   Code   RO          701    i.whitelist_has_entries  ble_advertising.o
    0x0001ff10   0x00000014   Data   RO          186    .constdata          main.o
    0x0001ff24   0x0000003c   Data   RO          473    .constdata          bsp.o
    0x0001ff60   0x00000004   Data   RO          839    .constdata          ble_conn_params.o
    0x0001ff64   0x00000030   Data   RO         1105    .constdata          device_manager_peripheral.o
    0x0001ff94   0x00000028   Data   RO         1920    .constdata          pstorage.o
    0x0001ffbc   0x00000008   Data   RO         2127    .constdata          app_button.o
    0x0001ffc4   0x00000009   Data   RO         2845    .conststring        segger_rtt.o
    0x0001ffcd   0x00000003   PAD
    0x0001ffd0   0x00000020   Data   RO         3588    Region$$Table       anon$$obj.o


    Execution Region RW_IRAM1 (Base: 0x20002080, Size: 0x00001ea0, Max: 0x00005f80, ABSOLUTE, COMPRESSED[0x00000054])

    Base Addr    Size         Type   Attr      Idx    E Section Name        Object

    0x20002080   0x00000048   Data   RW          187    .data               main.o
    0x200020c8   0x00000018   Data   RW          474    .data               bsp.o
    0x200020e0   0x00000008   Data   RW          580    .data               bsp_btn_ble.o
    0x200020e8   0x0000001f   Data   RW          703    .data               ble_advertising.o
    0x20002107   0x00000001   PAD
    0x20002108   0x00000014   Data   RW          840    .data               ble_conn_params.o
    0x2000211c   0x0000004a   Data   RW          901    .data               ble_dis.o
    0x20002166   0x00000002   PAD
    0x20002168   0x00000018   Data   RW         1107    .data               device_manager_peripheral.o
    0x20002180   0x00000024   Data   RW         1921    .data               pstorage.o
    0x200021a4   0x00000014   Data   RW         2128    .data               app_button.o
    0x200021b8   0x00000020   Data   RW         2325    .data               app_timer.o
    0x200021d8   0x0000001c   Data   RW         2742    .data               softdevice_handler.o
    0x200021f4   0x0000007c   Data   RW         2846    .data               segger_rtt.o
    0x20002270   0x00000004   Data   RW         3052    .data               system_nrf51.o
    0x20002274   0x0000003c   Zero   RW            8    .bss                advertiser_beacon.o
    0x200022b0   0x00000020   Zero   RW          181    .bss                main.o
    0x200022d0   0x00000020   Zero   RW          182    .bss                main.o
    0x200022f0   0x00000020   Zero   RW          183    .bss                main.o
    0x20002310   0x00000020   Zero   RW          184    .bss                main.o
    0x20002330   0x000002f8   Zero   RW          185    .bss                main.o
    0x20002628   0x00000020   Zero   RW          469    .bss                bsp.o
    0x20002648   0x00000020   Zero   RW          470    .bss                bsp.o
    0x20002668   0x0000000c   Zero   RW          471    .bss                bsp.o
    0x20002674   0x00000020   Zero   RW          472    .bss                bsp.o
    0x20002694   0x00000103   Zero   RW          702    .bss                ble_advertising.o
    0x20002797   0x00000001   PAD
    0x20002798   0x00000020   Zero   RW          837    .bss                ble_conn_params.o
    0x200027b8   0x0000001c   Zero   RW          838    .bss                ble_conn_params.o
    0x200027d4   0x00000127   Zero   RW         1104    .bss                device_manager_peripheral.o
    0x200028fb   0x00000001   PAD
    0x200028fc   0x00000048   Zero   RW         1549    .bss                nrf_drv_gpiote.o
    0x20002944   0x0000001c   Zero   RW         1735    .bss                nrf_drv_uart.o
    0x20002960   0x000000d8   Zero   RW         1919    .bss                pstorage.o
    0x20002a38   0x00000020   Zero   RW         2126    .bss                app_button.o
    0x20002a58   0x00000058   Zero   RW         2514    .bss                fstorage.o
    0x20002ab0   0x00000400   Zero   RW         2843    .bss                segger_rtt.o
    0x20002eb0   0x00000010   Zero   RW         2844    .bss                segger_rtt.o
    0x20002ec0   0x00000060   Zero   RW         3523    .bss                c_p.l(libspace.o)
    0x20002f20   0x00000800   Zero   RW         3041    HEAP                arm_startup_nrf51.o
    0x20003720   0x00000800   Zero   RW         3040    STACK               arm_startup_nrf51.o


==============================================================================

Image component sizes


      Code (inc. data)   RO Data    RW Data    ZI Data      Debug   Object Name

       246         18          0          0         60      69847   advertiser_beacon.o
       328         34          8         20         32       8578   app_button.o
        24          4          0          0          0       2141   app_error.o
        28         10          0          0          0       7054   app_error_weak.o
      1696        150          0         32          0      29675   app_timer.o
        84         36        192          0       4096        752   arm_startup_nrf51.o
      1588          6          0          0          0      16376   ble_advdata.o
      1098         44          0         31        259      16701   ble_advertising.o
       594         20          0          0          0      12699   ble_bas.o
       460         58          4         20         60       6300   ble_conn_params.o
       518         16          0         74          0       5843   ble_dis.o
        52          0          0          0          0       2931   ble_hrs.o
       594         20          0          0          0       6087   ble_slope.o
        30          0          0          0          0       1996   ble_srv_common.o
      1114        118         60         24        108      21749   bsp.o
       164          4          0          8          0       4236   bsp_btn_ble.o
      2732        198         48         24        295      31049   device_manager_peripheral.o
        24          6          0          0         88       3596   fstorage.o
      1980        352         20         72        888      87635   main.o
        96         18          0          0          0       8500   nrf_drv_common.o
      1036        126          0          0         72      21688   nrf_drv_gpiote.o
       490         58          0          0         28      13653   nrf_drv_uart.o
      2830        262         40         36        216      37162   pstorage.o
         2          0          0          0          0        452   rtt_syscalls_keil.o
       174          4          9        124       1040       2874   segger_rtt.o
       106          0          0          0          0       3615   sensorsim.o
       470         62          0         28          0      23013   softdevice_handler.o
       232         36          0          4          0       2235   system_nrf51.o

    ----------------------------------------------------------------------
     18824       1660        416        500       7244     448437   Object Totals
         0          0         32          0          0          0   (incl. Generated)
        34          0          3          3          2          0   (incl. Padding)

    ----------------------------------------------------------------------

      Code (inc. data)   RO Data    RW Data    ZI Data      Debug   Library Member Name

        86          0          0          0          0          0   __dczerorl2.o
         8          0          0          0          0         68   __main.o
         0          0          0          0          0          0   __rtentry.o
        12          0          0          0          0          0   __rtentry2.o
         6          0          0          0          0          0   __rtentry4.o
        60          8          0          0          0          0   __scatter.o
        28          0          0          0          0          0   __scatter_zi.o
       346          0          0          0          0         92   aeabi_sdiv.o
        16          0          0          0          0         68   exit.o
         6          0          0          0          0        136   heapauxi.o
         2          0          0          0          0          0   libinit.o
         2          0          0          0          0          0   libinit2.o
         2          0          0          0          0          0   libshutdown.o
         2          0          0          0          0          0   libshutdown2.o
         8          4          0          0         96         68   libspace.o
        90          0          0          0          0         68   memcmp.o
        64          0          0          0          0        108   rt_memclr.o
       186          0          0          0          0        144   rt_memcpy.o
       150          0          0          0          0        104   rt_memmove.o
         2          0          0          0          0          0   rtexit.o
        10          0          0          0          0          0   rtexit2.o
        68          6          0          0          0         72   strlen.o
        62          0          0          0          0         80   sys_stackheap_outer.o
         2          0          0          0          0         68   use_no_semi.o
         2          0          0          0          0         68   use_no_semi_2.o

    ----------------------------------------------------------------------
      1224         18          0          0         96       1144   Library Totals
         4          0          0          0          0          0   (incl. Padding)

    ----------------------------------------------------------------------

      Code (inc. data)   RO Data    RW Data    ZI Data      Debug   Library Name

      1220         18          0          0         96       1144   c_p.l

    ----------------------------------------------------------------------
      1224         18          0          0         96       1144   Library Totals

    ----------------------------------------------------------------------

==============================================================================


      Code (inc. data)   RO Data    RW Data    ZI Data      Debug   

     20048       1678        416        500       7340     439737   Grand Totals
     20048       1678        416         84       7340     439737   ELF Image Totals (compressed)
     20048       1678        416         84          0          0   ROM Totals

==============================================================================

    Total RO  Size (Code + RO Data)                20464 (  19.98kB)
    Total RW  Size (RW Data + ZI Data)              7840 (   7.66kB)
    Total ROM Size (Code + RO Data + RW Data)      20548 (  20.07kB)

==============================================================================

