<html>
<body>
<pre>
<h1>µVision Build Log</h1>
<h2>Tool Versions:</h2>
IDE-Version: µVision V5.18.0.0
Copyright (C) 2016 ARM Ltd and ARM Germany GmbH. All rights reserved.
License Information: D Dave, Microsoft, LIC=----
 
Tool Versions:
Toolchain:       MDK-Lite  Version: 5.18
Toolchain Path:  C:\Keil_v5\ARM\ARMCC\Bin
C Compiler:      Armcc.exe V5.06 update 1 (build 61)
Assembler:       Armasm.exe V5.06 update 1 (build 61)
Linker/Locator:  ArmLink.exe V5.06 update 1 (build 61)
Library Manager: ArmAr.exe V5.06 update 1 (build 61)
Hex Converter:   FromElf.exe V5.06 update 1 (build 61)
CPU DLL:         
Dialog DLL:      
Target DLL:      Segger\JL2CM3.dll V2.99.18.0
Dialog DLL:      TARMCM1.DLL V1.9.0.0
 
<h2>Project:</h2>
C:\Users\Dave\Documents\GitHub\nrf51_repo\Scope_Firmware_ARM\app\pca10028\s130\arm5_no_packs\experimental_ble_app_hrs_advertiser_s130_pca10028.uvprojx
Project File Date:  06/08/2016

<h2>Output:</h2>
*** Using Compiler 'V5.06 update 1 (build 61)', folder: 'C:\Keil_v5\ARM\ARMCC\Bin'
Rebuild target 'nrf51422_xxac_s130'
compiling advertiser_beacon.c...
compiling bsp.c...
compiling main.c...
..\..\..\main.c(420): warning:  #177-D: variable "body_sensor_location" was declared but never referenced
      uint8_t        body_sensor_location;
..\..\..\main.c(142): warning:  #177-D: variable "m_heart_rate_timer_id" was declared but never referenced
  APP_TIMER_DEF(m_heart_rate_timer_id);                                                   /**< Heart rate measurement timer. */
..\..\..\main.c: 2 warnings, 0 errors
compiling bsp_btn_ble.c...
compiling ble_advdata.c...
compiling ble_advertising.c...
compiling ble_bas.c...
compiling ble_conn_params.c...
compiling ble_dis.c...
compiling ble_hrs.c...
compiling ble_srv_common.c...
compiling ble_slope.c...
compiling device_manager_peripheral.c...
compiling app_uart_fifo.c...
compiling nrf_delay.c...
compiling nrf_drv_common.c...
compiling nrf_drv_gpiote.c...
compiling nrf_drv_uart.c...
compiling pstorage.c...
compiling app_button.c...
compiling app_error.c...
compiling app_error_weak.c...
compiling app_fifo.c...
compiling app_trace.c...
compiling app_timer.c...
compiling app_util_platform.c...
compiling fstorage.c...
compiling sensorsim.c...
compiling nrf_assert.c...
compiling SEGGER_RTT.c...
compiling nrf_log.c...
compiling SEGGER_RTT_printf.c...
C:\Keil_v5\ARM\Pack\NordicSemiconductor\RTT\SEGGER_RTT_printf.c(300): warning:  #111-D: statement is unreachable
          default:  goto FilterFieldWidth;                   break;
C:\Keil_v5\ARM\Pack\NordicSemiconductor\RTT\SEGGER_RTT_printf.c: 1 warning, 0 errors
compiling RTT_Syscalls_KEIL.c...
assembling arm_startup_nrf51.s...
compiling softdevice_handler.c...
compiling system_nrf51.c...
linking...
Program Size: Code=19280 RO-data=416 RW-data=424 ZI-data=7344  
FromELF: creating hex file...
".\_build\nrf51422_xxac_s130.axf" - 0 Error(s), 3 Warning(s).

<h2>Software Packages used:</h2>

Package Vendor: ARM
                http://www.keil.com/pack/ARM.CMSIS.4.5.0.pack
                ARM::CMSIS:CORE:4.3.0
                CMSIS (Cortex Microcontroller Software Interface Standard)
   * Component: CORE Version: 4.3.0

Package Vendor: NordicSemiconductor
                http://developer.nordicsemi.com/nRF5_SDK/pieces/nRF_DeviceFamilyPack/NordicSemiconductor.nRF_DeviceFamilyPack.8.5.0.pack
                NordicSemiconductor::Device:Startup:8.5.0
                Nordic Semiconductor nRF ARM devices Device Family Pack.
   * Component: Startup Version: 8.5.0

<h2>Collection of Component include folders:</h2>
  C:\Users\Dave\Documents\GitHub\nrf51_repo\Scope_Firmware_ARM\app\pca10028\s130\arm5_no_packs\RTE
  C:\Keil_v5\ARM\PACK\ARM\CMSIS\4.5.0\CMSIS\Include
  C:\Keil_v5\ARM\PACK\NordicSemiconductor\nRF_DeviceFamilyPack\8.5.0\Device\Include

<h2>Collection of Component Files used:</h2>

   * Component: ARM::CMSIS:CORE:4.3.0

   * Component: NordicSemiconductor::Device:Startup:8.5.0
      Source file:   Device\Source\system_nrf51.c
      Source file:   Device\Source\arm\arm_startup_nrf51.s
      Include file:  Device\Include\system_nrf51.h
Build Time Elapsed:  00:00:06
</pre>
</body>
</html>
