Component: ARM Compiler 5.06 update 1 (build 61) Tool: armlink [4d35a8]

==============================================================================

Section Cross References

    advertiser_beacon.o(i.app_beacon_init) refers to memmovea.o(.text) for __aeabi_memcpy
    advertiser_beacon.o(i.app_beacon_init) refers to advertiser_beacon.o(.bss) for .bss
    advertiser_beacon.o(i.app_beacon_start) refers to advertiser_beacon.o(i.encode_adv_packet) for encode_adv_packet
    advertiser_beacon.o(i.app_beacon_start) refers to advertiser_beacon.o(.bss) for .bss
    advertiser_beacon.o(i.app_beacon_stop) refers to advertiser_beacon.o(.bss) for .bss
    advertiser_beacon.o(i.encode_adv_packet) refers to memmovea.o(.text) for __aeabi_memcpy
    advertiser_beacon.o(i.encode_adv_packet) refers to advertiser_beacon.o(.bss) for .bss
    main.o(i.advertising_init) refers to memseta.o(.text) for __aeabi_memclr4
    main.o(i.advertising_init) refers to ble_advertising.o(i.ble_advertising_init) for ble_advertising_init
    main.o(i.advertising_init) refers to app_error.o(i.app_error_handler_bare) for app_error_handler_bare
    main.o(i.advertising_init) refers to main.o(.data) for .data
    main.o(i.advertising_init) refers to main.o(i.on_adv_evt) for on_adv_evt
    main.o(i.application_timers_start) refers to app_timer.o(i.app_timer_start) for app_timer_start
    main.o(i.application_timers_start) refers to app_error.o(i.app_error_handler_bare) for app_error_handler_bare
    main.o(i.application_timers_start) refers to main.o(.constdata) for .constdata
    main.o(i.assert_nrf_callback) refers to app_error.o(i.app_error_handler) for app_error_handler
    main.o(i.battery_level_meas_timeout_handler) refers to sensorsim.o(i.sensorsim_measure) for sensorsim_measure
    main.o(i.battery_level_meas_timeout_handler) refers to ble_bas.o(i.ble_bas_battery_level_update) for ble_bas_battery_level_update
    main.o(i.battery_level_meas_timeout_handler) refers to app_error.o(i.app_error_handler_bare) for app_error_handler_bare
    main.o(i.battery_level_meas_timeout_handler) refers to main.o(.bss) for .bss
    main.o(i.battery_level_meas_timeout_handler) refers to main.o(.data) for .data
    main.o(i.beacon_adv_init) refers to app_error.o(i.app_error_handler_bare) for app_error_handler_bare
    main.o(i.beacon_adv_init) refers to advertiser_beacon.o(i.app_beacon_init) for app_beacon_init
    main.o(i.beacon_adv_init) refers to main.o(.bss) for .bss
    main.o(i.beacon_adv_init) refers to main.o(.data) for .data
    main.o(i.beacon_adv_init) refers to main.o(i.beacon_advertiser_error_handler) for beacon_advertiser_error_handler
    main.o(i.beacon_advertiser_error_handler) refers to app_error.o(i.app_error_handler_bare) for app_error_handler_bare
    main.o(i.ble_evt_dispatch) refers to device_manager_peripheral.o(i.dm_ble_evt_handler) for dm_ble_evt_handler
    main.o(i.ble_evt_dispatch) refers to ble_hrs.o(i.ble_hrs_on_ble_evt) for ble_hrs_on_ble_evt
    main.o(i.ble_evt_dispatch) refers to ble_bas.o(i.ble_bas_on_ble_evt) for ble_bas_on_ble_evt
    main.o(i.ble_evt_dispatch) refers to ble_dev_status.o(i.ble_slope_on_ble_evt) for ble_slope_on_ble_evt
    main.o(i.ble_evt_dispatch) refers to ble_conn_params.o(i.ble_conn_params_on_ble_evt) for ble_conn_params_on_ble_evt
    main.o(i.ble_evt_dispatch) refers to bsp_btn_ble.o(i.bsp_btn_ble_on_ble_evt) for bsp_btn_ble_on_ble_evt
    main.o(i.ble_evt_dispatch) refers to bsp.o(i.bsp_indication_set) for bsp_indication_set
    main.o(i.ble_evt_dispatch) refers to app_error.o(i.app_error_handler_bare) for app_error_handler_bare
    main.o(i.ble_evt_dispatch) refers to advertiser_beacon.o(i.app_beacon_start) for app_beacon_start
    main.o(i.ble_evt_dispatch) refers to advertiser_beacon.o(i.app_beacon_stop) for app_beacon_stop
    main.o(i.ble_evt_dispatch) refers to main.o(i.advertising_init) for advertising_init
    main.o(i.ble_evt_dispatch) refers to ble_advertising.o(i.ble_advertising_start) for ble_advertising_start
    main.o(i.ble_evt_dispatch) refers to ble_advertising.o(i.ble_advertising_on_ble_evt) for ble_advertising_on_ble_evt
    main.o(i.ble_evt_dispatch) refers to main.o(.bss) for .bss
    main.o(i.ble_evt_dispatch) refers to main.o(.data) for .data
    main.o(i.ble_stack_init) refers to softdevice_handler.o(i.softdevice_handler_init) for softdevice_handler_init
    main.o(i.ble_stack_init) refers to app_error.o(i.app_error_handler_bare) for app_error_handler_bare
    main.o(i.ble_stack_init) refers to softdevice_handler.o(i.softdevice_enable_get_default_config) for softdevice_enable_get_default_config
    main.o(i.ble_stack_init) refers to softdevice_handler.o(i.sd_check_ram_start) for sd_check_ram_start
    main.o(i.ble_stack_init) refers to softdevice_handler.o(i.softdevice_enable) for softdevice_enable
[...]
    i.flash_operation_success_run            0x0001dea8   Section        0  pstorage.o(i.flash_operation_success_run)
    flash_operation_success_run              0x0001dea9   Thumb Code   114  pstorage.o(i.flash_operation_success_run)
    i.flash_page_erase                       0x0001df28   Section        0  pstorage.o(i.flash_page_erase)
    flash_page_erase                         0x0001df29   Thumb Code    10  pstorage.o(i.flash_page_erase)
    i.flash_write                            0x0001df32   Section        0  pstorage.o(i.flash_write)
    flash_write                              0x0001df33   Thumb Code    10  pstorage.o(i.flash_write)
    i.fs_queued_op_count_get                 0x0001df3c   Section        0  fstorage.o(i.fs_queued_op_count_get)
    i.gap_params_init                        0x0001df54   Section        0  main.o(i.gap_params_init)
    gap_params_init                          0x0001df55   Thumb Code    72  main.o(i.gap_params_init)
    i.gattc_context_apply                    0x0001dfac   Section        0  device_manager_peripheral.o(i.gattc_context_apply)
    gattc_context_apply                      0x0001dfad   Thumb Code     4  device_manager_peripheral.o(i.gattc_context_apply)
    i.gattc_context_load                     0x0001dfb0   Section        0  device_manager_peripheral.o(i.gattc_context_load)
    gattc_context_load                       0x0001dfb1   Thumb Code     4  device_manager_peripheral.o(i.gattc_context_load)
    i.gattc_context_store                    0x0001dfb4   Section        0  device_manager_peripheral.o(i.gattc_context_store)
    gattc_context_store                      0x0001dfb5   Thumb Code     4  device_manager_peripheral.o(i.gattc_context_store)
    i.gatts_context_apply                    0x0001dfb8   Section        0  device_manager_peripheral.o(i.gatts_context_apply)
    gatts_context_apply                      0x0001dfb9   Thumb Code   160  device_manager_peripheral.o(i.gatts_context_apply)
    i.gatts_context_load                     0x0001e068   Section        0  device_manager_peripheral.o(i.gatts_context_load)
    gatts_context_load                       0x0001e069   Thumb Code    44  device_manager_peripheral.o(i.gatts_context_load)
    i.gatts_context_store                    0x0001e098   Section        0  device_manager_peripheral.o(i.gatts_context_store)
    gatts_context_store                      0x0001e099   Thumb Code   158  device_manager_peripheral.o(i.gatts_context_store)
    i.gattsc_context_apply                   0x0001e144   Section        0  device_manager_peripheral.o(i.gattsc_context_apply)
    gattsc_context_apply                     0x0001e145   Thumb Code     8  device_manager_peripheral.o(i.gattsc_context_apply)
    i.gattsc_context_load                    0x0001e14c   Section        0  device_manager_peripheral.o(i.gattsc_context_load)
    gattsc_context_load                      0x0001e14d   Thumb Code     8  device_manager_peripheral.o(i.gattsc_context_load)
    i.gattsc_context_store                   0x0001e154   Section        0  device_manager_peripheral.o(i.gattsc_context_store)
    gattsc_context_store                     0x0001e155   Thumb Code     8  device_manager_peripheral.o(i.gattsc_context_store)
    i.gpiote_event_handler                   0x0001e15c   Section        0  app_button.o(i.gpiote_event_handler)
    gpiote_event_handler                     0x0001e15d   Thumb Code    72  app_button.o(i.gpiote_event_handler)
    i.hardware_rev_char_add                  0x0001e1ac   Section        0  ble_dev_status.o(i.hardware_rev_char_add)
    hardware_rev_char_add                    0x0001e1ad   Thumb Code   130  ble_dev_status.o(i.hardware_rev_char_add)
    i.head_restore_state_run                 0x0001e234   Section        0  pstorage.o(i.head_restore_state_run)
    head_restore_state_run                   0x0001e235   Thumb Code   110  pstorage.o(i.head_restore_state_run)
    i.heart_rate_meas_timeout_handler        0x0001e2ac   Section        0  main.o(i.heart_rate_meas_timeout_handler)
    heart_rate_meas_timeout_handler          0x0001e2ad   Thumb Code    76  main.o(i.heart_rate_meas_timeout_handler)
    i.heart_rate_measurement_char_add        0x0001e308   Section        0  ble_hrs.o(i.heart_rate_measurement_char_add)
    heart_rate_measurement_char_add          0x0001e309   Thumb Code   172  ble_hrs.o(i.heart_rate_measurement_char_add)
    i.hrm_encode                             0x0001e3b8   Section        0  ble_hrs.o(i.hrm_encode)
    hrm_encode                               0x0001e3b9   Thumb Code   136  ble_hrs.o(i.hrm_encode)
    i.intern_softdevice_events_execute       0x0001e440   Section        0  softdevice_handler.o(i.intern_softdevice_events_execute)
    i.is_conn_params_ok                      0x0001e4b8   Section        0  ble_conn_params.o(i.is_conn_params_ok)
    is_conn_params_ok                        0x0001e4b9   Thumb Code    24  ble_conn_params.o(i.is_conn_params_ok)
    i.is_manual_peripheral_setup_needed      0x0001e4d4   Section        0  system_nrf51.o(i.is_manual_peripheral_setup_needed)
    is_manual_peripheral_setup_needed        0x0001e4d5   Thumb Code    66  system_nrf51.o(i.is_manual_peripheral_setup_needed)
    i.is_page_erase_required                 0x0001e51c   Section        0  pstorage.o(i.is_page_erase_required)
    is_page_erase_required                   0x0001e51d   Thumb Code    60  pstorage.o(i.is_page_erase_required)
    i.is_word_aligned                        0x0001e560   Section        0  pstorage.o(i.is_word_aligned)
    is_word_aligned                          0x0001e561   Thumb Code    12  pstorage.o(i.is_word_aligned)
    i.le_role_encode                         0x0001e56c   Section        0  ble_advdata.o(i.le_role_encode)
    le_role_encode                           0x0001e56d   Thumb Code    84  ble_advdata.o(i.le_role_encode)
    i.leds_timer_handler                     0x0001e5c0   Section        0  bsp.o(i.leds_timer_handler)
    leds_timer_handler                       0x0001e5c1   Thumb Code    18  bsp.o(i.leds_timer_handler)
    i.list_deletions_handler                 0x0001e5d8   Section        0  app_timer.o(i.list_deletions_handler)
    list_deletions_handler                   0x0001e5d9   Thumb Code   180  app_timer.o(i.list_deletions_handler)
    i.list_insertions_handler                0x0001e694   Section        0  app_timer.o(i.list_insertions_handler)
    list_insertions_handler                  0x0001e695   Thumb Code   202  app_timer.o(i.list_insertions_handler)
    i.main                                   0x0001e768   Section        0  main.o(i.main)
    i.main_state_err_busy_process            0x0001e82c   Section        0  pstorage.o(i.main_state_err_busy_process)
    main_state_err_busy_process              0x0001e82d   Thumb Code    20  pstorage.o(i.main_state_err_busy_process)
    i.manuf_specific_data_encode             0x0001e844   Section        0  ble_advdata.o(i.manuf_specific_data_encode)
    manuf_specific_data_encode               0x0001e845   Thumb Code   104  ble_advdata.o(i.manuf_specific_data_encode)
    i.name_encode                            0x0001e8ac   Section        0  ble_advdata.o(i.name_encode)
    name_encode                              0x0001e8ad   Thumb Code   158  ble_advdata.o(i.name_encode)
    i.no_service_context_apply               0x0001e94a   Section        0  device_manager_peripheral.o(i.no_service_context_apply)
    no_service_context_apply                 0x0001e94b   Thumb Code     4  device_manager_peripheral.o(i.no_service_context_apply)
    i.no_service_context_load                0x0001e94e   Section        0  device_manager_peripheral.o(i.no_service_context_load)
    no_service_context_load                  0x0001e94f   Thumb Code     4  device_manager_peripheral.o(i.no_service_context_load)
    i.no_service_context_store               0x0001e952   Section        0  device_manager_peripheral.o(i.no_service_context_store)
    no_service_context_store                 0x0001e953   Thumb Code     4  device_manager_peripheral.o(i.no_service_context_store)
    i.nrf_drv_common_irq_enable              0x0001e958   Section        0  nrf_drv_common.o(i.nrf_drv_common_irq_enable)
    i.nrf_drv_gpiote_in_event_enable         0x0001e9b8   Section        0  nrf_drv_gpiote.o(i.nrf_drv_gpiote_in_event_enable)
    i.nrf_drv_gpiote_in_init                 0x0001ea58   Section        0  nrf_drv_gpiote.o(i.nrf_drv_gpiote_in_init)
    i.nrf_drv_gpiote_in_is_set               0x0001eafc   Section        0  nrf_drv_gpiote.o(i.nrf_drv_gpiote_in_is_set)
    i.nrf_drv_gpiote_init                    0x0001eb10   Section        0  nrf_drv_gpiote.o(i.nrf_drv_gpiote_init)
    i.nrf_drv_gpiote_is_init                 0x0001eb64   Section        0  nrf_drv_gpiote.o(i.nrf_drv_gpiote_is_init)
    i.nrf_gpio_cfg                           0x0001eb74   Section        0  nrf_drv_gpiote.o(i.nrf_gpio_cfg)
    nrf_gpio_cfg                             0x0001eb75   Thumb Code    32  nrf_drv_gpiote.o(i.nrf_gpio_cfg)
    i.nrf_gpio_cfg_sense_set                 0x0001eb98   Section        0  nrf_drv_gpiote.o(i.nrf_gpio_cfg_sense_set)
    nrf_gpio_cfg_sense_set                   0x0001eb99   Thumb Code    26  nrf_drv_gpiote.o(i.nrf_gpio_cfg_sense_set)
    i.nrf_gpiote_event_is_set                0x0001ebb8   Section        0  nrf_drv_gpiote.o(i.nrf_gpiote_event_is_set)
    nrf_gpiote_event_is_set                  0x0001ebb9   Thumb Code    14  nrf_drv_gpiote.o(i.nrf_gpiote_event_is_set)
    i.nrf_uart_event_check                   0x0001ebcc   Section        0  nrf_drv_uart.o(i.nrf_uart_event_check)
    nrf_uart_event_check                     0x0001ebcd   Thumb Code    10  nrf_drv_uart.o(i.nrf_uart_event_check)
    i.nrf_uart_int_enable_check              0x0001ebd6   Section        0  nrf_drv_uart.o(i.nrf_uart_int_enable_check)
    nrf_uart_int_enable_check                0x0001ebd7   Thumb Code    16  nrf_drv_uart.o(i.nrf_uart_int_enable_check)
    i.on_adv_evt                             0x0001ebe6   Section        0  main.o(i.on_adv_evt)
    on_adv_evt                               0x0001ebe7   Thumb Code    32  main.o(i.on_adv_evt)
    i.on_conn_params_evt                     0x0001ec08   Section        0  main.o(i.on_conn_params_evt)
    on_conn_params_evt                       0x0001ec09   Thumb Code    26  main.o(i.on_conn_params_evt)
    i.peer_address_exists                    0x0001ec28   Section        0  ble_advertising.o(i.peer_address_exists)
    peer_address_exists                      0x0001ec29   Thumb Code    22  ble_advertising.o(i.peer_address_exists)
    i.peer_instance_init                     0x0001ec40   Section        0  device_manager_peripheral.o(i.peer_instance_init)
    peer_instance_init                       0x0001ec41   Thumb Code    50  device_manager_peripheral.o(i.peer_instance_init)
    i.pin_in_use_by_port                     0x0001ec78   Section        0  nrf_drv_gpiote.o(i.pin_in_use_by_port)
    pin_in_use_by_port                       0x0001ec79   Thumb Code    20  nrf_drv_gpiote.o(i.pin_in_use_by_port)
    i.pin_in_use_by_te                       0x0001ec90   Section        0  nrf_drv_gpiote.o(i.pin_in_use_by_te)
    pin_in_use_by_te                         0x0001ec91   Thumb Code    20  nrf_drv_gpiote.o(i.pin_in_use_by_te)
    i.pnp_id_encode                          0x0001eca8   Section        0  ble_dis.o(i.pnp_id_encode)
    pnp_id_encode                            0x0001eca9   Thumb Code    54  ble_dis.o(i.pnp_id_encode)
    i.probing_errors_char_add                0x0001ece0   Section        0  ble_dev_status.o(i.probing_errors_char_add)
    probing_errors_char_add                  0x0001ece1   Thumb Code   130  ble_dev_status.o(i.probing_errors_char_add)
    i.pstorage_access_status_get             0x0001ed68   Section        0  pstorage.o(i.pstorage_access_status_get)
    i.pstorage_block_identifier_get          0x0001ed90   Section        0  pstorage.o(i.pstorage_block_identifier_get)
    i.pstorage_clear                         0x0001ede4   Section        0  pstorage.o(i.pstorage_clear)
    i.pstorage_flash_page_end                0x0001ee88   Section        0  pstorage.o(i.pstorage_flash_page_end)
    pstorage_flash_page_end                  0x0001ee89   Thumb Code    32  pstorage.o(i.pstorage_flash_page_end)
    i.pstorage_flash_page_size               0x0001eeac   Section        0  pstorage.o(i.pstorage_flash_page_size)
    pstorage_flash_page_size                 0x0001eead   Thumb Code    10  pstorage.o(i.pstorage_flash_page_size)
    i.pstorage_init                          0x0001eeb8   Section        0  pstorage.o(i.pstorage_init)
    i.pstorage_load                          0x0001ef04   Section        0  pstorage.o(i.pstorage_load)
    i.pstorage_register                      0x0001efac   Section        0  pstorage.o(i.pstorage_register)
    i.pstorage_store                         0x0001f068   Section        0  pstorage.o(i.pstorage_store)
    i.pstorage_sys_event_handler             0x0001f0f8   Section        0  pstorage.o(i.pstorage_sys_event_handler)
    i.pstorage_update                        0x0001f144   Section        0  pstorage.o(i.pstorage_update)
    i.rr_interval_timeout_handler            0x0001f1d4   Section        0  main.o(i.rr_interval_timeout_handler)
    rr_interval_timeout_handler              0x0001f1d5   Thumb Code    32  main.o(i.rr_interval_timeout_handler)
    i.rtc1_stop                              0x0001f1fc   Section        0  app_timer.o(i.rtc1_stop)
    rtc1_stop                                0x0001f1fd   Thumb Code    50  app_timer.o(i.rtc1_stop)
    i.rx_byte                                0x0001f240   Section        0  nrf_drv_uart.o(i.rx_byte)
    rx_byte                                  0x0001f241   Thumb Code    42  nrf_drv_uart.o(i.rx_byte)
    i.rx_done_event                          0x0001f278   Section        0  nrf_drv_uart.o(i.rx_done_event)
    rx_done_event                            0x0001f279   Thumb Code    22  nrf_drv_uart.o(i.rx_done_event)
    i.sd_check_ram_start                     0x0001f294   Section        0  softdevice_handler.o(i.sd_check_ram_start)
    i.sd_nvic_EnableIRQ                      0x0001f2a4   Section        0  softdevice_handler.o(i.sd_nvic_EnableIRQ)
    sd_nvic_EnableIRQ                        0x0001f2a5   Thumb Code   116  softdevice_handler.o(i.sd_nvic_EnableIRQ)
    i.sensor_contact_detected_timeout_handler 0x0001f330   Section        0  main.o(i.sensor_contact_detected_timeout_handler)
    sensor_contact_detected_timeout_handler  0x0001f331   Thumb Code    20  main.o(i.sensor_contact_detected_timeout_handler)
    i.sensor_simulator_init                  0x0001f34c   Section        0  main.o(i.sensor_simulator_init)
    sensor_simulator_init                    0x0001f34d   Thumb Code    84  main.o(i.sensor_simulator_init)
    i.sensorsim_decrement                    0x0001f3a8   Section        0  sensorsim.o(i.sensorsim_decrement)
    i.sensorsim_increment                    0x0001f3c4   Section        0  sensorsim.o(i.sensorsim_increment)
    i.sensorsim_init                         0x0001f3e0   Section        0  sensorsim.o(i.sensorsim_init)
    i.sensorsim_measure                      0x0001f3f8   Section        0  sensorsim.o(i.sensorsim_measure)
    i.service_data_encode                    0x0001f412   Section        0  ble_advdata.o(i.service_data_encode)
    service_data_encode                      0x0001f413   Thumb Code   142  ble_advdata.o(i.service_data_encode)
    i.services_init                          0x0001f4a0   Section        0  main.o(i.services_init)
    services_init                            0x0001f4a1   Thumb Code   234  main.o(i.services_init)
    i.sleep_mode_enter                       0x0001f5a4   Section        0  main.o(i.sleep_mode_enter)
    sleep_mode_enter                         0x0001f5a5   Thumb Code    40  main.o(i.sleep_mode_enter)
    i.slope_char_add                         0x0001f5cc   Section        0  ble_dev_status.o(i.slope_char_add)
    slope_char_add                           0x0001f5cd   Thumb Code   132  ble_dev_status.o(i.slope_char_add)
    i.sm_state_change                        0x0001f658   Section        0  pstorage.o(i.sm_state_change)
    sm_state_change                          0x0001f659   Thumb Code    62  pstorage.o(i.sm_state_change)
    i.snow_profile_char_add                  0x0001f6a0   Section        0  ble_dev_status.o(i.snow_profile_char_add)
    snow_profile_char_add                    0x0001f6a1   Thumb Code   130  ble_dev_status.o(i.snow_profile_char_add)
    i.softdevice_ble_evt_handler_set         0x0001f728   Section        0  softdevice_handler.o(i.softdevice_ble_evt_handler_set)
    i.softdevice_enable                      0x0001f73c   Section        0  softdevice_handler.o(i.softdevice_enable)
    i.softdevice_enable_get_default_config   0x0001f750   Section        0  softdevice_handler.o(i.softdevice_enable_get_default_config)
    i.softdevice_fault_handler               0x0001f77a   Section        0  softdevice_handler.o(i.softdevice_fault_handler)
    i.softdevice_handler_init                0x0001f784   Section        0  softdevice_handler.o(i.softdevice_handler_init)
    i.softdevice_sys_evt_handler_set         0x0001f7b8   Section        0  softdevice_handler.o(i.softdevice_sys_evt_handler_set)
    i.state_data_erase_swap_entry_run        0x0001f7cc   Section        0  pstorage.o(i.state_data_erase_swap_entry_run)
    state_data_erase_swap_entry_run          0x0001f7cd   Thumb Code    92  pstorage.o(i.state_data_erase_swap_entry_run)
    i.state_erase_data_page_entry_run        0x0001f830   Section        0  pstorage.o(i.state_erase_data_page_entry_run)
    state_erase_data_page_entry_run          0x0001f831   Thumb Code    12  pstorage.o(i.state_erase_data_page_entry_run)
    i.state_restore_head_entry_run           0x0001f840   Section        0  pstorage.o(i.state_restore_head_entry_run)
    state_restore_head_entry_run             0x0001f841   Thumb Code    36  pstorage.o(i.state_restore_head_entry_run)
    i.state_restore_tail_entry_run           0x0001f868   Section        0  pstorage.o(i.state_restore_tail_entry_run)
    state_restore_tail_entry_run             0x0001f869   Thumb Code    66  pstorage.o(i.state_restore_tail_entry_run)
    i.state_swap_erase_entry_run             0x0001f8b4   Section        0  pstorage.o(i.state_swap_erase_entry_run)
    state_swap_erase_entry_run               0x0001f8b5   Thumb Code    32  pstorage.o(i.state_swap_erase_entry_run)
    i.state_write_data_swap_entry_run        0x0001f8d4   Section        0  pstorage.o(i.state_write_data_swap_entry_run)
    state_write_data_swap_entry_run          0x0001f8d5   Thumb Code    42  pstorage.o(i.state_write_data_swap_entry_run)
    i.storage_operation_dummy_handler        0x0001f904   Section        0  device_manager_peripheral.o(i.storage_operation_dummy_handler)
    storage_operation_dummy_handler          0x0001f905   Thumb Code     4  device_manager_peripheral.o(i.storage_operation_dummy_handler)
    i.store_cmd_flash_write_execute          0x0001f908   Section        0  pstorage.o(i.store_cmd_flash_write_execute)
    store_cmd_flash_write_execute            0x0001f909   Thumb Code    82  pstorage.o(i.store_cmd_flash_write_execute)
    i.swap_erase_state_run                   0x0001f964   Section        0  pstorage.o(i.swap_erase_state_run)
    swap_erase_state_run                     0x0001f965   Thumb Code    24  pstorage.o(i.swap_erase_state_run)
    i.swap_sub_state_err_busy_process        0x0001f980   Section        0  pstorage.o(i.swap_sub_state_err_busy_process)
    swap_sub_state_err_busy_process          0x0001f981   Thumb Code    20  pstorage.o(i.swap_sub_state_err_busy_process)
    i.swap_sub_state_state_change            0x0001f998   Section        0  pstorage.o(i.swap_sub_state_state_change)
    swap_sub_state_state_change              0x0001f999   Thumb Code    12  pstorage.o(i.swap_sub_state_state_change)
    i.sys_evt_dispatch                       0x0001f9ac   Section        0  main.o(i.sys_evt_dispatch)
    sys_evt_dispatch                         0x0001f9ad   Thumb Code    22  main.o(i.sys_evt_dispatch)
    i.sys_id_encode                          0x0001f9c2   Section        0  ble_dis.o(i.sys_id_encode)
    sys_id_encode                            0x0001f9c3   Thumb Code    78  ble_dis.o(i.sys_id_encode)
    i.tail_restore_state_run                 0x0001fa10   Section        0  pstorage.o(i.tail_restore_state_run)
    tail_restore_state_run                   0x0001fa11   Thumb Code    22  pstorage.o(i.tail_restore_state_run)
    i.timer_list_handler                     0x0001fa2c   Section        0  app_timer.o(i.timer_list_handler)
    timer_list_handler                       0x0001fa2d   Thumb Code   128  app_timer.o(i.timer_list_handler)
    i.timer_list_handler_sched               0x0001fab0   Section        0  app_timer.o(i.timer_list_handler_sched)
    timer_list_handler_sched                 0x0001fab1   Thumb Code    10  app_timer.o(i.timer_list_handler_sched)
    i.timer_list_insert                      0x0001fac0   Section        0  app_timer.o(i.timer_list_insert)
    timer_list_insert                        0x0001fac1   Thumb Code    60  app_timer.o(i.timer_list_insert)
    i.timer_timeouts_check                   0x0001fb00   Section        0  app_timer.o(i.timer_timeouts_check)
    timer_timeouts_check                     0x0001fb01   Thumb Code   118  app_timer.o(i.timer_timeouts_check)
    i.timers_init                            0x0001fb80   Section        0  main.o(i.timers_init)
    timers_init                              0x0001fb81   Thumb Code   102  main.o(i.timers_init)
    i.tx_byte                                0x0001fc00   Section        0  nrf_drv_uart.o(i.tx_byte)
    tx_byte                                  0x0001fc01   Thumb Code    30  nrf_drv_uart.o(i.tx_byte)
    i.tx_done_event                          0x0001fc2c   Section        0  nrf_drv_uart.o(i.tx_done_event)
    tx_done_event                            0x0001fc2d   Thumb Code    26  nrf_drv_uart.o(i.tx_done_event)
    i.uart_irq_handler                       0x0001fc4c   Section        0  nrf_drv_uart.o(i.uart_irq_handler)
    uart_irq_handler                         0x0001fc4d   Thumb Code   278  nrf_drv_uart.o(i.uart_irq_handler)
    i.uint16_encode                          0x0001fd74   Section        0  ble_advdata.o(i.uint16_encode)
    uint16_encode                            0x0001fd75   Thumb Code    10  ble_advdata.o(i.uint16_encode)
    i.update_status_bit_reset                0x0001fd80   Section        0  device_manager_peripheral.o(i.update_status_bit_reset)
    update_status_bit_reset                  0x0001fd81   Thumb Code    14  device_manager_peripheral.o(i.update_status_bit_reset)
    i.update_timeout_handler                 0x0001fd94   Section        0  ble_conn_params.o(i.update_timeout_handler)
    update_timeout_handler                   0x0001fd95   Thumb Code    86  ble_conn_params.o(i.update_timeout_handler)
    i.user_id_get                            0x0001fdf8   Section        0  app_timer.o(i.user_id_get)
    user_id_get                              0x0001fdf9   Thumb Code    76  app_timer.o(i.user_id_get)
    i.user_op_alloc                          0x0001fe4c   Section        0  app_timer.o(i.user_op_alloc)
    user_op_alloc                            0x0001fe4d   Thumb Code    38  app_timer.o(i.user_op_alloc)
    i.uuid_list_encode                       0x0001fe72   Section        0  ble_advdata.o(i.uuid_list_encode)
    uuid_list_encode                         0x0001fe73   Thumb Code    48  ble_advdata.o(i.uuid_list_encode)
    i.uuid_list_sized_encode                 0x0001fea2   Section        0  ble_advdata.o(i.uuid_list_sized_encode)
    uuid_list_sized_encode                   0x0001fea3   Thumb Code   174  ble_advdata.o(i.uuid_list_sized_encode)
    i.whitelist_has_entries                  0x0001ff50   Section        0  ble_advertising.o(i.whitelist_has_entries)
    whitelist_has_entries                    0x0001ff51   Thumb Code    16  ble_advertising.o(i.whitelist_has_entries)
    .constdata                               0x0001ff60   Section       20  main.o(.constdata)
    m_battery_timer_id                       0x0001ff60   Data           4  main.o(.constdata)
    m_heart_rate_timer_id                    0x0001ff64   Data           4  main.o(.constdata)
    m_rr_interval_timer_id                   0x0001ff68   Data           4  main.o(.constdata)
    m_sensor_contact_timer_id                0x0001ff6c   Data           4  main.o(.constdata)
    .constdata                               0x0001ff74   Section       60  bsp.o(.constdata)
    m_leds_timer_id                          0x0001ff74   Data           4  bsp.o(.constdata)
    m_alert_timer_id                         0x0001ff78   Data           4  bsp.o(.constdata)
    m_button_timer_id                        0x0001ff7c   Data           4  bsp.o(.constdata)
    m_buttons_list                           0x0001ff80   Data          16  bsp.o(.constdata)
    app_buttons                              0x0001ff90   Data          32  bsp.o(.constdata)
    .constdata                               0x0001ffb0   Section        4  ble_conn_params.o(.constdata)
    m_conn_params_timer_id                   0x0001ffb0   Data           4  ble_conn_params.o(.constdata)
    .constdata                               0x0001ffb4   Section       48  device_manager_peripheral.o(.constdata)
    .constdata                               0x0001ffe4   Section       16  ble_dev_status.o(.constdata)
    .constdata                               0x0001fff4   Section       40  pstorage.o(.constdata)
    swap_sub_state_sm_lut                    0x0001fff4   Data          20  pstorage.o(.constdata)
    swap_sub_state_sm_lut                    0x00020008   Data          20  pstorage.o(.constdata)
    .constdata                               0x0002001c   Section        8  app_button.o(.constdata)
    m_detection_delay_timer_id               0x0002001c   Data           4  app_button.o(.constdata)
    .data                                    0x20002080   Section       68  main.o(.data)
    m_rr_interval_enabled                    0x20002080   Data           1  main.o(.data)
    sensor_contact_detected                  0x20002081   Data           1  main.o(.data)
    m_app_handle                             0x20002082   Data           1  main.o(.data)
    m_conn_handle                            0x20002084   Data           2  main.o(.data)
    cnt                                      0x20002088   Data           4  main.o(.data)
    m_battery_sim_state                      0x2000208c   Data           8  main.o(.data)
    m_heart_rate_sim_state                   0x20002094   Data           8  main.o(.data)
    m_rr_interval_sim_state                  0x2000209c   Data           8  main.o(.data)
    m_adv_uuids                              0x200020a4   Data          16  main.o(.data)
    beacon_uuid                              0x200020b4   Data          16  main.o(.data)
    .data                                    0x200020c4   Section       24  bsp.o(.data)
    m_stable_state                           0x200020c4   Data           1  bsp.o(.data)
    current_long_push_pin_no                 0x200020c5   Data           1  bsp.o(.data)
    m_app_ticks_per_100ms                    0x200020c8   Data           4  bsp.o(.data)
    m_indication_type                        0x200020cc   Data           4  bsp.o(.data)
    m_alert_mask                             0x200020d0   Data           4  bsp.o(.data)
    m_registered_callback                    0x200020d4   Data           4  bsp.o(.data)
    release_event_at_push                    0x200020d8   Data           4  bsp.o(.data)
    .data                                    0x200020dc   Section        8  bsp_btn_ble.o(.data)
    m_error_handler                          0x200020dc   Data           4  bsp_btn_ble.o(.data)
    m_num_connections                        0x200020e0   Data           4  bsp_btn_ble.o(.data)
    .data                                    0x200020e4   Section       31  ble_advertising.o(.data)
    m_advertising_start_pending              0x200020e4   Data           1  ble_advertising.o(.data)
    m_whitelist_temporarily_disabled         0x200020e5   Data           1  ble_advertising.o(.data)
    m_whitelist_reply_expected               0x200020e6   Data           1  ble_advertising.o(.data)
    m_peer_addr_reply_expected               0x200020e7   Data           1  ble_advertising.o(.data)
    m_adv_evt                                0x200020e8   Data           1  ble_advertising.o(.data)
    m_adv_mode_current                       0x200020e9   Data           1  ble_advertising.o(.data)
    m_tx_power_level                         0x200020ea   Data           1  ble_advertising.o(.data)
    current_slave_link_conn_handle           0x200020ec   Data           2  ble_advertising.o(.data)
    m_evt_handler                            0x200020f0   Data           4  ble_advertising.o(.data)
    m_error_handler                          0x200020f4   Data           4  ble_advertising.o(.data)
    m_slave_conn_int                         0x200020f8   Data           4  ble_advertising.o(.data)
    m_peer_address                           0x200020fc   Data           7  ble_advertising.o(.data)
    .data                                    0x20002104   Section       20  ble_conn_params.o(.data)
    m_change_param                           0x20002104   Data           1  ble_conn_params.o(.data)
    m_update_count                           0x20002105   Data           1  ble_conn_params.o(.data)
    m_conn_handle                            0x20002106   Data           2  ble_conn_params.o(.data)
    m_preferred_conn_params                  0x20002108   Data           8  ble_conn_params.o(.data)
    m_current_conn_params                    0x20002110   Data           8  ble_conn_params.o(.data)
    .data                                    0x20002118   Section       74  ble_dis.o(.data)
    service_handle                           0x20002118   Data           2  ble_dis.o(.data)
    manufact_name_handles                    0x2000211a   Data           8  ble_dis.o(.data)
    model_num_handles                        0x20002122   Data           8  ble_dis.o(.data)
    serial_num_handles                       0x2000212a   Data           8  ble_dis.o(.data)
    hw_rev_handles                           0x20002132   Data           8  ble_dis.o(.data)
    fw_rev_handles                           0x2000213a   Data           8  ble_dis.o(.data)
    sw_rev_handles                           0x20002142   Data           8  ble_dis.o(.data)
    sys_id_handles                           0x2000214a   Data           8  ble_dis.o(.data)
    reg_cert_data_list_handles               0x20002152   Data           8  ble_dis.o(.data)
    pnp_id_handles                           0x2000215a   Data           8  ble_dis.o(.data)
    .data                                    0x20002164   Section       24  device_manager_peripheral.o(.data)
    m_module_initialized                     0x20002164   Data           1  device_manager_peripheral.o(.data)
    m_peer_addr_update                       0x20002168   Data           4  device_manager_peripheral.o(.data)
    m_irk_index_table                        0x2000216c   Data           7  device_manager_peripheral.o(.data)
    m_storage_handle                         0x20002174   Data           8  device_manager_peripheral.o(.data)
    .data                                    0x2000217c   Section        1  ble_dev_status.o(.data)
    initial_slope                            0x2000217c   Data           1  ble_dev_status.o(.data)
    .data                                    0x20002180   Section       36  pstorage.o(.data)
    m_state                                  0x20002180   Data           1  pstorage.o(.data)
    m_swap_sub_state                         0x20002181   Data           1  pstorage.o(.data)
    m_next_app_instance                      0x20002182   Data           2  pstorage.o(.data)
    m_flags                                  0x20002184   Data           4  pstorage.o(.data)
    m_next_page_addr                         0x20002188   Data           4  pstorage.o(.data)
    m_head_word_size                         0x2000218c   Data           4  pstorage.o(.data)
    m_tail_word_size                         0x20002190   Data           4  pstorage.o(.data)
    m_current_page_id                        0x20002194   Data           4  pstorage.o(.data)
    m_num_of_command_retries                 0x20002198   Data           4  pstorage.o(.data)
    m_num_of_bytes_written                   0x2000219c   Data           4  pstorage.o(.data)
    m_app_data_size                          0x200021a0   Data           4  pstorage.o(.data)
    .data                                    0x200021a4   Section       20  app_button.o(.data)
    m_button_count                           0x200021a4   Data           1  app_button.o(.data)
    mp_buttons                               0x200021a8   Data           4  app_button.o(.data)
    m_detection_delay                        0x200021ac   Data           4  app_button.o(.data)
    m_pin_state                              0x200021b0   Data           4  app_button.o(.data)
    m_pin_transition                         0x200021b4   Data           4  app_button.o(.data)
    .data                                    0x200021b8   Section       32  app_timer.o(.data)
    m_user_array_size                        0x200021b8   Data           1  app_timer.o(.data)
    m_ticks_elapsed_q_read_ind               0x200021b9   Data           1  app_timer.o(.data)
    m_ticks_elapsed_q_write_ind              0x200021ba   Data           1  app_timer.o(.data)
    m_rtc1_running                           0x200021bb   Data           1  app_timer.o(.data)
    m_rtc1_reset                             0x200021bc   Data           1  app_timer.o(.data)
    mp_users                                 0x200021c0   Data           4  app_timer.o(.data)
    mp_timer_id_head                         0x200021c4   Data           4  app_timer.o(.data)
    m_ticks_latest                           0x200021c8   Data           4  app_timer.o(.data)
    m_evt_schedule_func                      0x200021cc   Data           4  app_timer.o(.data)
    m_ticks_elapsed                          0x200021d0   Data           8  app_timer.o(.data)
    .data                                    0x200021d8   Section       28  softdevice_handler.o(.data)
    m_softdevice_enabled                     0x200021d8   Data           1  softdevice_handler.o(.data)
    m_ble_evt_buffer_size                    0x200021da   Data           2  softdevice_handler.o(.data)
    m_evt_schedule_func                      0x200021dc   Data           4  softdevice_handler.o(.data)
    mp_ble_evt_buffer                        0x200021e0   Data           4  softdevice_handler.o(.data)
    m_ble_evt_handler                        0x200021e4   Data           4  softdevice_handler.o(.data)
    m_sys_evt_handler                        0x200021e8   Data           4  softdevice_handler.o(.data)
    .data                                    0x200021f4   Section        4  system_nrf51.o(.data)
    __tagsym$$used                           0x200021f4   Number         0  system_nrf51.o(.data)
    .bss                                     0x200021f8   Section       60  advertiser_beacon.o(.bss)
    m_beacon                                 0x200021f8   Data          60  advertiser_beacon.o(.bss)
    .bss                                     0x20002234   Section       32  main.o(.bss)
    m_battery_timer_id_data                  0x20002234   Data          32  main.o(.bss)
    .bss                                     0x20002254   Section       32  main.o(.bss)
    m_heart_rate_timer_id_data               0x20002254   Data          32  main.o(.bss)
    .bss                                     0x20002274   Section       32  main.o(.bss)
    m_rr_interval_timer_id_data              0x20002274   Data          32  main.o(.bss)
    .bss                                     0x20002294   Section       32  main.o(.bss)
    m_sensor_contact_timer_id_data           0x20002294   Data          32  main.o(.bss)
    .bss                                     0x200022b4   Section      740  main.o(.bss)
    APP_TIMER_BUF                            0x200022b4   Data         456  main.o(.bss)
    BLE_EVT_BUFFER                           0x2000247c   Data          72  main.o(.bss)
    beacon_init                              0x200024c4   Data          40  main.o(.bss)
    m_bas                                    0x200024ec   Data          24  main.o(.bss)
    m_hrs                                    0x20002504   Data          80  main.o(.bss)
    m_stat                                   0x20002554   Data          20  main.o(.bss)
    m_battery_sim_cfg                        0x20002568   Data          16  main.o(.bss)
    m_heart_rate_sim_cfg                     0x20002578   Data          16  main.o(.bss)
    m_rr_interval_sim_cfg                    0x20002588   Data          16  main.o(.bss)
    .bss                                     0x20002598   Section       32  bsp.o(.bss)
    m_leds_timer_id_data                     0x20002598   Data          32  bsp.o(.bss)
    .bss                                     0x200025b8   Section       32  bsp.o(.bss)
    m_alert_timer_id_data                    0x200025b8   Data          32  bsp.o(.bss)
    .bss                                     0x200025d8   Section       12  bsp.o(.bss)
    m_events_list                            0x200025d8   Data          12  bsp.o(.bss)
    .bss                                     0x200025e4   Section       32  bsp.o(.bss)
    m_button_timer_id_data                   0x200025e4   Data          32  bsp.o(.bss)
    .bss                                     0x20002604   Section      259  ble_advertising.o(.bss)
    m_advdata                                0x20002604   Data          56  ble_advertising.o(.bss)
    m_adv_modes_config                       0x2000263c   Data          36  ble_advertising.o(.bss)
    m_whitelist                              0x20002660   Data          16  ble_advertising.o(.bss)
    mp_whitelist_addr                        0x20002670   Data          32  ble_advertising.o(.bss)
    mp_whitelist_irk                         0x20002690   Data          32  ble_advertising.o(.bss)
    m_manuf_specific_data                    0x200026b0   Data          12  ble_advertising.o(.bss)
    m_manuf_data_array                       0x200026bc   Data          31  ble_advertising.o(.bss)
    m_service_data                           0x200026dc   Data          12  ble_advertising.o(.bss)
    m_service_data_array                     0x200026e8   Data          31  ble_advertising.o(.bss)
    .bss                                     0x20002708   Section       32  ble_conn_params.o(.bss)
    m_conn_params_timer_id_data              0x20002708   Data          32  ble_conn_params.o(.bss)
    .bss                                     0x20002728   Section       28  ble_conn_params.o(.bss)
    m_conn_params_config                     0x20002728   Data          28  ble_conn_params.o(.bss)
    .bss                                     0x20002744   Section      295  device_manager_peripheral.o(.bss)
    m_peer_table                             0x20002744   Data         196  device_manager_peripheral.o(.bss)
    m_bond_table                             0x20002808   Data          28  device_manager_peripheral.o(.bss)
    m_gatts_table                            0x20002824   Data          24  device_manager_peripheral.o(.bss)
    m_connection_table                       0x2000283c   Data          12  device_manager_peripheral.o(.bss)
    m_application_table                      0x20002848   Data          12  device_manager_peripheral.o(.bss)
    m_local_id_info                          0x20002854   Data          23  device_manager_peripheral.o(.bss)
    .bss                                     0x2000286c   Section       72  nrf_drv_gpiote.o(.bss)
    m_cb                                     0x2000286c   Data          72  nrf_drv_gpiote.o(.bss)
    .bss                                     0x200028b4   Section       28  nrf_drv_uart.o(.bss)
    m_cb                                     0x200028b4   Data          28  nrf_drv_uart.o(.bss)
    .bss                                     0x200028d0   Section      216  pstorage.o(.bss)
    m_cmd_queue                              0x200028d0   Data         204  pstorage.o(.bss)
    m_app_table                              0x2000299c   Data          12  pstorage.o(.bss)
    .bss                                     0x200029a8   Section       32  app_button.o(.bss)
    m_detection_delay_timer_id_data          0x200029a8   Data          32  app_button.o(.bss)
    .bss                                     0x200029c8   Section       88  fstorage.o(.bss)
    m_queue                                  0x200029c8   Data          88  fstorage.o(.bss)
    STACK                                    0x20002a20   Section     2048  arm_startup_nrf51.o(STACK)

    Global Symbols

    Symbol Name                              Value     Ov Type        Size  Object(Section)

    BuildAttributes$$THM_ISAv3M$S$PE$A:L22$X:L11$S22$IEEE1$IW$USESV6$~STKCKD$USESV7$~SHL$OSPACE$ROPI$EBA8$MICROLIB$REQ8$PRES8$EABIv2 0x00000000   Number         0  anon$$obj.o ABSOLUTE
    __ARM_use_no_argv                        0x00000000   Number         0  main.o ABSOLUTE
    __cpp_initialize__aeabi_                  - Undefined Weak Reference
    __cxa_finalize                            - Undefined Weak Reference
    _clock_init                               - Undefined Weak Reference
    _microlib_exit                            - Undefined Weak Reference
    fs_data$$Base                             - Undefined Reference
    fs_data$$Limit                            - Undefined Reference
    __Vectors_Size                           0x000000c0   Number         0  arm_startup_nrf51.o ABSOLUTE
    __Vectors                                0x0001b000   Data           4  arm_startup_nrf51.o(RESET)
    __Vectors_End                            0x0001b0c0   Data           0  arm_startup_nrf51.o(RESET)
    __main                                   0x0001b0c1   Thumb Code     0  entry.o(.ARM.Collect$$$$00000000)
    _main_stk                                0x0001b0c1   Thumb Code     0  entry2.o(.ARM.Collect$$$$00000001)
    _main_scatterload                        0x0001b0c5   Thumb Code     0  entry5.o(.ARM.Collect$$$$00000004)
    __main_after_scatterload                 0x0001b0c9   Thumb Code     0  entry5.o(.ARM.Collect$$$$00000004)
    _main_clock                              0x0001b0c9   Thumb Code     0  entry7b.o(.ARM.Collect$$$$00000008)
    _main_cpp_init                           0x0001b0c9   Thumb Code     0  entry8b.o(.ARM.Collect$$$$0000000A)
    _main_init                               0x0001b0c9   Thumb Code     0  entry9a.o(.ARM.Collect$$$$0000000B)
    __rt_final_cpp                           0x0001b0d1   Thumb Code     0  entry10a.o(.ARM.Collect$$$$0000000D)
    __rt_final_exit                          0x0001b0d1   Thumb Code     0  entry11a.o(.ARM.Collect$$$$0000000F)
    __asm___11_app_timer_c_cd27f9c3__nrf_delay_us 0x0001b0d5   Thumb Code    30  app_timer.o(.emb_text)
    Reset_Handler                            0x0001b0f5   Thumb Code    26  arm_startup_nrf51.o(.text)
    NMI_Handler                              0x0001b10f   Thumb Code     2  arm_startup_nrf51.o(.text)
    HardFault_Handler                        0x0001b111   Thumb Code     2  arm_startup_nrf51.o(.text)
    SVC_Handler                              0x0001b113   Thumb Code     2  arm_startup_nrf51.o(.text)
    PendSV_Handler                           0x0001b115   Thumb Code     2  arm_startup_nrf51.o(.text)
    SysTick_Handler                          0x0001b117   Thumb Code     2  arm_startup_nrf51.o(.text)
    ADC_IRQHandler                           0x0001b119   Thumb Code     0  arm_startup_nrf51.o(.text)
    CCM_AAR_IRQHandler                       0x0001b119   Thumb Code     0  arm_startup_nrf51.o(.text)
    ECB_IRQHandler                           0x0001b119   Thumb Code     0  arm_startup_nrf51.o(.text)
    LPCOMP_IRQHandler                        0x0001b119   Thumb Code     0  arm_startup_nrf51.o(.text)
    POWER_CLOCK_IRQHandler                   0x0001b119   Thumb Code     0  arm_startup_nrf51.o(.text)
    QDEC_IRQHandler                          0x0001b119   Thumb Code     0  arm_startup_nrf51.o(.text)
    RADIO_IRQHandler                         0x0001b119   Thumb Code     0  arm_startup_nrf51.o(.text)
    RNG_IRQHandler                           0x0001b119   Thumb Code     0  arm_startup_nrf51.o(.text)
    RTC0_IRQHandler                          0x0001b119   Thumb Code     0  arm_startup_nrf51.o(.text)
    SPI0_TWI0_IRQHandler                     0x0001b119   Thumb Code     0  arm_startup_nrf51.o(.text)
    SPI1_TWI1_IRQHandler                     0x0001b119   Thumb Code     0  arm_startup_nrf51.o(.text)
    SWI1_IRQHandler                          0x0001b119   Thumb Code     0  arm_startup_nrf51.o(.text)
    SWI3_IRQHandler                          0x0001b119   Thumb Code     0  arm_startup_nrf51.o(.text)
    SWI4_IRQHandler                          0x0001b119   Thumb Code     0  arm_startup_nrf51.o(.text)
    SWI5_IRQHandler                          0x0001b119   Thumb Code     0  arm_startup_nrf51.o(.text)
    TEMP_IRQHandler                          0x0001b119   Thumb Code     0  arm_startup_nrf51.o(.text)
    TIMER0_IRQHandler                        0x0001b119   Thumb Code     0  arm_startup_nrf51.o(.text)
    TIMER1_IRQHandler                        0x0001b119   Thumb Code     0  arm_startup_nrf51.o(.text)
    TIMER2_IRQHandler                        0x0001b119   Thumb Code     0  arm_startup_nrf51.o(.text)
    WDT_IRQHandler                           0x0001b119   Thumb Code     0  arm_startup_nrf51.o(.text)
    __aeabi_uidiv                            0x0001b12d   Thumb Code     0  uidiv.o(.text)
    __aeabi_uidivmod                         0x0001b12d   Thumb Code    44  uidiv.o(.text)
    __aeabi_idiv                             0x0001b159   Thumb Code     0  idiv.o(.text)
    __aeabi_idivmod                          0x0001b159   Thumb Code    40  idiv.o(.text)
    ___aeabi_memcpy8$move                    0x0001b181   Thumb Code     0  memmovea.o(.text)
    __aeabi_memcpy                           0x0001b181   Thumb Code    64  memmovea.o(.text)
    __aeabi_memcpy4                          0x0001b181   Thumb Code     0  memmovea.o(.text)
    __aeabi_memmove                          0x0001b181   Thumb Code     0  memmovea.o(.text)
    __aeabi_memmove4                         0x0001b181   Thumb Code     0  memmovea.o(.text)
    __aeabi_memmove8                         0x0001b181   Thumb Code     0  memmovea.o(.text)
    __aeabi_memset                           0x0001b1c1   Thumb Code    14  memseta.o(.text)
    __aeabi_memset4                          0x0001b1c1   Thumb Code     0  memseta.o(.text)
    __aeabi_memset8                          0x0001b1c1   Thumb Code     0  memseta.o(.text)
    __aeabi_memclr                           0x0001b1cf   Thumb Code     4  memseta.o(.text)
    __aeabi_memclr4                          0x0001b1cf   Thumb Code     0  memseta.o(.text)
    __aeabi_memclr8                          0x0001b1cf   Thumb Code     0  memseta.o(.text)
    _memset$wrapper                          0x0001b1d3   Thumb Code    18  memseta.o(.text)
    strlen                                   0x0001b1e5   Thumb Code    14  strlen.o(.text)
    memcmp                                   0x0001b1f3   Thumb Code    26  memcmp.o(.text)
    __scatterload                            0x0001b20d   Thumb Code    28  init.o(.text)
    __scatterload_rt2                        0x0001b20d   Thumb Code     0  init.o(.text)
    __decompress                             0x0001b231   Thumb Code     0  __dczerorl.o(.text)
    __decompress0                            0x0001b231   Thumb Code    58  __dczerorl.o(.text)
    GPIOTE_IRQHandler                        0x0001b26d   Thumb Code   312  nrf_drv_gpiote.o(i.GPIOTE_IRQHandler)
    RTC1_IRQHandler                          0x0001b405   Thumb Code    28  app_timer.o(i.RTC1_IRQHandler)
    SWI0_IRQHandler                          0x0001b425   Thumb Code     8  app_timer.o(i.SWI0_IRQHandler)
    SWI2_IRQHandler                          0x0001b42d   Thumb Code    28  softdevice_handler.o(i.SWI2_IRQHandler)
    SystemInit                               0x0001b44d   Thumb Code   130  system_nrf51.o(i.SystemInit)
    UART0_IRQHandler                         0x0001b4ed   Thumb Code     8  nrf_drv_uart.o(i.UART0_IRQHandler)
    __ARM_common_switch8                     0x0001b4f5   Thumb Code    26  bsp.o(i.__ARM_common_switch8)
    __scatterload_copy                       0x0001b50f   Thumb Code    14  handlers.o(i.__scatterload_copy)
    __scatterload_null                       0x0001b51d   Thumb Code     2  handlers.o(i.__scatterload_null)
    __scatterload_zeroinit                   0x0001b51f   Thumb Code    14  handlers.o(i.__scatterload_zeroinit)
    adv_data_encode                          0x0001b52d   Thumb Code   534  ble_advdata.o(i.adv_data_encode)
    app_beacon_init                          0x0001b7f5   Thumb Code    76  advertiser_beacon.o(i.app_beacon_init)
    app_beacon_on_sys_evt                    0x0001b845   Thumb Code     2  advertiser_beacon.o(i.app_beacon_on_sys_evt)
    app_beacon_start                         0x0001b849   Thumb Code    56  advertiser_beacon.o(i.app_beacon_start)
    app_beacon_stop                          0x0001b885   Thumb Code    18  advertiser_beacon.o(i.app_beacon_stop)
    app_button_enable                        0x0001b89d   Thumb Code    32  app_button.o(i.app_button_enable)
    app_button_init                          0x0001b8c1   Thumb Code   100  app_button.o(i.app_button_init)
    app_error_fault_handler                  0x0001b935   Thumb Code    18  app_error_weak.o(i.app_error_fault_handler)
    app_error_handler_bare                   0x0001b951   Thumb Code    20  app_error.o(i.app_error_handler_bare)
    app_timer_create                         0x0001b9c1   Thumb Code    40  app_timer.o(i.app_timer_create)
    app_timer_init                           0x0001b9ed   Thumb Code   126  app_timer.o(i.app_timer_init)
    app_timer_start                          0x0001ba7d   Thumb Code   114  app_timer.o(i.app_timer_start)
    app_timer_stop                           0x0001baf9   Thumb Code    78  app_timer.o(i.app_timer_stop)
    ble_advdata_set                          0x0001be21   Thumb Code   104  ble_advdata.o(i.ble_advdata_set)
    ble_advertising_init                     0x0001be89   Thumb Code   284  ble_advertising.o(i.ble_advertising_init)
    ble_advertising_on_ble_evt               0x0001bfad   Thumb Code   118  ble_advertising.o(i.ble_advertising_on_ble_evt)
    ble_advertising_on_sys_evt               0x0001c029   Thumb Code    42  ble_advertising.o(i.ble_advertising_on_sys_evt)
    ble_advertising_restart_without_whitelist 0x0001c069   Thumb Code    78  ble_advertising.o(i.ble_advertising_restart_without_whitelist)
    ble_advertising_start                    0x0001c0c1   Thumb Code   482  ble_advertising.o(i.ble_advertising_start)
    ble_bas_battery_level_update             0x0001c2ad   Thumb Code   112  ble_bas.o(i.ble_bas_battery_level_update)
    ble_bas_init                             0x0001c321   Thumb Code    66  ble_bas.o(i.ble_bas_init)
    ble_bas_on_ble_evt                       0x0001c369   Thumb Code    94  ble_bas.o(i.ble_bas_on_ble_evt)
    ble_conn_params_init                     0x0001c3c9   Thumb Code    68  ble_conn_params.o(i.ble_conn_params_init)
    ble_conn_params_on_ble_evt               0x0001c41d   Thumb Code   132  ble_conn_params.o(i.ble_conn_params_on_ble_evt)
    ble_device_status_init                   0x0001c50d   Thumb Code   122  ble_dev_status.o(i.ble_device_status_init)
    ble_dis_init                             0x0001c591   Thumb Code   308  ble_dis.o(i.ble_dis_init)
    ble_hrs_heart_rate_measurement_send      0x0001c75d   Thumb Code    82  ble_hrs.o(i.ble_hrs_heart_rate_measurement_send)
    ble_hrs_init                             0x0001c7b5   Thumb Code    86  ble_hrs.o(i.ble_hrs_init)
    ble_hrs_on_ble_evt                       0x0001c811   Thumb Code    80  ble_hrs.o(i.ble_hrs_on_ble_evt)
    ble_hrs_rr_interval_add                  0x0001c861   Thumb Code    46  ble_hrs.o(i.ble_hrs_rr_interval_add)
    ble_hrs_sensor_contact_detected_update   0x0001c88f   Thumb Code     6  ble_hrs.o(i.ble_hrs_sensor_contact_detected_update)
    ble_slope_on_ble_evt                     0x0001c895   Thumb Code    18  ble_dev_status.o(i.ble_slope_on_ble_evt)
    ble_slope_update                         0x0001c8ad   Thumb Code    44  ble_dev_status.o(i.ble_slope_update)
    ble_srv_ascii_to_utf8                    0x0001c8dd   Thumb Code    18  ble_srv_common.o(i.ble_srv_ascii_to_utf8)
    ble_srv_report_ref_encode                0x0001c8ef   Thumb Code    12  ble_srv_common.o(i.ble_srv_report_ref_encode)
    bond_data_load                           0x0001ca05   Thumb Code    58  device_manager_peripheral.o(i.bond_data_load)
    bsp_btn_ble_init                         0x0001ca4d   Thumb Code    80  bsp_btn_ble.o(i.bsp_btn_ble_init)
    bsp_btn_ble_on_ble_evt                   0x0001caa1   Thumb Code   114  bsp_btn_ble.o(i.bsp_btn_ble_on_ble_evt)
    bsp_btn_ble_sleep_mode_prepare           0x0001cb19   Thumb Code    20  bsp_btn_ble.o(i.bsp_btn_ble_sleep_mode_prepare)
    bsp_button_is_pressed                    0x0001cbcd   Thumb Code    34  bsp.o(i.bsp_button_is_pressed)
    bsp_event_to_button_action_assign        0x0001cc31   Thumb Code    66  bsp.o(i.bsp_event_to_button_action_assign)
    bsp_indication_set                       0x0001cc79   Thumb Code    22  bsp.o(i.bsp_indication_set)
    bsp_init                                 0x0001cc95   Thumb Code   134  bsp.o(i.bsp_init)
    bsp_wakeup_buttons_set                   0x0001cf2d   Thumb Code    50  bsp.o(i.bsp_wakeup_buttons_set)
    dm_ble_evt_handler                       0x0001d779   Thumb Code   946  device_manager_peripheral.o(i.dm_ble_evt_handler)
    dm_handle_initialize                     0x0001db41   Thumb Code    22  device_manager_peripheral.o(i.dm_handle_initialize)
    dm_init                                  0x0001db5d   Thumb Code   174  device_manager_peripheral.o(i.dm_init)
    dm_register                              0x0001dd85   Thumb Code   104  device_manager_peripheral.o(i.dm_register)
    fs_queued_op_count_get                   0x0001df3d   Thumb Code    18  fstorage.o(i.fs_queued_op_count_get)
    intern_softdevice_events_execute         0x0001e441   Thumb Code   116  softdevice_handler.o(i.intern_softdevice_events_execute)
    main                                     0x0001e769   Thumb Code   176  main.o(i.main)
    nrf_drv_common_irq_enable                0x0001e959   Thumb Code    78  nrf_drv_common.o(i.nrf_drv_common_irq_enable)
    nrf_drv_gpiote_in_event_enable           0x0001e9b9   Thumb Code   138  nrf_drv_gpiote.o(i.nrf_drv_gpiote_in_event_enable)
    nrf_drv_gpiote_in_init                   0x0001ea59   Thumb Code   146  nrf_drv_gpiote.o(i.nrf_drv_gpiote_in_init)
    nrf_drv_gpiote_in_is_set                 0x0001eafd   Thumb Code    16  nrf_drv_gpiote.o(i.nrf_drv_gpiote_in_is_set)
    nrf_drv_gpiote_init                      0x0001eb11   Thumb Code    76  nrf_drv_gpiote.o(i.nrf_drv_gpiote_init)
    nrf_drv_gpiote_is_init                   0x0001eb65   Thumb Code    12  nrf_drv_gpiote.o(i.nrf_drv_gpiote_is_init)
    pstorage_access_status_get               0x0001ed69   Thumb Code    30  pstorage.o(i.pstorage_access_status_get)
    pstorage_block_identifier_get            0x0001ed91   Thumb Code    74  pstorage.o(i.pstorage_block_identifier_get)
    pstorage_clear                           0x0001ede5   Thumb Code   156  pstorage.o(i.pstorage_clear)
    pstorage_init                            0x0001eeb9   Thumb Code    68  pstorage.o(i.pstorage_init)
    pstorage_load                            0x0001ef05   Thumb Code   158  pstorage.o(i.pstorage_load)
    pstorage_register                        0x0001efad   Thumb Code   180  pstorage.o(i.pstorage_register)
    pstorage_store                           0x0001f069   Thumb Code   134  pstorage.o(i.pstorage_store)
    pstorage_sys_event_handler               0x0001f0f9   Thumb Code    72  pstorage.o(i.pstorage_sys_event_handler)
    pstorage_update                          0x0001f145   Thumb Code   134  pstorage.o(i.pstorage_update)
    sd_check_ram_start                       0x0001f295   Thumb Code    10  softdevice_handler.o(i.sd_check_ram_start)
    sensorsim_decrement                      0x0001f3a9   Thumb Code    28  sensorsim.o(i.sensorsim_decrement)
    sensorsim_increment                      0x0001f3c5   Thumb Code    28  sensorsim.o(i.sensorsim_increment)
    sensorsim_init                           0x0001f3e1   Thumb Code    24  sensorsim.o(i.sensorsim_init)
    sensorsim_measure                        0x0001f3f9   Thumb Code    26  sensorsim.o(i.sensorsim_measure)
    softdevice_ble_evt_handler_set           0x0001f729   Thumb Code    16  softdevice_handler.o(i.softdevice_ble_evt_handler_set)
    softdevice_enable                        0x0001f73d   Thumb Code    14  softdevice_handler.o(i.softdevice_enable)
    softdevice_enable_get_default_config     0x0001f751   Thumb Code    42  softdevice_handler.o(i.softdevice_enable_get_default_config)
    softdevice_fault_handler                 0x0001f77b   Thumb Code     8  softdevice_handler.o(i.softdevice_fault_handler)
    softdevice_handler_init                  0x0001f785   Thumb Code    42  softdevice_handler.o(i.softdevice_handler_init)
    softdevice_sys_evt_handler_set           0x0001f7b9   Thumb Code    16  softdevice_handler.o(i.softdevice_sys_evt_handler_set)
    m_service_context_store                  0x0001ffb4   Data          16  device_manager_peripheral.o(.constdata)
    m_service_context_load                   0x0001ffc4   Data          16  device_manager_peripheral.o(.constdata)
    m_service_context_apply                  0x0001ffd4   Data          16  device_manager_peripheral.o(.constdata)
    Region$$Table$$Base                      0x00020024   Number         0  anon$$obj.o(Region$$Table)
    Region$$Table$$Limit                     0x00020044   Number         0  anon$$obj.o(Region$$Table)
    Image$$RW_IRAM1$$Base                    0x20002080   Number         0  anon$$obj.o ABSOLUTE
    nrf_nvic_state                           0x200021ec   Data           8  softdevice_handler.o(.data)
    SystemCoreClock                          0x200021f4   Data           4  system_nrf51.o(.data)
    __initial_sp                             0x20003220   Data           0  arm_startup_nrf51.o(STACK)



==============================================================================

Memory Map of the image

  Image Entry point : 0x0001b0c1

  Load Region LR_IROM1 (Base: 0x0001b000, Size: 0x000051bc, Max: 0x00025000, ABSOLUTE, COMPRESSED[0x00005078])

    Execution Region ER_IROM1 (Base: 0x0001b000, Size: 0x00005044, Max: 0x00025000, ABSOLUTE)

    Base Addr    Size         Type   Attr      Idx    E Section Name        Object

    0x0001b000   0x000000c0   Data   RO         3057    RESET               arm_startup_nrf51.o
    0x0001b0c0   0x00000000   Code   RO         3099  * .ARM.Collect$$$$00000000  mc_p.l(entry.o)
    0x0001b0c0   0x00000004   Code   RO         3150    .ARM.Collect$$$$00000001  mc_p.l(entry2.o)
    0x0001b0c4   0x00000004   Code   RO         3153    .ARM.Collect$$$$00000004  mc_p.l(entry5.o)
    0x0001b0c8   0x00000000   Code   RO         3155    .ARM.Collect$$$$00000008  mc_p.l(entry7b.o)
    0x0001b0c8   0x00000000   Code   RO         3157    .ARM.Collect$$$$0000000A  mc_p.l(entry8b.o)
    0x0001b0c8   0x00000008   Code   RO         3158    .ARM.Collect$$$$0000000B  mc_p.l(entry9a.o)
    0x0001b0d0   0x00000000   Code   RO         3160    .ARM.Collect$$$$0000000D  mc_p.l(entry10a.o)
    0x0001b0d0   0x00000000   Code   RO         3162    .ARM.Collect$$$$0000000F  mc_p.l(entry11a.o)
    0x0001b0d0   0x00000004   Code   RO         3151    .ARM.Collect$$$$00002712  mc_p.l(entry2.o)
    0x0001b0d4   0x0000001e   Code   RO         2345    .emb_text           app_timer.o
    0x0001b0f2   0x00000002   PAD
    0x0001b0f4   0x00000038   Code   RO         3058    .text               arm_startup_nrf51.o
    0x0001b12c   0x0000002c   Code   RO         3102    .text               mc_p.l(uidiv.o)
    0x0001b158   0x00000028   Code   RO         3104    .text               mc_p.l(idiv.o)
    0x0001b180   0x00000040   Code   RO         3108    .text               mc_p.l(memmovea.o)
    0x0001b1c0   0x00000024   Code   RO         3110    .text               mc_p.l(memseta.o)
    0x0001b1e4   0x0000000e   Code   RO         3112    .text               mc_p.l(strlen.o)
    0x0001b1f2   0x0000001a   Code   RO         3114    .text               mc_p.l(memcmp.o)
    0x0001b20c   0x00000024   Code   RO         3177    .text               mc_p.l(init.o)
    0x0001b230   0x0000003a   Code   RO         3197    .text               mc_p.l(__dczerorl.o)
    0x0001b26a   0x00000002   PAD
    0x0001b26c   0x00000154   Code   RO         1562    i.GPIOTE_IRQHandler  nrf_drv_gpiote.o
    0x0001b3c0   0x00000044   Code   RO         2346    i.NVIC_SetPriority  app_timer.o
    0x0001b404   0x00000020   Code   RO         2347    i.RTC1_IRQHandler   app_timer.o
    0x0001b424   0x00000008   Code   RO         2348    i.SWI0_IRQHandler   app_timer.o
    0x0001b42c   0x00000020   Code   RO         2953    i.SWI2_IRQHandler   softdevice_handler.o
    0x0001b44c   0x000000a0   Code   RO         3065    i.SystemInit        system_nrf51.o
    0x0001b4ec   0x00000008   Code   RO         1752    i.UART0_IRQHandler  nrf_drv_uart.o
    0x0001b4f4   0x0000001a   Code   RO          542    i.__ARM_common_switch8  bsp.o
    0x0001b50e   0x0000000e   Code   RO         3191    i.__scatterload_copy  mc_p.l(handlers.o)
    0x0001b51c   0x00000002   Code   RO         3192    i.__scatterload_null  mc_p.l(handlers.o)
    0x0001b51e   0x0000000e   Code   RO         3193    i.__scatterload_zeroinit  mc_p.l(handlers.o)
    0x0001b52c   0x00000216   Code   RO          611    i.adv_data_encode   ble_advdata.o
    0x0001b742   0x0000003c   Code   RO          569    i.advertising_buttons_configure  bsp_btn_ble.o
    0x0001b77e   0x00000002   PAD
    0x0001b780   0x0000005c   Code   RO          156    i.advertising_init  main.o
    0x0001b7dc   0x00000018   Code   RO          448    i.alert_timer_handler  bsp.o
    0x0001b7f4   0x00000050   Code   RO            3    i.app_beacon_init   advertiser_beacon.o
    0x0001b844   0x00000002   Code   RO            4    i.app_beacon_on_sys_evt  advertiser_beacon.o
    0x0001b846   0x00000002   PAD
    0x0001b848   0x0000003c   Code   RO            5    i.app_beacon_start  advertiser_beacon.o
    0x0001b884   0x00000018   Code   RO            6    i.app_beacon_stop   advertiser_beacon.o
    0x0001b89c   0x00000024   Code   RO         2163    i.app_button_enable  app_button.o
    0x0001b8c0   0x00000074   Code   RO         2164    i.app_button_init   app_button.o
    0x0001b934   0x0000001c   Code   RO         2256    i.app_error_fault_handler  app_error_weak.o
    0x0001b950   0x00000018   Code   RO         2221    i.app_error_handler_bare  app_error.o
    0x0001b968   0x0000000c   Code   RO         1057    i.app_evt_notify    device_manager_peripheral.o
    0x0001b974   0x0000002c   Code   RO         1920    i.app_notify        pstorage.o
    0x0001b9a0   0x00000020   Code   RO         1921    i.app_notify_error_state_transit  pstorage.o
    0x0001b9c0   0x0000002c   Code   RO         2351    i.app_timer_create  app_timer.o
    0x0001b9ec   0x00000090   Code   RO         2352    i.app_timer_init    app_timer.o
    0x0001ba7c   0x0000007c   Code   RO         2353    i.app_timer_start   app_timer.o
    0x0001baf8   0x00000054   Code   RO         2354    i.app_timer_stop    app_timer.o
    0x0001bb4c   0x0000005c   Code   RO          157    i.application_timers_start  main.o
    0x0001bba8   0x000000a8   Code   RO         1327    i.battery_char_add  ble_dev_status.o
    0x0001bc50   0x00000138   Code   RO          780    i.battery_level_char_add  ble_bas.o
    0x0001bd88   0x00000040   Code   RO          159    i.battery_level_meas_timeout_handler  main.o
    0x0001bdc8   0x00000050   Code   RO          160    i.beacon_adv_init   main.o
    0x0001be18   0x00000008   Code   RO          161    i.beacon_advertiser_error_handler  main.o
    0x0001be20   0x00000068   Code   RO          612    i.ble_advdata_set   ble_advdata.o
    0x0001be88   0x00000124   Code   RO          685    i.ble_advertising_init  ble_advertising.o
    0x0001bfac   0x0000007c   Code   RO          686    i.ble_advertising_on_ble_evt  ble_advertising.o
    0x0001c028   0x00000030   Code   RO          687    i.ble_advertising_on_sys_evt  ble_advertising.o
    0x0001c058   0x00000010   Code   RO          689    i.ble_advertising_peer_address_clear  ble_advertising.o
    0x0001c068   0x00000058   Code   RO          690    i.ble_advertising_restart_without_whitelist  ble_advertising.o
    0x0001c0c0   0x000001ec   Code   RO          691    i.ble_advertising_start  ble_advertising.o
    0x0001c2ac   0x00000074   Code   RO          781    i.ble_bas_battery_level_update  ble_bas.o
    0x0001c320   0x00000048   Code   RO          782    i.ble_bas_init      ble_bas.o
    0x0001c368   0x0000005e   Code   RO          783    i.ble_bas_on_ble_evt  ble_bas.o
    0x0001c3c6   0x00000002   PAD
    0x0001c3c8   0x00000054   Code   RO          824    i.ble_conn_params_init  ble_conn_params.o
    0x0001c41c   0x00000090   Code   RO          825    i.ble_conn_params_on_ble_evt  ble_conn_params.o
    0x0001c4ac   0x0000005e   Code   RO          613    i.ble_device_addr_encode  ble_advdata.o
    0x0001c50a   0x00000002   PAD
    0x0001c50c   0x00000084   Code   RO         1330    i.ble_device_status_init  ble_dev_status.o
    0x0001c590   0x00000140   Code   RO          891    i.ble_dis_init      ble_dis.o
    0x0001c6d0   0x0000008c   Code   RO          162    i.ble_evt_dispatch  main.o
    0x0001c75c   0x00000058   Code   RO          935    i.ble_hrs_heart_rate_measurement_send  ble_hrs.o
    0x0001c7b4   0x0000005c   Code   RO          936    i.ble_hrs_init      ble_hrs.o
    0x0001c810   0x00000050   Code   RO          937    i.ble_hrs_on_ble_evt  ble_hrs.o
    0x0001c860   0x0000002e   Code   RO          938    i.ble_hrs_rr_interval_add  ble_hrs.o
    0x0001c88e   0x00000006   Code   RO          940    i.ble_hrs_sensor_contact_detected_update  ble_hrs.o
    0x0001c894   0x00000018   Code   RO         1332    i.ble_slope_on_ble_evt  ble_dev_status.o
    0x0001c8ac   0x00000030   Code   RO         1333    i.ble_slope_update  ble_dev_status.o
    0x0001c8dc   0x00000012   Code   RO         1014    i.ble_srv_ascii_to_utf8  ble_srv_common.o
    0x0001c8ee   0x0000000c   Code   RO         1015    i.ble_srv_report_ref_encode  ble_srv_common.o
    0x0001c8fa   0x00000002   PAD
    0x0001c8fc   0x00000080   Code   RO          163    i.ble_stack_init    main.o
    0x0001c97c   0x00000088   Code   RO          942    i.body_sensor_location_char_add  ble_hrs.o
    0x0001ca04   0x00000048   Code   RO         1058    i.bond_data_load    device_manager_peripheral.o
    0x0001ca4c   0x00000054   Code   RO          570    i.bsp_btn_ble_init  bsp_btn_ble.o
    0x0001caa0   0x00000078   Code   RO          571    i.bsp_btn_ble_on_ble_evt  bsp_btn_ble.o
    0x0001cb18   0x00000014   Code   RO          572    i.bsp_btn_ble_sleep_mode_prepare  bsp_btn_ble.o
    0x0001cb2c   0x000000a0   Code   RO          449    i.bsp_button_event_handler  bsp.o
    0x0001cbcc   0x0000002c   Code   RO          450    i.bsp_button_is_pressed  bsp.o
    0x0001cbf8   0x00000038   Code   RO          164    i.bsp_event_handler  main.o
    0x0001cc30   0x00000048   Code   RO          454    i.bsp_event_to_button_action_assign  bsp.o
    0x0001cc78   0x0000001c   Code   RO          455    i.bsp_indication_set  bsp.o
    0x0001cc94   0x000000a0   Code   RO          457    i.bsp_init          bsp.o
    0x0001cd34   0x000001f8   Code   RO          458    i.bsp_led_indication  bsp.o
    0x0001cf2c   0x0000003c   Code   RO          459    i.bsp_wakeup_buttons_set  bsp.o
    0x0001cf68   0x0000000c   Code   RO          460    i.button_timer_handler  bsp.o
    0x0001cf74   0x0000001c   Code   RO         1563    i.channel_free      nrf_drv_gpiote.o
    0x0001cf90   0x00000048   Code   RO         1564    i.channel_port_alloc  nrf_drv_gpiote.o
    0x0001cfd8   0x00000010   Code   RO         1565    i.channel_port_get  nrf_drv_gpiote.o
    0x0001cfe8   0x00000098   Code   RO          892    i.char_add          ble_dis.o
    0x0001d080   0x00000104   Code   RO         1922    i.clear_operation_execute  pstorage.o
    0x0001d184   0x00000024   Code   RO         1923    i.clear_post_processing_run  pstorage.o
    0x0001d1a8   0x00000038   Code   RO         1924    i.cmd_process       pstorage.o
    0x0001d1e0   0x00000020   Code   RO         1925    i.cmd_queue_element_init  pstorage.o
    0x0001d200   0x0000004c   Code   RO         1926    i.cmd_queue_enqueue  pstorage.o
    0x0001d24c   0x0000003c   Code   RO         1927    i.command_end_procedure_run  pstorage.o
    0x0001d288   0x000000a8   Code   RO         2356    i.compare_reg_update  app_timer.o
    0x0001d330   0x00000088   Code   RO          614    i.conn_int_encode   ble_advdata.o
    0x0001d3b8   0x00000008   Code   RO          165    i.conn_params_error_handler  main.o
    0x0001d3c0   0x00000068   Code   RO          827    i.conn_params_negotiation  ble_conn_params.o
    0x0001d428   0x00000030   Code   RO         1059    i.connection_instance_find  device_manager_peripheral.o
    0x0001d458   0x00000024   Code   RO         1060    i.connection_instance_init  device_manager_peripheral.o
    0x0001d47c   0x00000054   Code   RO         1928    i.data_page_erase_state_run  pstorage.o
    0x0001d4d0   0x00000028   Code   RO         1929    i.data_to_swap_write_state_run  pstorage.o
    0x0001d4f8   0x00000060   Code   RO         2166    i.detection_delay_timeout_handler  app_button.o
    0x0001d558   0x00000030   Code   RO          166    i.dev_status_write_handler  main.o
    0x0001d588   0x000000b0   Code   RO         1061    i.device_context_store  device_manager_peripheral.o
    0x0001d638   0x00000054   Code   RO         1062    i.device_instance_allocate  device_manager_peripheral.o
    0x0001d68c   0x00000048   Code   RO         1063    i.device_instance_find  device_manager_peripheral.o
    0x0001d6d4   0x0000002c   Code   RO         1064    i.device_instance_free  device_manager_peripheral.o
    0x0001d700   0x0000000e   Code   RO          167    i.device_manager_evt_handler  main.o
    0x0001d70e   0x00000002   PAD
    0x0001d710   0x00000068   Code   RO          168    i.device_manager_init  main.o
    0x0001d778   0x000003c8   Code   RO         1069    i.dm_ble_evt_handler  device_manager_peripheral.o
    0x0001db40   0x0000001c   Code   RO         1075    i.dm_handle_initialize  device_manager_peripheral.o
    0x0001db5c   0x000000c4   Code   RO         1076    i.dm_init           device_manager_peripheral.o
    0x0001dc20   0x00000164   Code   RO         1079    i.dm_pstorage_cb_handler  device_manager_peripheral.o
    0x0001dd84   0x00000074   Code   RO         1080    i.dm_register       device_manager_peripheral.o
    0x0001ddf8   0x00000040   Code   RO         2357    i.elapsed_ticks_acquire  app_timer.o
    0x0001de38   0x00000050   Code   RO            7    i.encode_adv_packet  advertiser_beacon.o
    0x0001de88   0x00000020   Code   RO         1930    i.flash_api_err_code_process  pstorage.o
    0x0001dea8   0x00000080   Code   RO         1931    i.flash_operation_success_run  pstorage.o
    0x0001df28   0x0000000a   Code   RO         1932    i.flash_page_erase  pstorage.o
    0x0001df32   0x0000000a   Code   RO         1933    i.flash_write       pstorage.o
    0x0001df3c   0x00000018   Code   RO         2547    i.fs_queued_op_count_get  fstorage.o
    0x0001df54   0x00000058   Code   RO          169    i.gap_params_init   main.o
    0x0001dfac   0x00000004   Code   RO         1087    i.gattc_context_apply  device_manager_peripheral.o
    0x0001dfb0   0x00000004   Code   RO         1088    i.gattc_context_load  device_manager_peripheral.o
    0x0001dfb4   0x00000004   Code   RO         1089    i.gattc_context_store  device_manager_peripheral.o
    0x0001dfb8   0x000000b0   Code   RO         1090    i.gatts_context_apply  device_manager_peripheral.o
    0x0001e068   0x00000030   Code   RO         1091    i.gatts_context_load  device_manager_peripheral.o
    0x0001e098   0x000000ac   Code   RO         1092    i.gatts_context_store  device_manager_peripheral.o
    0x0001e144   0x00000008   Code   RO         1093    i.gattsc_context_apply  device_manager_peripheral.o
    0x0001e14c   0x00000008   Code   RO         1094    i.gattsc_context_load  device_manager_peripheral.o
    0x0001e154   0x00000008   Code   RO         1095    i.gattsc_context_store  device_manager_peripheral.o
    0x0001e15c   0x00000050   Code   RO         2167    i.gpiote_event_handler  app_button.o
    0x0001e1ac   0x00000088   Code   RO         1334    i.hardware_rev_char_add  ble_dev_status.o
    0x0001e234   0x00000078   Code   RO         1934    i.head_restore_state_run  pstorage.o
    0x0001e2ac   0x0000005c   Code   RO          170    i.heart_rate_meas_timeout_handler  main.o
    0x0001e308   0x000000b0   Code   RO          943    i.heart_rate_measurement_char_add  ble_hrs.o
    0x0001e3b8   0x00000088   Code   RO          944    i.hrm_encode        ble_hrs.o
    0x0001e440   0x00000078   Code   RO         2954    i.intern_softdevice_events_execute  softdevice_handler.o
    0x0001e4b8   0x0000001c   Code   RO          828    i.is_conn_params_ok  ble_conn_params.o
    0x0001e4d4   0x00000048   Code   RO         3066    i.is_manual_peripheral_setup_needed  system_nrf51.o
    0x0001e51c   0x00000044   Code   RO         1935    i.is_page_erase_required  pstorage.o
    0x0001e560   0x0000000c   Code   RO         1936    i.is_word_aligned   pstorage.o
    0x0001e56c   0x00000054   Code   RO          615    i.le_role_encode    ble_advdata.o
    0x0001e5c0   0x00000018   Code   RO          461    i.leds_timer_handler  bsp.o
    0x0001e5d8   0x000000bc   Code   RO         2358    i.list_deletions_handler  app_timer.o
    0x0001e694   0x000000d4   Code   RO         2359    i.list_insertions_handler  app_timer.o
    0x0001e768   0x000000c4   Code   RO          171    i.main              main.o
    0x0001e82c   0x00000018   Code   RO         1937    i.main_state_err_busy_process  pstorage.o
    0x0001e844   0x00000068   Code   RO          616    i.manuf_specific_data_encode  ble_advdata.o
    0x0001e8ac   0x0000009e   Code   RO          617    i.name_encode       ble_advdata.o
    0x0001e94a   0x00000004   Code   RO         1096    i.no_service_context_apply  device_manager_peripheral.o
    0x0001e94e   0x00000004   Code   RO         1097    i.no_service_context_load  device_manager_peripheral.o
    0x0001e952   0x00000004   Code   RO         1098    i.no_service_context_store  device_manager_peripheral.o
    0x0001e956   0x00000002   PAD
    0x0001e958   0x00000060   Code   RO         1529    i.nrf_drv_common_irq_enable  nrf_drv_common.o
    0x0001e9b8   0x000000a0   Code   RO         1568    i.nrf_drv_gpiote_in_event_enable  nrf_drv_gpiote.o
    0x0001ea58   0x000000a4   Code   RO         1569    i.nrf_drv_gpiote_in_init  nrf_drv_gpiote.o
    0x0001eafc   0x00000014   Code   RO         1570    i.nrf_drv_gpiote_in_is_set  nrf_drv_gpiote.o
    0x0001eb10   0x00000054   Code   RO         1572    i.nrf_drv_gpiote_init  nrf_drv_gpiote.o
    0x0001eb64   0x00000010   Code   RO         1573    i.nrf_drv_gpiote_is_init  nrf_drv_gpiote.o
    0x0001eb74   0x00000024   Code   RO         1585    i.nrf_gpio_cfg      nrf_drv_gpiote.o
    0x0001eb98   0x00000020   Code   RO         1587    i.nrf_gpio_cfg_sense_set  nrf_drv_gpiote.o
    0x0001ebb8   0x00000014   Code   RO         1588    i.nrf_gpiote_event_is_set  nrf_drv_gpiote.o
    0x0001ebcc   0x0000000a   Code   RO         1769    i.nrf_uart_event_check  nrf_drv_uart.o
    0x0001ebd6   0x00000010   Code   RO         1770    i.nrf_uart_int_enable_check  nrf_drv_uart.o
    0x0001ebe6   0x00000020   Code   RO          172    i.on_adv_evt        main.o
    0x0001ec06   0x00000002   PAD
    0x0001ec08   0x00000020   Code   RO          173    i.on_conn_params_evt  main.o
    0x0001ec28   0x00000016   Code   RO          693    i.peer_address_exists  ble_advertising.o
    0x0001ec3e   0x00000002   PAD
    0x0001ec40   0x00000038   Code   RO         1099    i.peer_instance_init  device_manager_peripheral.o
    0x0001ec78   0x00000018   Code   RO         1589    i.pin_in_use_by_port  nrf_drv_gpiote.o
    0x0001ec90   0x00000018   Code   RO         1590    i.pin_in_use_by_te  nrf_drv_gpiote.o
    0x0001eca8   0x00000036   Code   RO          893    i.pnp_id_encode     ble_dis.o
    0x0001ecde   0x00000002   PAD
    0x0001ece0   0x00000088   Code   RO         1335    i.probing_errors_char_add  ble_dev_status.o
    0x0001ed68   0x00000028   Code   RO         1938    i.pstorage_access_status_get  pstorage.o
    0x0001ed90   0x00000054   Code   RO         1939    i.pstorage_block_identifier_get  pstorage.o
    0x0001ede4   0x000000a4   Code   RO         1940    i.pstorage_clear    pstorage.o
    0x0001ee88   0x00000024   Code   RO         1941    i.pstorage_flash_page_end  pstorage.o
    0x0001eeac   0x0000000a   Code   RO         1942    i.pstorage_flash_page_size  pstorage.o
    0x0001eeb6   0x00000002   PAD
    0x0001eeb8   0x0000004c   Code   RO         1943    i.pstorage_init     pstorage.o
    0x0001ef04   0x000000a8   Code   RO         1944    i.pstorage_load     pstorage.o
    0x0001efac   0x000000bc   Code   RO         1945    i.pstorage_register  pstorage.o
    0x0001f068   0x00000090   Code   RO         1946    i.pstorage_store    pstorage.o
    0x0001f0f8   0x0000004c   Code   RO         1947    i.pstorage_sys_event_handler  pstorage.o
    0x0001f144   0x00000090   Code   RO         1948    i.pstorage_update   pstorage.o
    0x0001f1d4   0x00000028   Code   RO          174    i.rr_interval_timeout_handler  main.o
    0x0001f1fc   0x00000044   Code   RO         2360    i.rtc1_stop         app_timer.o
    0x0001f240   0x00000038   Code   RO         1771    i.rx_byte           nrf_drv_uart.o
    0x0001f278   0x0000001c   Code   RO         1772    i.rx_done_event     nrf_drv_uart.o
    0x0001f294   0x00000010   Code   RO         2955    i.sd_check_ram_start  softdevice_handler.o
    0x0001f2a4   0x0000008c   Code   RO         2956    i.sd_nvic_EnableIRQ  softdevice_handler.o
    0x0001f330   0x0000001c   Code   RO          175    i.sensor_contact_detected_timeout_handler  main.o
    0x0001f34c   0x0000005c   Code   RO          176    i.sensor_simulator_init  main.o
    0x0001f3a8   0x0000001c   Code   RO         2772    i.sensorsim_decrement  sensorsim.o
    0x0001f3c4   0x0000001c   Code   RO         2773    i.sensorsim_increment  sensorsim.o
    0x0001f3e0   0x00000018   Code   RO         2774    i.sensorsim_init    sensorsim.o
    0x0001f3f8   0x0000001a   Code   RO         2775    i.sensorsim_measure  sensorsim.o
    0x0001f412   0x0000008e   Code   RO          618    i.service_data_encode  ble_advdata.o
    0x0001f4a0   0x00000104   Code   RO          177    i.services_init     main.o
    0x0001f5a4   0x00000028   Code   RO          178    i.sleep_mode_enter  main.o
    0x0001f5cc   0x0000008c   Code   RO         1336    i.slope_char_add    ble_dev_status.o
    0x0001f658   0x00000048   Code   RO         1949    i.sm_state_change   pstorage.o
    0x0001f6a0   0x00000088   Code   RO         1337    i.snow_profile_char_add  ble_dev_status.o
    0x0001f728   0x00000014   Code   RO         2957    i.softdevice_ble_evt_handler_set  softdevice_handler.o
    0x0001f73c   0x00000014   Code   RO         2958    i.softdevice_enable  softdevice_handler.o
    0x0001f750   0x0000002a   Code   RO         2959    i.softdevice_enable_get_default_config  softdevice_handler.o
    0x0001f77a   0x00000008   Code   RO         2960    i.softdevice_fault_handler  softdevice_handler.o
    0x0001f782   0x00000002   PAD
    0x0001f784   0x00000034   Code   RO         2961    i.softdevice_handler_init  softdevice_handler.o
    0x0001f7b8   0x00000014   Code   RO         2964    i.softdevice_sys_evt_handler_set  softdevice_handler.o
    0x0001f7cc   0x00000064   Code   RO         1950    i.state_data_erase_swap_entry_run  pstorage.o
    0x0001f830   0x00000010   Code   RO         1951    i.state_erase_data_page_entry_run  pstorage.o
    0x0001f840   0x00000028   Code   RO         1952    i.state_restore_head_entry_run  pstorage.o
    0x0001f868   0x0000004c   Code   RO         1953    i.state_restore_tail_entry_run  pstorage.o
    0x0001f8b4   0x00000020   Code   RO         1954    i.state_swap_erase_entry_run  pstorage.o
    0x0001f8d4   0x00000030   Code   RO         1955    i.state_write_data_swap_entry_run  pstorage.o
    0x0001f904   0x00000004   Code   RO         1100    i.storage_operation_dummy_handler  device_manager_peripheral.o
    0x0001f908   0x0000005c   Code   RO         1956    i.store_cmd_flash_write_execute  pstorage.o
    0x0001f964   0x0000001c   Code   RO         1957    i.swap_erase_state_run  pstorage.o
    0x0001f980   0x00000018   Code   RO         1958    i.swap_sub_state_err_busy_process  pstorage.o
    0x0001f998   0x00000014   Code   RO         1959    i.swap_sub_state_state_change  pstorage.o
    0x0001f9ac   0x00000016   Code   RO          179    i.sys_evt_dispatch  main.o
    0x0001f9c2   0x0000004e   Code   RO          894    i.sys_id_encode     ble_dis.o
    0x0001fa10   0x0000001c   Code   RO         1960    i.tail_restore_state_run  pstorage.o
    0x0001fa2c   0x00000084   Code   RO         2361    i.timer_list_handler  app_timer.o
    0x0001fab0   0x00000010   Code   RO         2362    i.timer_list_handler_sched  app_timer.o
    0x0001fac0   0x00000040   Code   RO         2363    i.timer_list_insert  app_timer.o
    0x0001fb00   0x00000080   Code   RO         2364    i.timer_timeouts_check  app_timer.o
    0x0001fb80   0x00000080   Code   RO          180    i.timers_init       main.o
    0x0001fc00   0x0000002c   Code   RO         1774    i.tx_byte           nrf_drv_uart.o
    0x0001fc2c   0x00000020   Code   RO         1775    i.tx_done_event     nrf_drv_uart.o
    0x0001fc4c   0x00000128   Code   RO         1776    i.uart_irq_handler  nrf_drv_uart.o
    0x0001fd74   0x0000000a   Code   RO          619    i.uint16_encode     ble_advdata.o
    0x0001fd7e   0x00000002   PAD
    0x0001fd80   0x00000014   Code   RO         1101    i.update_status_bit_reset  device_manager_peripheral.o
    0x0001fd94   0x00000064   Code   RO          829    i.update_timeout_handler  ble_conn_params.o
    0x0001fdf8   0x00000054   Code   RO         2365    i.user_id_get       app_timer.o
    0x0001fe4c   0x00000026   Code   RO         2366    i.user_op_alloc     app_timer.o
    0x0001fe72   0x00000030   Code   RO          620    i.uuid_list_encode  ble_advdata.o
    0x0001fea2   0x000000ae   Code   RO          621    i.uuid_list_sized_encode  ble_advdata.o
    0x0001ff50   0x00000010   Code   RO          694    i.whitelist_has_entries  ble_advertising.o
    0x0001ff60   0x00000014   Data   RO          186    .constdata          main.o
    0x0001ff74   0x0000003c   Data   RO          466    .constdata          bsp.o
    0x0001ffb0   0x00000004   Data   RO          832    .constdata          ble_conn_params.o
    0x0001ffb4   0x00000030   Data   RO         1103    .constdata          device_manager_peripheral.o
    0x0001ffe4   0x00000010   Data   RO         1338    .constdata          ble_dev_status.o
    0x0001fff4   0x00000028   Data   RO         1962    .constdata          pstorage.o
    0x0002001c   0x00000008   Data   RO         2169    .constdata          app_button.o
    0x00020024   0x00000020   Data   RO         3189    Region$$Table       anon$$obj.o


    Execution Region RW_IRAM1 (Base: 0x20002080, Size: 0x000011a0, Max: 0x00005f80, ABSOLUTE, COMPRESSED[0x00000034])

    Base Addr    Size         Type   Attr      Idx    E Section Name        Object

    0x20002080   0x00000044   Data   RW          187    .data               main.o
    0x200020c4   0x00000018   Data   RW          467    .data               bsp.o
    0x200020dc   0x00000008   Data   RW          573    .data               bsp_btn_ble.o
    0x200020e4   0x0000001f   Data   RW          696    .data               ble_advertising.o
    0x20002103   0x00000001   PAD
    0x20002104   0x00000014   Data   RW          833    .data               ble_conn_params.o
    0x20002118   0x0000004a   Data   RW          895    .data               ble_dis.o
    0x20002162   0x00000002   PAD
    0x20002164   0x00000018   Data   RW         1105    .data               device_manager_peripheral.o
    0x2000217c   0x00000001   Data   RW         1339    .data               ble_dev_status.o
    0x2000217d   0x00000003   PAD
    0x20002180   0x00000024   Data   RW         1963    .data               pstorage.o
    0x200021a4   0x00000014   Data   RW         2170    .data               app_button.o
    0x200021b8   0x00000020   Data   RW         2367    .data               app_timer.o
    0x200021d8   0x0000001c   Data   RW         2965    .data               softdevice_handler.o
    0x200021f4   0x00000004   Data   RW         3067    .data               system_nrf51.o
    0x200021f8   0x0000003c   Zero   RW            8    .bss                advertiser_beacon.o
    0x20002234   0x00000020   Zero   RW          181    .bss                main.o
    0x20002254   0x00000020   Zero   RW          182    .bss                main.o
    0x20002274   0x00000020   Zero   RW          183    .bss                main.o
    0x20002294   0x00000020   Zero   RW          184    .bss                main.o
    0x200022b4   0x000002e4   Zero   RW          185    .bss                main.o
    0x20002598   0x00000020   Zero   RW          462    .bss                bsp.o
    0x200025b8   0x00000020   Zero   RW          463    .bss                bsp.o
    0x200025d8   0x0000000c   Zero   RW          464    .bss                bsp.o
    0x200025e4   0x00000020   Zero   RW          465    .bss                bsp.o
    0x20002604   0x00000103   Zero   RW          695    .bss                ble_advertising.o
    0x20002707   0x00000001   PAD
    0x20002708   0x00000020   Zero   RW          830    .bss                ble_conn_params.o
    0x20002728   0x0000001c   Zero   RW          831    .bss                ble_conn_params.o
    0x20002744   0x00000127   Zero   RW         1102    .bss                device_manager_peripheral.o
    0x2000286b   0x00000001   PAD
    0x2000286c   0x00000048   Zero   RW         1591    .bss                nrf_drv_gpiote.o
    0x200028b4   0x0000001c   Zero   RW         1777    .bss                nrf_drv_uart.o
    0x200028d0   0x000000d8   Zero   RW         1961    .bss                pstorage.o
    0x200029a8   0x00000020   Zero   RW         2168    .bss                app_button.o
    0x200029c8   0x00000058   Zero   RW         2556    .bss                fstorage.o
    0x20002a20   0x00000800   Zero   RW         3055    STACK               arm_startup_nrf51.o


==============================================================================

Image component sizes


      Code (inc. data)   RO Data    RW Data    ZI Data      Debug   Object Name

       246         18          0          0         60      69847   advertiser_beacon.o
       328         34          8         20         32       8578   app_button.o
        24          4          0          0          0       2141   app_error.o
        28         10          0          0          0       7054   app_error_weak.o
      1696        150          0         32          0      29675   app_timer.o
        56         18        192          0       2048        684   arm_startup_nrf51.o
      1588          6          0          0          0      16376   ble_advdata.o
      1098         44          0         31        259      16701   ble_advertising.o
       594         20          0          0          0      12699   ble_bas.o
       460         58          4         20         60       6300   ble_conn_params.o
       920         52         16          1          0       8843   ble_dev_status.o
       604         16          0         74          0       6367   ble_dis.o
       760         22          0          0          0       9989   ble_hrs.o
        30          0          0          0          0       1996   ble_srv_common.o
      1114        118         60         24        108      21749   bsp.o
       284         10          0          8          0       4933   bsp_btn_ble.o
      2732        198         48         24        295      31049   device_manager_peripheral.o
        24          6          0          0         88       3596   fstorage.o
      1884        234         20         68        868      87211   main.o
        96         18          0          0          0       8500   nrf_drv_common.o
      1036        126          0          0         72      21688   nrf_drv_gpiote.o
       490         58          0          0         28      13653   nrf_drv_uart.o
      2830        262         40         36        216      37162   pstorage.o
       106          0          0          0          0       3615   sensorsim.o
       470         62          0         28          0      23013   softdevice_handler.o
       232         36          0          4          0       2235   system_nrf51.o

    ----------------------------------------------------------------------
     19758       1580        420        376       4136     455654   Object Totals
         0          0         32          0          0          0   (incl. Generated)
        28          0          0          6          2          0   (incl. Padding)

    ----------------------------------------------------------------------

      Code (inc. data)   RO Data    RW Data    ZI Data      Debug   Library Member Name

        58          0          0          0          0          0   __dczerorl.o
         0          0          0          0          0          0   entry.o
         0          0          0          0          0          0   entry10a.o
         0          0          0          0          0          0   entry11a.o
         8          4          0          0          0          0   entry2.o
         4          0          0          0          0          0   entry5.o
         0          0          0          0          0          0   entry7b.o
         0          0          0          0          0          0   entry8b.o
         8          4          0          0          0          0   entry9a.o
        30          0          0          0          0          0   handlers.o
        40          0          0          0          0         72   idiv.o
        36          8          0          0          0         68   init.o
        26          0          0          0          0         72   memcmp.o
        64          0          0          0          0         68   memmovea.o
        36          0          0          0          0        100   memseta.o
        14          0          0          0          0         60   strlen.o
        44          0          0          0          0         72   uidiv.o

    ----------------------------------------------------------------------
       370         16          0          0          0        512   Library Totals
         2          0          0          0          0          0   (incl. Padding)

    ----------------------------------------------------------------------

      Code (inc. data)   RO Data    RW Data    ZI Data      Debug   Library Name

       368         16          0          0          0        512   mc_p.l

    ----------------------------------------------------------------------
       370         16          0          0          0        512   Library Totals

    ----------------------------------------------------------------------

==============================================================================


      Code (inc. data)   RO Data    RW Data    ZI Data      Debug   

     20128       1596        420        376       4136     446350   Grand Totals
     20128       1596        420         52       4136     446350   ELF Image Totals (compressed)
     20128       1596        420         52          0          0   ROM Totals

==============================================================================

    Total RO  Size (Code + RO Data)                20548 (  20.07kB)
    Total RW  Size (RW Data + ZI Data)              4512 (   4.41kB)
    Total ROM Size (Code + RO Data + RW Data)      20600 (  20.12kB)

==============================================================================

